2025-08-01 13:12:10.697 | INFO     | rpacapture:get_release_messages:48 - 剩余未执行指令数量：
2025-08-01 13:12:10.697 | INFO     | rpacapture:get_release_messages:51 - 获取的指令：{"msgId":"1c4215ff-c5f7-491b-a25d-98f0f510366c","msgType":4,"timestamp":1754022420030,"workOrderNos":["AL2507300027","AL2507300038"]}
2025-08-01 13:12:12.600 | INFO     | __main__:rpapage:105 - 进入目标网址(有头模式)https://xb-node.amazon.cn/
2025-08-01 13:12:14.391 | INFO     | __main__:rpapage:109 - 第一次cookie状态检测
2025-08-01 13:12:14.393 | INFO     | __main__:rpapage:114 - {'csm-hit': 'tb:s-JGHXAG28F2A4BE99J98K|1754025133412&t:1754025134378&adb:adblk_no', 'session-id-time': '2384745133l', 'session-id': '461-0843791-4515864'}
2025-08-01 13:12:14.393 | INFO     | __main__:rpapage:115 - 登录标识状态A
2025-08-01 13:12:14.393 | INFO     | __main__:rpapage:116 - None
2025-08-01 13:12:22.732 | INFO     | __main__:rpapage:125 - 第二次cookie状态检测
2025-08-01 13:12:22.733 | INFO     | __main__:rpapage:129 - {'csm-hit': 'tb:s-8XRNKDP1CJT8E1XZXY8Q|1754025140601&t:1754025140607&adb:adblk_no', 'lc-main': 'zh_CN', 'at-main': 'Atza|IwEBIFeEjHLO55GCPa-C6x1WtjiUL6CyILbiAqtwFGTEjBAI9oUfJuTkO8x6uX1oUwHNfy-PNCx-MHrN4G55QjFKErcdtl5P4J9eRG4yBI_5s6xsDkhGN8g7QKjbdAfcKx-fcjh-X7MXVDY-vDYLnd7AnjGTr4OFAFrwXKKw81y5KQh2JYe3eyyIkG6dd-POhMOBCvpc9qTScELTo4URV8yxOUJaJZsiGMbwo8lxjKRb3M9OKA', 'sess-at-main': '"zO9NIv9MpPLEfyLtxM0i4Z9ZN3S8/3HdavpEnmGQlx4="', 'x-main': '"pA4RzskZEn4DxvgPv5HlCg0?RJf0sttZyO8bhFV1U6xwUBjC5FONp4fM7Eg3M@6N"', 'session-token': '"zPLFA16k2DnkR2yYgeAvCPETOL4FCxRN249GjWgB9Cd3rfh/9Z4aWSE0LUfV1r/UGHv+zYRh0TmvaLRkFZZmy8PJt5G7mh2ftd78lld4hr8WP2WOqpbCitloS7YWDkvzqkOeihO9d6m7pdEp64zOXtv2el0U4UEu43w3YViAR1bQ8+uMujMvQLXdc/MDkOkNH+OkzkXMb5ltkbkMS9+npqC+mEMNk4eVNIxi1f3pudBnNdXITR8SblfPqGH95r/IuR8vrYKK5lwNZWitCFlaCyz2UfVMsTocm1h/XyAf24+N1FLshXaKGNJaW/VjyTX2NQPVdyEYPW3mHZykql1kODw0/WaGvvX58f4Nb3W0zcJeN+0fWe6A5A=="', 'ubid-main': '462-8154888-1606301', 'session-id-time': '2384745140l', 'session-id': '461-0843791-4515864'}
2025-08-01 13:12:22.733 | INFO     | __main__:rpapage:130 - 登录标识状态B  
2025-08-01 13:12:22.734 | INFO     | __main__:rpapage:131 - "zO9NIv9MpPLEfyLtxM0i4Z9ZN3S8/3HdavpEnmGQlx4="
2025-08-01 13:12:28.744 | INFO     | __main__:establish_connection:68 - 输出测试时期的识别标记
2025-08-01 13:12:28.744 | INFO     | __main__:establish_connection:69 - 4
2025-08-01 13:12:31.938 | INFO     | __main__:orderfour:525 - alo确认数据不为空,进行处理
2025-08-01 13:12:31.938 | INFO     | __main__:orderfour:526 - {'requestType': 'INBOUND_SHIPMENT', 'inventoryMovementType': 'INBOUND', 'facilityId': 'ICND', 'clientId': 'AGLC_APPOINTMENT', 'clientReferenceId': 'ICND_AL2507300027', 'referenceId': 'AL2507300027', 'checkInCode': None, 'srcNodeId': None, 'srcCountryCode': None, 'destNodeId': None, 'destCountryCode': 'DE', 'problematic': False, 'metadata': {'originalTrackingId': None, 'truckId': '鲁UU6650', 'sealId': None, 'xmlReconciliationReport': None, 'csvReconciliationReport': None, 'inboundCompleteXmlReport': None, 'inboundUnloadCompleteXmlReport': None, 'unloadedXMLReport': None, 'completedXMLReport': None, 'internalCompletedReport': None, 'pickedContainerCount': None, 'sortedContainerCount': None, 'vasedContainerCount': None, 'vasedPalletCount': None, 'cancelledContainerCount': None, 'inventoryBindingCount': None, 'inventoryReservationCount': None, 'inventoryBindingContainerCount': None, 'problematicInventoryReservationInfo': None, 'orderOwnerId': None, 'irnV2Enabled': False, 'skipPreTaskCreation': False, 'shipper': None, 'shipperType': None, 'deferredAllocationRequired': False, 'weighingRequired': True, 'dimensioningRequired': True, 'inboundBookingRequired': True, 'inboundPrintingRequired': False, 'itemProcessingRequired': False, 'inboundContainerAssociated': False, 'outboundPalletizationRule': None, 'logisticDetails': None, 'businessType': 'GXD_FBA', 'vostokGDNRequired': False, 'expectedContainerCount': 0, 'loadIdList': None, 'bolDocumentAssetId': None, 'manifestDocumentAssetId': None, 'vasInstructions': None, 'loadType': None, 'containsHazmat': False}, 'inboundTransportationMode': None, 'criticalPullTime': None, 'crossDockFlag': None, 'prId': 'R180717415', 'status': 'CREATED', 'cancelledReasonCode': None, 'orderType': 'FBA_SHIPMENT', 'expectedArrivalTime': 1753866000000, 'expectedDepartureTime': 0, 'creationDate': 1753848567278, 'checkedInDate': None, 'openTime': None, 'unloadCompletedDate': None, 'completedDate': None, 'lastUpdatedDate': 1753848567346, 'rootContainerId': 'AL2507300027', 'rootContainerType': 'VIRTUAL', 'numberOfContainers': 4, 'checkInUserId': None, 'originalFacilityId': 'ICND', 'documentGenerationStatus': None, 'documentGenerationTime': None}
2025-08-01 13:12:31.938 | INFO     | __main__:orderfour:528 - R180717415
2025-08-01 13:12:32.471 | INFO     | rpacapture:send_alarm_msg:125 - RPA亚集预警信息发送成功
2025-08-01 13:12:32.471 | ERROR    | __main__:<module>:845 - list index out of range
2025-08-01 13:15:16.843 | INFO     | rpacapture:get_release_messages:48 - 剩余未执行指令数量：
2025-08-01 13:15:16.844 | INFO     | rpacapture:get_release_messages:51 - 获取的指令：{"msgId":"1c4215ff-c5f7-491b-a25d-98f0f510366c","msgType":4,"timestamp":1754022420030,"workOrderNos":["AL2507300027","AL2507300038"]}
2025-08-01 13:15:16.850 | INFO     | __main__:rpapage:105 - 进入目标网址(有头模式)https://xb-node.amazon.cn/
2025-08-01 13:15:17.335 | INFO     | __main__:rpapage:109 - 第一次cookie状态检测
2025-08-01 13:15:17.335 | INFO     | __main__:rpapage:114 - {'csm-hit': 'tb:s-FP9JPBNJ4TBH5MTYCN1M|1754025317073&t:1754025317073&adb:adblk_no', 'lc-main': 'zh_CN', 'at-main': 'Atza|IwEBIFeEjHLO55GCPa-C6x1WtjiUL6CyILbiAqtwFGTEjBAI9oUfJuTkO8x6uX1oUwHNfy-PNCx-MHrN4G55QjFKErcdtl5P4J9eRG4yBI_5s6xsDkhGN8g7QKjbdAfcKx-fcjh-X7MXVDY-vDYLnd7AnjGTr4OFAFrwXKKw81y5KQh2JYe3eyyIkG6dd-POhMOBCvpc9qTScELTo4URV8yxOUJaJZsiGMbwo8lxjKRb3M9OKA', 'sess-at-main': '"zO9NIv9MpPLEfyLtxM0i4Z9ZN3S8/3HdavpEnmGQlx4="', 'x-main': '"pA4RzskZEn4DxvgPv5HlCg0?RJf0sttZyO8bhFV1U6xwUBjC5FONp4fM7Eg3M@6N"', 'session-token': '"zPLFA16k2DnkR2yYgeAvCPETOL4FCxRN249GjWgB9Cd3rfh/9Z4aWSE0LUfV1r/UGHv+zYRh0TmvaLRkFZZmy8PJt5G7mh2ftd78lld4hr8WP2WOqpbCitloS7YWDkvzqkOeihO9d6m7pdEp64zOXtv2el0U4UEu43w3YViAR1bQ8+uMujMvQLXdc/MDkOkNH+OkzkXMb5ltkbkMS9+npqC+mEMNk4eVNIxi1f3pudBnNdXITR8SblfPqGH95r/IuR8vrYKK5lwNZWitCFlaCyz2UfVMsTocm1h/XyAf24+N1FLshXaKGNJaW/VjyTX2NQPVdyEYPW3mHZykql1kODw0/WaGvvX58f4Nb3W0zcJeN+0fWe6A5A=="', 'ubid-main': '462-8154888-1606301', 'session-id-time': '2384745140l', 'session-id': '461-0843791-4515864'}
2025-08-01 13:15:17.336 | INFO     | __main__:rpapage:115 - 登录标识状态A
2025-08-01 13:15:17.336 | INFO     | __main__:rpapage:116 - "zO9NIv9MpPLEfyLtxM0i4Z9ZN3S8/3HdavpEnmGQlx4="
2025-08-01 13:15:17.336 | INFO     | __main__:rpapage:125 - 第二次cookie状态检测
2025-08-01 13:15:17.336 | INFO     | __main__:rpapage:129 - {'csm-hit': 'tb:s-FP9JPBNJ4TBH5MTYCN1M|1754025317073&t:1754025317073&adb:adblk_no', 'lc-main': 'zh_CN', 'at-main': 'Atza|IwEBIFeEjHLO55GCPa-C6x1WtjiUL6CyILbiAqtwFGTEjBAI9oUfJuTkO8x6uX1oUwHNfy-PNCx-MHrN4G55QjFKErcdtl5P4J9eRG4yBI_5s6xsDkhGN8g7QKjbdAfcKx-fcjh-X7MXVDY-vDYLnd7AnjGTr4OFAFrwXKKw81y5KQh2JYe3eyyIkG6dd-POhMOBCvpc9qTScELTo4URV8yxOUJaJZsiGMbwo8lxjKRb3M9OKA', 'sess-at-main': '"zO9NIv9MpPLEfyLtxM0i4Z9ZN3S8/3HdavpEnmGQlx4="', 'x-main': '"pA4RzskZEn4DxvgPv5HlCg0?RJf0sttZyO8bhFV1U6xwUBjC5FONp4fM7Eg3M@6N"', 'session-token': '"zPLFA16k2DnkR2yYgeAvCPETOL4FCxRN249GjWgB9Cd3rfh/9Z4aWSE0LUfV1r/UGHv+zYRh0TmvaLRkFZZmy8PJt5G7mh2ftd78lld4hr8WP2WOqpbCitloS7YWDkvzqkOeihO9d6m7pdEp64zOXtv2el0U4UEu43w3YViAR1bQ8+uMujMvQLXdc/MDkOkNH+OkzkXMb5ltkbkMS9+npqC+mEMNk4eVNIxi1f3pudBnNdXITR8SblfPqGH95r/IuR8vrYKK5lwNZWitCFlaCyz2UfVMsTocm1h/XyAf24+N1FLshXaKGNJaW/VjyTX2NQPVdyEYPW3mHZykql1kODw0/WaGvvX58f4Nb3W0zcJeN+0fWe6A5A=="', 'ubid-main': '462-8154888-1606301', 'session-id-time': '2384745140l', 'session-id': '461-0843791-4515864'}
2025-08-01 13:15:17.336 | INFO     | __main__:rpapage:130 - 登录标识状态B  
2025-08-01 13:15:17.336 | INFO     | __main__:rpapage:131 - "zO9NIv9MpPLEfyLtxM0i4Z9ZN3S8/3HdavpEnmGQlx4="
2025-08-01 13:15:38.211 | INFO     | rpacapture:get_release_messages:48 - 剩余未执行指令数量：
2025-08-01 13:15:38.212 | INFO     | rpacapture:get_release_messages:51 - 获取的指令：{"msgId":"1c4215ff-c5f7-491b-a25d-98f0f510366c","msgType":4,"timestamp":1754022420030,"workOrderNos":["AL2507300027","AL2507300038"]}
2025-08-01 13:15:38.969 | INFO     | __main__:rpapage:105 - 进入目标网址(有头模式)https://xb-node.amazon.cn/
2025-08-01 13:15:39.616 | INFO     | __main__:rpapage:109 - 第一次cookie状态检测
2025-08-01 13:15:39.618 | INFO     | __main__:rpapage:114 - {'csm-hit': 'tb:s-2FHJA1V9FC7ZEMH0BCBV|1754025339461&t:1754025339486&adb:adblk_no', 'lc-main': 'zh_CN', 'at-main': 'Atza|IwEBIFeEjHLO55GCPa-C6x1WtjiUL6CyILbiAqtwFGTEjBAI9oUfJuTkO8x6uX1oUwHNfy-PNCx-MHrN4G55QjFKErcdtl5P4J9eRG4yBI_5s6xsDkhGN8g7QKjbdAfcKx-fcjh-X7MXVDY-vDYLnd7AnjGTr4OFAFrwXKKw81y5KQh2JYe3eyyIkG6dd-POhMOBCvpc9qTScELTo4URV8yxOUJaJZsiGMbwo8lxjKRb3M9OKA', 'sess-at-main': '"zO9NIv9MpPLEfyLtxM0i4Z9ZN3S8/3HdavpEnmGQlx4="', 'x-main': '"pA4RzskZEn4DxvgPv5HlCg0?RJf0sttZyO8bhFV1U6xwUBjC5FONp4fM7Eg3M@6N"', 'session-token': '"zPLFA16k2DnkR2yYgeAvCPETOL4FCxRN249GjWgB9Cd3rfh/9Z4aWSE0LUfV1r/UGHv+zYRh0TmvaLRkFZZmy8PJt5G7mh2ftd78lld4hr8WP2WOqpbCitloS7YWDkvzqkOeihO9d6m7pdEp64zOXtv2el0U4UEu43w3YViAR1bQ8+uMujMvQLXdc/MDkOkNH+OkzkXMb5ltkbkMS9+npqC+mEMNk4eVNIxi1f3pudBnNdXITR8SblfPqGH95r/IuR8vrYKK5lwNZWitCFlaCyz2UfVMsTocm1h/XyAf24+N1FLshXaKGNJaW/VjyTX2NQPVdyEYPW3mHZykql1kODw0/WaGvvX58f4Nb3W0zcJeN+0fWe6A5A=="', 'ubid-main': '462-8154888-1606301', 'session-id-time': '2384745140l', 'session-id': '461-0843791-4515864'}
2025-08-01 13:15:39.618 | INFO     | __main__:rpapage:115 - 登录标识状态A
2025-08-01 13:15:39.618 | INFO     | __main__:rpapage:116 - "zO9NIv9MpPLEfyLtxM0i4Z9ZN3S8/3HdavpEnmGQlx4="
2025-08-01 13:15:39.618 | INFO     | __main__:rpapage:125 - 第二次cookie状态检测
2025-08-01 13:15:39.619 | INFO     | __main__:rpapage:129 - {'csm-hit': 'tb:s-2FHJA1V9FC7ZEMH0BCBV|1754025339461&t:1754025339486&adb:adblk_no', 'lc-main': 'zh_CN', 'at-main': 'Atza|IwEBIFeEjHLO55GCPa-C6x1WtjiUL6CyILbiAqtwFGTEjBAI9oUfJuTkO8x6uX1oUwHNfy-PNCx-MHrN4G55QjFKErcdtl5P4J9eRG4yBI_5s6xsDkhGN8g7QKjbdAfcKx-fcjh-X7MXVDY-vDYLnd7AnjGTr4OFAFrwXKKw81y5KQh2JYe3eyyIkG6dd-POhMOBCvpc9qTScELTo4URV8yxOUJaJZsiGMbwo8lxjKRb3M9OKA', 'sess-at-main': '"zO9NIv9MpPLEfyLtxM0i4Z9ZN3S8/3HdavpEnmGQlx4="', 'x-main': '"pA4RzskZEn4DxvgPv5HlCg0?RJf0sttZyO8bhFV1U6xwUBjC5FONp4fM7Eg3M@6N"', 'session-token': '"zPLFA16k2DnkR2yYgeAvCPETOL4FCxRN249GjWgB9Cd3rfh/9Z4aWSE0LUfV1r/UGHv+zYRh0TmvaLRkFZZmy8PJt5G7mh2ftd78lld4hr8WP2WOqpbCitloS7YWDkvzqkOeihO9d6m7pdEp64zOXtv2el0U4UEu43w3YViAR1bQ8+uMujMvQLXdc/MDkOkNH+OkzkXMb5ltkbkMS9+npqC+mEMNk4eVNIxi1f3pudBnNdXITR8SblfPqGH95r/IuR8vrYKK5lwNZWitCFlaCyz2UfVMsTocm1h/XyAf24+N1FLshXaKGNJaW/VjyTX2NQPVdyEYPW3mHZykql1kODw0/WaGvvX58f4Nb3W0zcJeN+0fWe6A5A=="', 'ubid-main': '462-8154888-1606301', 'session-id-time': '2384745140l', 'session-id': '461-0843791-4515864'}
2025-08-01 13:15:39.619 | INFO     | __main__:rpapage:130 - 登录标识状态B  
2025-08-01 13:15:39.619 | INFO     | __main__:rpapage:131 - "zO9NIv9MpPLEfyLtxM0i4Z9ZN3S8/3HdavpEnmGQlx4="
2025-08-01 13:15:45.634 | INFO     | __main__:establish_connection:68 - 输出测试时期的识别标记
2025-08-01 13:15:45.635 | INFO     | __main__:establish_connection:69 - 4
2025-08-01 13:15:48.828 | INFO     | __main__:orderfour:525 - alo确认数据不为空,进行处理
2025-08-01 13:15:48.829 | INFO     | __main__:orderfour:526 - {'requestType': 'INBOUND_SHIPMENT', 'inventoryMovementType': 'INBOUND', 'facilityId': 'ICND', 'clientId': 'AGLC_APPOINTMENT', 'clientReferenceId': 'ICND_AL2507300027', 'referenceId': 'AL2507300027', 'checkInCode': None, 'srcNodeId': None, 'srcCountryCode': None, 'destNodeId': None, 'destCountryCode': 'DE', 'problematic': False, 'metadata': {'originalTrackingId': None, 'truckId': '鲁UU6650', 'sealId': None, 'xmlReconciliationReport': None, 'csvReconciliationReport': None, 'inboundCompleteXmlReport': None, 'inboundUnloadCompleteXmlReport': None, 'unloadedXMLReport': None, 'completedXMLReport': None, 'internalCompletedReport': None, 'pickedContainerCount': None, 'sortedContainerCount': None, 'vasedContainerCount': None, 'vasedPalletCount': None, 'cancelledContainerCount': None, 'inventoryBindingCount': None, 'inventoryReservationCount': None, 'inventoryBindingContainerCount': None, 'problematicInventoryReservationInfo': None, 'orderOwnerId': None, 'irnV2Enabled': False, 'skipPreTaskCreation': False, 'shipper': None, 'shipperType': None, 'deferredAllocationRequired': False, 'weighingRequired': True, 'dimensioningRequired': True, 'inboundBookingRequired': True, 'inboundPrintingRequired': False, 'itemProcessingRequired': False, 'inboundContainerAssociated': False, 'outboundPalletizationRule': None, 'logisticDetails': None, 'businessType': 'GXD_FBA', 'vostokGDNRequired': False, 'expectedContainerCount': 0, 'loadIdList': None, 'bolDocumentAssetId': None, 'manifestDocumentAssetId': None, 'vasInstructions': None, 'loadType': None, 'containsHazmat': False}, 'inboundTransportationMode': None, 'criticalPullTime': None, 'crossDockFlag': None, 'prId': 'R180717415', 'status': 'CREATED', 'cancelledReasonCode': None, 'orderType': 'FBA_SHIPMENT', 'expectedArrivalTime': 1753866000000, 'expectedDepartureTime': 0, 'creationDate': 1753848567278, 'checkedInDate': None, 'openTime': None, 'unloadCompletedDate': None, 'completedDate': None, 'lastUpdatedDate': 1753848567346, 'rootContainerId': 'AL2507300027', 'rootContainerType': 'VIRTUAL', 'numberOfContainers': 4, 'checkInUserId': None, 'originalFacilityId': 'ICND', 'documentGenerationStatus': None, 'documentGenerationTime': None}
2025-08-01 13:15:48.829 | INFO     | __main__:orderfour:528 - R180717415
2025-08-01 13:29:29.700 | INFO     | rpacapture:get_release_messages:48 - 剩余未执行指令数量：
2025-08-01 13:29:29.700 | INFO     | rpacapture:get_release_messages:51 - 获取的指令：{"msgId":"1c4215ff-c5f7-491b-a25d-98f0f510366c","msgType":4,"timestamp":1754022420030,"workOrderNos":["AL2507300027","AL2507300038"]}
2025-08-01 13:29:29.719 | INFO     | __main__:rpapage:105 - 进入目标网址(有头模式)https://xb-node.amazon.cn/
2025-08-01 13:29:30.309 | INFO     | __main__:rpapage:109 - 第一次cookie状态检测
2025-08-01 13:29:30.310 | INFO     | __main__:rpapage:114 - {'csm-hit': 'tb:s-3R6QBAHAK6RS6KGEZ0H0|1754026170033&t:1754026170294&adb:adblk_no', 'lc-main': 'zh_CN', 'at-main': 'Atza|IwEBIFeEjHLO55GCPa-C6x1WtjiUL6CyILbiAqtwFGTEjBAI9oUfJuTkO8x6uX1oUwHNfy-PNCx-MHrN4G55QjFKErcdtl5P4J9eRG4yBI_5s6xsDkhGN8g7QKjbdAfcKx-fcjh-X7MXVDY-vDYLnd7AnjGTr4OFAFrwXKKw81y5KQh2JYe3eyyIkG6dd-POhMOBCvpc9qTScELTo4URV8yxOUJaJZsiGMbwo8lxjKRb3M9OKA', 'sess-at-main': '"zO9NIv9MpPLEfyLtxM0i4Z9ZN3S8/3HdavpEnmGQlx4="', 'x-main': '"pA4RzskZEn4DxvgPv5HlCg0?RJf0sttZyO8bhFV1U6xwUBjC5FONp4fM7Eg3M@6N"', 'session-token': '"zPLFA16k2DnkR2yYgeAvCPETOL4FCxRN249GjWgB9Cd3rfh/9Z4aWSE0LUfV1r/UGHv+zYRh0TmvaLRkFZZmy8PJt5G7mh2ftd78lld4hr8WP2WOqpbCitloS7YWDkvzqkOeihO9d6m7pdEp64zOXtv2el0U4UEu43w3YViAR1bQ8+uMujMvQLXdc/MDkOkNH+OkzkXMb5ltkbkMS9+npqC+mEMNk4eVNIxi1f3pudBnNdXITR8SblfPqGH95r/IuR8vrYKK5lwNZWitCFlaCyz2UfVMsTocm1h/XyAf24+N1FLshXaKGNJaW/VjyTX2NQPVdyEYPW3mHZykql1kODw0/WaGvvX58f4Nb3W0zcJeN+0fWe6A5A=="', 'ubid-main': '462-8154888-1606301', 'session-id-time': '2384745140l', 'session-id': '461-0843791-4515864'}
2025-08-01 13:29:30.310 | INFO     | __main__:rpapage:115 - 登录标识状态A
2025-08-01 13:29:30.310 | INFO     | __main__:rpapage:116 - "zO9NIv9MpPLEfyLtxM0i4Z9ZN3S8/3HdavpEnmGQlx4="
2025-08-01 13:29:30.310 | INFO     | __main__:rpapage:125 - 第二次cookie状态检测
2025-08-01 13:29:30.310 | INFO     | __main__:rpapage:129 - {'csm-hit': 'tb:s-3R6QBAHAK6RS6KGEZ0H0|1754026170033&t:1754026170294&adb:adblk_no', 'lc-main': 'zh_CN', 'at-main': 'Atza|IwEBIFeEjHLO55GCPa-C6x1WtjiUL6CyILbiAqtwFGTEjBAI9oUfJuTkO8x6uX1oUwHNfy-PNCx-MHrN4G55QjFKErcdtl5P4J9eRG4yBI_5s6xsDkhGN8g7QKjbdAfcKx-fcjh-X7MXVDY-vDYLnd7AnjGTr4OFAFrwXKKw81y5KQh2JYe3eyyIkG6dd-POhMOBCvpc9qTScELTo4URV8yxOUJaJZsiGMbwo8lxjKRb3M9OKA', 'sess-at-main': '"zO9NIv9MpPLEfyLtxM0i4Z9ZN3S8/3HdavpEnmGQlx4="', 'x-main': '"pA4RzskZEn4DxvgPv5HlCg0?RJf0sttZyO8bhFV1U6xwUBjC5FONp4fM7Eg3M@6N"', 'session-token': '"zPLFA16k2DnkR2yYgeAvCPETOL4FCxRN249GjWgB9Cd3rfh/9Z4aWSE0LUfV1r/UGHv+zYRh0TmvaLRkFZZmy8PJt5G7mh2ftd78lld4hr8WP2WOqpbCitloS7YWDkvzqkOeihO9d6m7pdEp64zOXtv2el0U4UEu43w3YViAR1bQ8+uMujMvQLXdc/MDkOkNH+OkzkXMb5ltkbkMS9+npqC+mEMNk4eVNIxi1f3pudBnNdXITR8SblfPqGH95r/IuR8vrYKK5lwNZWitCFlaCyz2UfVMsTocm1h/XyAf24+N1FLshXaKGNJaW/VjyTX2NQPVdyEYPW3mHZykql1kODw0/WaGvvX58f4Nb3W0zcJeN+0fWe6A5A=="', 'ubid-main': '462-8154888-1606301', 'session-id-time': '2384745140l', 'session-id': '461-0843791-4515864'}
2025-08-01 13:29:30.311 | INFO     | __main__:rpapage:130 - 登录标识状态B  
2025-08-01 13:29:30.311 | INFO     | __main__:rpapage:131 - "zO9NIv9MpPLEfyLtxM0i4Z9ZN3S8/3HdavpEnmGQlx4="
2025-08-01 13:29:36.320 | INFO     | __main__:establish_connection:68 - 输出测试时期的识别标记
2025-08-01 13:29:36.321 | INFO     | __main__:establish_connection:69 - 4
2025-08-01 13:29:39.538 | INFO     | __main__:orderfour:525 - alo确认数据不为空,进行处理
2025-08-01 13:29:39.538 | INFO     | __main__:orderfour:526 - {'requestType': 'INBOUND_SHIPMENT', 'inventoryMovementType': 'INBOUND', 'facilityId': 'ICND', 'clientId': 'AGLC_APPOINTMENT', 'clientReferenceId': 'ICND_AL2507300027', 'referenceId': 'AL2507300027', 'checkInCode': None, 'srcNodeId': None, 'srcCountryCode': None, 'destNodeId': None, 'destCountryCode': 'DE', 'problematic': False, 'metadata': {'originalTrackingId': None, 'truckId': '鲁UU6650', 'sealId': None, 'xmlReconciliationReport': None, 'csvReconciliationReport': None, 'inboundCompleteXmlReport': None, 'inboundUnloadCompleteXmlReport': None, 'unloadedXMLReport': None, 'completedXMLReport': None, 'internalCompletedReport': None, 'pickedContainerCount': None, 'sortedContainerCount': None, 'vasedContainerCount': None, 'vasedPalletCount': None, 'cancelledContainerCount': None, 'inventoryBindingCount': None, 'inventoryReservationCount': None, 'inventoryBindingContainerCount': None, 'problematicInventoryReservationInfo': None, 'orderOwnerId': None, 'irnV2Enabled': False, 'skipPreTaskCreation': False, 'shipper': None, 'shipperType': None, 'deferredAllocationRequired': False, 'weighingRequired': True, 'dimensioningRequired': True, 'inboundBookingRequired': True, 'inboundPrintingRequired': False, 'itemProcessingRequired': False, 'inboundContainerAssociated': False, 'outboundPalletizationRule': None, 'logisticDetails': None, 'businessType': 'GXD_FBA', 'vostokGDNRequired': False, 'expectedContainerCount': 0, 'loadIdList': None, 'bolDocumentAssetId': None, 'manifestDocumentAssetId': None, 'vasInstructions': None, 'loadType': None, 'containsHazmat': False}, 'inboundTransportationMode': None, 'criticalPullTime': None, 'crossDockFlag': None, 'prId': 'R180717415', 'status': 'CREATED', 'cancelledReasonCode': None, 'orderType': 'FBA_SHIPMENT', 'expectedArrivalTime': 1753866000000, 'expectedDepartureTime': 0, 'creationDate': 1753848567278, 'checkedInDate': None, 'openTime': None, 'unloadCompletedDate': None, 'completedDate': None, 'lastUpdatedDate': 1753848567346, 'rootContainerId': 'AL2507300027', 'rootContainerType': 'VIRTUAL', 'numberOfContainers': 4, 'checkInUserId': None, 'originalFacilityId': 'ICND', 'documentGenerationStatus': None, 'documentGenerationTime': None}
2025-08-01 13:29:39.538 | INFO     | __main__:orderfour:528 - R180717415
2025-08-01 13:29:39.764 | INFO     | __main__:orderfour:553 - detail   信息为空列表
2025-08-01 13:29:39.764 | INFO     | __main__:orderfour:568 - 输出指令4的下层完成状态
2025-08-01 13:29:39.764 | INFO     | __main__:orderfour:569 - CREATED
2025-08-01 13:29:39.764 | INFO     | __main__:orderfour:576 - alo确认输出内层的特殊id
2025-08-01 13:30:31.665 | INFO     | rpacapture:get_release_messages:48 - 剩余未执行指令数量：
2025-08-01 13:30:31.666 | INFO     | rpacapture:get_release_messages:51 - 获取的指令：{"msgId":"1c4215ff-c5f7-491b-a25d-98f0f510366c","msgType":4,"timestamp":1754022420030,"workOrderNos":["AL2507300027","AL2507300038"]}
2025-08-01 13:30:31.679 | INFO     | __main__:rpapage:105 - 进入目标网址(有头模式)https://xb-node.amazon.cn/
2025-08-01 13:30:32.264 | INFO     | __main__:rpapage:109 - 第一次cookie状态检测
2025-08-01 13:30:32.265 | INFO     | __main__:rpapage:114 - {'csm-hit': 'tb:s-6JAX0BF91FS3N3FKF0YR|1754026231940&t:1754026231992&adb:adblk_no', 'lc-main': 'zh_CN', 'at-main': 'Atza|IwEBIFeEjHLO55GCPa-C6x1WtjiUL6CyILbiAqtwFGTEjBAI9oUfJuTkO8x6uX1oUwHNfy-PNCx-MHrN4G55QjFKErcdtl5P4J9eRG4yBI_5s6xsDkhGN8g7QKjbdAfcKx-fcjh-X7MXVDY-vDYLnd7AnjGTr4OFAFrwXKKw81y5KQh2JYe3eyyIkG6dd-POhMOBCvpc9qTScELTo4URV8yxOUJaJZsiGMbwo8lxjKRb3M9OKA', 'sess-at-main': '"zO9NIv9MpPLEfyLtxM0i4Z9ZN3S8/3HdavpEnmGQlx4="', 'x-main': '"pA4RzskZEn4DxvgPv5HlCg0?RJf0sttZyO8bhFV1U6xwUBjC5FONp4fM7Eg3M@6N"', 'session-token': '"zPLFA16k2DnkR2yYgeAvCPETOL4FCxRN249GjWgB9Cd3rfh/9Z4aWSE0LUfV1r/UGHv+zYRh0TmvaLRkFZZmy8PJt5G7mh2ftd78lld4hr8WP2WOqpbCitloS7YWDkvzqkOeihO9d6m7pdEp64zOXtv2el0U4UEu43w3YViAR1bQ8+uMujMvQLXdc/MDkOkNH+OkzkXMb5ltkbkMS9+npqC+mEMNk4eVNIxi1f3pudBnNdXITR8SblfPqGH95r/IuR8vrYKK5lwNZWitCFlaCyz2UfVMsTocm1h/XyAf24+N1FLshXaKGNJaW/VjyTX2NQPVdyEYPW3mHZykql1kODw0/WaGvvX58f4Nb3W0zcJeN+0fWe6A5A=="', 'ubid-main': '462-8154888-1606301', 'session-id-time': '2384745140l', 'session-id': '461-0843791-4515864'}
2025-08-01 13:30:32.265 | INFO     | __main__:rpapage:115 - 登录标识状态A
2025-08-01 13:30:32.265 | INFO     | __main__:rpapage:116 - "zO9NIv9MpPLEfyLtxM0i4Z9ZN3S8/3HdavpEnmGQlx4="
2025-08-01 13:30:32.265 | INFO     | __main__:rpapage:125 - 第二次cookie状态检测
2025-08-01 13:30:32.266 | INFO     | __main__:rpapage:129 - {'csm-hit': 'tb:s-6JAX0BF91FS3N3FKF0YR|1754026231940&t:1754026231992&adb:adblk_no', 'lc-main': 'zh_CN', 'at-main': 'Atza|IwEBIFeEjHLO55GCPa-C6x1WtjiUL6CyILbiAqtwFGTEjBAI9oUfJuTkO8x6uX1oUwHNfy-PNCx-MHrN4G55QjFKErcdtl5P4J9eRG4yBI_5s6xsDkhGN8g7QKjbdAfcKx-fcjh-X7MXVDY-vDYLnd7AnjGTr4OFAFrwXKKw81y5KQh2JYe3eyyIkG6dd-POhMOBCvpc9qTScELTo4URV8yxOUJaJZsiGMbwo8lxjKRb3M9OKA', 'sess-at-main': '"zO9NIv9MpPLEfyLtxM0i4Z9ZN3S8/3HdavpEnmGQlx4="', 'x-main': '"pA4RzskZEn4DxvgPv5HlCg0?RJf0sttZyO8bhFV1U6xwUBjC5FONp4fM7Eg3M@6N"', 'session-token': '"zPLFA16k2DnkR2yYgeAvCPETOL4FCxRN249GjWgB9Cd3rfh/9Z4aWSE0LUfV1r/UGHv+zYRh0TmvaLRkFZZmy8PJt5G7mh2ftd78lld4hr8WP2WOqpbCitloS7YWDkvzqkOeihO9d6m7pdEp64zOXtv2el0U4UEu43w3YViAR1bQ8+uMujMvQLXdc/MDkOkNH+OkzkXMb5ltkbkMS9+npqC+mEMNk4eVNIxi1f3pudBnNdXITR8SblfPqGH95r/IuR8vrYKK5lwNZWitCFlaCyz2UfVMsTocm1h/XyAf24+N1FLshXaKGNJaW/VjyTX2NQPVdyEYPW3mHZykql1kODw0/WaGvvX58f4Nb3W0zcJeN+0fWe6A5A=="', 'ubid-main': '462-8154888-1606301', 'session-id-time': '2384745140l', 'session-id': '461-0843791-4515864'}
2025-08-01 13:30:32.266 | INFO     | __main__:rpapage:130 - 登录标识状态B  
2025-08-01 13:30:32.266 | INFO     | __main__:rpapage:131 - "zO9NIv9MpPLEfyLtxM0i4Z9ZN3S8/3HdavpEnmGQlx4="
2025-08-01 13:30:38.281 | INFO     | __main__:establish_connection:68 - 输出测试时期的识别标记
2025-08-01 13:30:38.281 | INFO     | __main__:establish_connection:69 - 4
2025-08-01 13:30:41.496 | INFO     | __main__:orderfour:525 - alo确认数据不为空,进行处理
2025-08-01 13:30:41.497 | INFO     | __main__:orderfour:526 - {'requestType': 'INBOUND_SHIPMENT', 'inventoryMovementType': 'INBOUND', 'facilityId': 'ICND', 'clientId': 'AGLC_APPOINTMENT', 'clientReferenceId': 'ICND_AL2507300027', 'referenceId': 'AL2507300027', 'checkInCode': None, 'srcNodeId': None, 'srcCountryCode': None, 'destNodeId': None, 'destCountryCode': 'DE', 'problematic': False, 'metadata': {'originalTrackingId': None, 'truckId': '鲁UU6650', 'sealId': None, 'xmlReconciliationReport': None, 'csvReconciliationReport': None, 'inboundCompleteXmlReport': None, 'inboundUnloadCompleteXmlReport': None, 'unloadedXMLReport': None, 'completedXMLReport': None, 'internalCompletedReport': None, 'pickedContainerCount': None, 'sortedContainerCount': None, 'vasedContainerCount': None, 'vasedPalletCount': None, 'cancelledContainerCount': None, 'inventoryBindingCount': None, 'inventoryReservationCount': None, 'inventoryBindingContainerCount': None, 'problematicInventoryReservationInfo': None, 'orderOwnerId': None, 'irnV2Enabled': False, 'skipPreTaskCreation': False, 'shipper': None, 'shipperType': None, 'deferredAllocationRequired': False, 'weighingRequired': True, 'dimensioningRequired': True, 'inboundBookingRequired': True, 'inboundPrintingRequired': False, 'itemProcessingRequired': False, 'inboundContainerAssociated': False, 'outboundPalletizationRule': None, 'logisticDetails': None, 'businessType': 'GXD_FBA', 'vostokGDNRequired': False, 'expectedContainerCount': 0, 'loadIdList': None, 'bolDocumentAssetId': None, 'manifestDocumentAssetId': None, 'vasInstructions': None, 'loadType': None, 'containsHazmat': False}, 'inboundTransportationMode': None, 'criticalPullTime': None, 'crossDockFlag': None, 'prId': 'R180717415', 'status': 'CREATED', 'cancelledReasonCode': None, 'orderType': 'FBA_SHIPMENT', 'expectedArrivalTime': 1753866000000, 'expectedDepartureTime': 0, 'creationDate': 1753848567278, 'checkedInDate': None, 'openTime': None, 'unloadCompletedDate': None, 'completedDate': None, 'lastUpdatedDate': 1753848567346, 'rootContainerId': 'AL2507300027', 'rootContainerType': 'VIRTUAL', 'numberOfContainers': 4, 'checkInUserId': None, 'originalFacilityId': 'ICND', 'documentGenerationStatus': None, 'documentGenerationTime': None}
2025-08-01 13:30:41.497 | INFO     | __main__:orderfour:528 - R180717415
2025-08-01 13:30:41.718 | INFO     | __main__:orderfour:553 - detail   信息为空列表
2025-08-01 13:30:41.718 | INFO     | __main__:orderfour:568 - 输出指令4的下层完成状态
2025-08-01 13:30:41.718 | INFO     | __main__:orderfour:569 - 
2025-08-01 13:30:41.718 | INFO     | __main__:orderfour:576 - alo确认输出内层的特殊id
2025-08-01 13:30:41.718 | INFO     | __main__:orderfour:577 - 
2025-08-01 13:31:25.275 | INFO     | rpacapture:get_release_messages:48 - 剩余未执行指令数量：
2025-08-01 13:31:25.276 | INFO     | rpacapture:get_release_messages:51 - 获取的指令：{"msgId":"1c4215ff-c5f7-491b-a25d-98f0f510366c","msgType":4,"timestamp":1754022420030,"workOrderNos":["AL2507300027","AL2507300038"]}
2025-08-01 13:31:25.288 | INFO     | __main__:rpapage:105 - 进入目标网址(有头模式)https://xb-node.amazon.cn/
2025-08-01 13:31:25.753 | INFO     | __main__:rpapage:109 - 第一次cookie状态检测
2025-08-01 13:31:25.753 | INFO     | __main__:rpapage:114 - {'csm-hit': 'tb:s-PTF0Z6H9S0XW5XXVBSMK|1754026285493&t:1754026285736&adb:adblk_no', 'lc-main': 'zh_CN', 'at-main': 'Atza|IwEBIFeEjHLO55GCPa-C6x1WtjiUL6CyILbiAqtwFGTEjBAI9oUfJuTkO8x6uX1oUwHNfy-PNCx-MHrN4G55QjFKErcdtl5P4J9eRG4yBI_5s6xsDkhGN8g7QKjbdAfcKx-fcjh-X7MXVDY-vDYLnd7AnjGTr4OFAFrwXKKw81y5KQh2JYe3eyyIkG6dd-POhMOBCvpc9qTScELTo4URV8yxOUJaJZsiGMbwo8lxjKRb3M9OKA', 'sess-at-main': '"zO9NIv9MpPLEfyLtxM0i4Z9ZN3S8/3HdavpEnmGQlx4="', 'x-main': '"pA4RzskZEn4DxvgPv5HlCg0?RJf0sttZyO8bhFV1U6xwUBjC5FONp4fM7Eg3M@6N"', 'session-token': '"zPLFA16k2DnkR2yYgeAvCPETOL4FCxRN249GjWgB9Cd3rfh/9Z4aWSE0LUfV1r/UGHv+zYRh0TmvaLRkFZZmy8PJt5G7mh2ftd78lld4hr8WP2WOqpbCitloS7YWDkvzqkOeihO9d6m7pdEp64zOXtv2el0U4UEu43w3YViAR1bQ8+uMujMvQLXdc/MDkOkNH+OkzkXMb5ltkbkMS9+npqC+mEMNk4eVNIxi1f3pudBnNdXITR8SblfPqGH95r/IuR8vrYKK5lwNZWitCFlaCyz2UfVMsTocm1h/XyAf24+N1FLshXaKGNJaW/VjyTX2NQPVdyEYPW3mHZykql1kODw0/WaGvvX58f4Nb3W0zcJeN+0fWe6A5A=="', 'ubid-main': '462-8154888-1606301', 'session-id-time': '2384745140l', 'session-id': '461-0843791-4515864'}
2025-08-01 13:31:25.754 | INFO     | __main__:rpapage:115 - 登录标识状态A
2025-08-01 13:31:25.754 | INFO     | __main__:rpapage:116 - "zO9NIv9MpPLEfyLtxM0i4Z9ZN3S8/3HdavpEnmGQlx4="
2025-08-01 13:31:25.754 | INFO     | __main__:rpapage:125 - 第二次cookie状态检测
2025-08-01 13:31:25.754 | INFO     | __main__:rpapage:129 - {'csm-hit': 'tb:s-PTF0Z6H9S0XW5XXVBSMK|1754026285493&t:1754026285736&adb:adblk_no', 'lc-main': 'zh_CN', 'at-main': 'Atza|IwEBIFeEjHLO55GCPa-C6x1WtjiUL6CyILbiAqtwFGTEjBAI9oUfJuTkO8x6uX1oUwHNfy-PNCx-MHrN4G55QjFKErcdtl5P4J9eRG4yBI_5s6xsDkhGN8g7QKjbdAfcKx-fcjh-X7MXVDY-vDYLnd7AnjGTr4OFAFrwXKKw81y5KQh2JYe3eyyIkG6dd-POhMOBCvpc9qTScELTo4URV8yxOUJaJZsiGMbwo8lxjKRb3M9OKA', 'sess-at-main': '"zO9NIv9MpPLEfyLtxM0i4Z9ZN3S8/3HdavpEnmGQlx4="', 'x-main': '"pA4RzskZEn4DxvgPv5HlCg0?RJf0sttZyO8bhFV1U6xwUBjC5FONp4fM7Eg3M@6N"', 'session-token': '"zPLFA16k2DnkR2yYgeAvCPETOL4FCxRN249GjWgB9Cd3rfh/9Z4aWSE0LUfV1r/UGHv+zYRh0TmvaLRkFZZmy8PJt5G7mh2ftd78lld4hr8WP2WOqpbCitloS7YWDkvzqkOeihO9d6m7pdEp64zOXtv2el0U4UEu43w3YViAR1bQ8+uMujMvQLXdc/MDkOkNH+OkzkXMb5ltkbkMS9+npqC+mEMNk4eVNIxi1f3pudBnNdXITR8SblfPqGH95r/IuR8vrYKK5lwNZWitCFlaCyz2UfVMsTocm1h/XyAf24+N1FLshXaKGNJaW/VjyTX2NQPVdyEYPW3mHZykql1kODw0/WaGvvX58f4Nb3W0zcJeN+0fWe6A5A=="', 'ubid-main': '462-8154888-1606301', 'session-id-time': '2384745140l', 'session-id': '461-0843791-4515864'}
2025-08-01 13:31:25.754 | INFO     | __main__:rpapage:130 - 登录标识状态B  
2025-08-01 13:31:25.754 | INFO     | __main__:rpapage:131 - "zO9NIv9MpPLEfyLtxM0i4Z9ZN3S8/3HdavpEnmGQlx4="
2025-08-01 13:31:31.765 | INFO     | __main__:establish_connection:68 - 输出测试时期的识别标记
2025-08-01 13:31:31.765 | INFO     | __main__:establish_connection:69 - 4
2025-08-01 13:31:34.971 | INFO     | __main__:orderfour:525 - alo确认数据不为空,进行处理
2025-08-01 13:31:34.971 | INFO     | __main__:orderfour:526 - {'requestType': 'INBOUND_SHIPMENT', 'inventoryMovementType': 'INBOUND', 'facilityId': 'ICND', 'clientId': 'AGLC_APPOINTMENT', 'clientReferenceId': 'ICND_AL2507300027', 'referenceId': 'AL2507300027', 'checkInCode': None, 'srcNodeId': None, 'srcCountryCode': None, 'destNodeId': None, 'destCountryCode': 'DE', 'problematic': False, 'metadata': {'originalTrackingId': None, 'truckId': '鲁UU6650', 'sealId': None, 'xmlReconciliationReport': None, 'csvReconciliationReport': None, 'inboundCompleteXmlReport': None, 'inboundUnloadCompleteXmlReport': None, 'unloadedXMLReport': None, 'completedXMLReport': None, 'internalCompletedReport': None, 'pickedContainerCount': None, 'sortedContainerCount': None, 'vasedContainerCount': None, 'vasedPalletCount': None, 'cancelledContainerCount': None, 'inventoryBindingCount': None, 'inventoryReservationCount': None, 'inventoryBindingContainerCount': None, 'problematicInventoryReservationInfo': None, 'orderOwnerId': None, 'irnV2Enabled': False, 'skipPreTaskCreation': False, 'shipper': None, 'shipperType': None, 'deferredAllocationRequired': False, 'weighingRequired': True, 'dimensioningRequired': True, 'inboundBookingRequired': True, 'inboundPrintingRequired': False, 'itemProcessingRequired': False, 'inboundContainerAssociated': False, 'outboundPalletizationRule': None, 'logisticDetails': None, 'businessType': 'GXD_FBA', 'vostokGDNRequired': False, 'expectedContainerCount': 0, 'loadIdList': None, 'bolDocumentAssetId': None, 'manifestDocumentAssetId': None, 'vasInstructions': None, 'loadType': None, 'containsHazmat': False}, 'inboundTransportationMode': None, 'criticalPullTime': None, 'crossDockFlag': None, 'prId': 'R180717415', 'status': 'CREATED', 'cancelledReasonCode': None, 'orderType': 'FBA_SHIPMENT', 'expectedArrivalTime': 1753866000000, 'expectedDepartureTime': 0, 'creationDate': 1753848567278, 'checkedInDate': None, 'openTime': None, 'unloadCompletedDate': None, 'completedDate': None, 'lastUpdatedDate': 1753848567346, 'rootContainerId': 'AL2507300027', 'rootContainerType': 'VIRTUAL', 'numberOfContainers': 4, 'checkInUserId': None, 'originalFacilityId': 'ICND', 'documentGenerationStatus': None, 'documentGenerationTime': None}
2025-08-01 13:31:34.971 | INFO     | __main__:orderfour:528 - R180717415
2025-08-01 13:31:35.217 | INFO     | __main__:orderfour:553 - detail   信息为空列表
2025-08-01 13:31:35.217 | INFO     | __main__:orderfour:568 - 输出指令4的下层完成状态
2025-08-01 13:31:35.217 | INFO     | __main__:orderfour:569 - 
2025-08-01 13:31:35.217 | INFO     | __main__:orderfour:576 - alo确认输出内层的特殊id
2025-08-01 13:31:35.217 | INFO     | __main__:orderfour:577 - 
2025-08-01 13:31:35.434 | INFO     | __main__:orderfour:632 - detail   信息为空列表
2025-08-01 13:31:35.435 | INFO     | __main__:orderfour:656 - alo确认输出内层的特殊id
2025-08-01 13:31:35.435 | INFO     | __main__:orderfour:657 - 
2025-08-01 13:31:35.614 | INFO     | __main__:orderfour:679 - 此笔Alo 完成pr执行异常 请人工介入AL2507300027
2025-08-01 13:31:35.839 | INFO     | rpacapture:send_alarm_msg:125 - RPA亚集预警信息发送成功
2025-08-01 13:31:36.085 | INFO     | __main__:orderfour:525 - alo确认数据不为空,进行处理
2025-08-01 13:31:36.085 | INFO     | __main__:orderfour:526 - {'requestType': 'INBOUND_SHIPMENT', 'inventoryMovementType': 'INBOUND', 'facilityId': 'ICND', 'clientId': 'AGLC_APPOINTMENT', 'clientReferenceId': 'ICND_AL2507300038', 'referenceId': 'AL2507300038', 'checkInCode': None, 'srcNodeId': None, 'srcCountryCode': None, 'destNodeId': None, 'destCountryCode': 'DE', 'problematic': False, 'metadata': {'originalTrackingId': None, 'truckId': '浙B2U159', 'sealId': None, 'xmlReconciliationReport': None, 'csvReconciliationReport': None, 'inboundCompleteXmlReport': None, 'inboundUnloadCompleteXmlReport': None, 'unloadedXMLReport': {'bucketName': 'glenn-pr-reconcile-file-backup-cn-north-1-prod', 'key': 'INBOUND_IRN/ICND/R180719655-UNLOADED.xml'}, 'completedXMLReport': {'bucketName': 'glenn-pr-reconcile-file-backup-cn-north-1-prod', 'key': 'INBOUND_IRN/ICND/R180719655-COMPLETED.xml'}, 'internalCompletedReport': None, 'pickedContainerCount': None, 'sortedContainerCount': None, 'vasedContainerCount': None, 'vasedPalletCount': None, 'cancelledContainerCount': None, 'inventoryBindingCount': None, 'inventoryReservationCount': None, 'inventoryBindingContainerCount': None, 'problematicInventoryReservationInfo': None, 'orderOwnerId': None, 'irnV2Enabled': False, 'skipPreTaskCreation': False, 'shipper': None, 'shipperType': None, 'deferredAllocationRequired': False, 'weighingRequired': True, 'dimensioningRequired': True, 'inboundBookingRequired': True, 'inboundPrintingRequired': False, 'itemProcessingRequired': False, 'inboundContainerAssociated': False, 'outboundPalletizationRule': None, 'logisticDetails': None, 'businessType': 'GXD_FBA', 'vostokGDNRequired': False, 'expectedContainerCount': 0, 'loadIdList': None, 'bolDocumentAssetId': None, 'manifestDocumentAssetId': None, 'vasInstructions': None, 'loadType': None, 'containsHazmat': False}, 'inboundTransportationMode': None, 'criticalPullTime': None, 'crossDockFlag': None, 'prId': 'R180719655', 'status': 'COMPLETED', 'cancelledReasonCode': None, 'orderType': 'FBA_SHIPMENT', 'expectedArrivalTime': 1753952400000, 'expectedDepartureTime': 0, 'creationDate': 1753859362423, 'checkedInDate': 1753921745648, 'openTime': None, 'unloadCompletedDate': 1753929594895, 'completedDate': 1754023377141, 'lastUpdatedDate': 1754023377937, 'rootContainerId': 'AL2507300038', 'rootContainerType': 'VIRTUAL', 'numberOfContainers': 4, 'checkInUserId': 'A1IRRW943K5EB9', 'originalFacilityId': 'ICND', 'documentGenerationStatus': None, 'documentGenerationTime': None}
2025-08-01 13:31:36.085 | INFO     | __main__:orderfour:528 - R180719655
2025-08-01 13:31:36.570 | INFO     | __main__:orderfour:568 - 输出指令4的下层完成状态
2025-08-01 13:31:36.571 | INFO     | __main__:orderfour:569 - COMPLETED
2025-08-01 13:31:36.571 | INFO     | __main__:orderfour:576 - alo确认输出内层的特殊id
2025-08-01 13:31:36.571 | INFO     | __main__:orderfour:577 - AL0-TT375EB6RSXDM
2025-08-01 13:31:36.765 | INFO     | rpacapture:send_alarm_msg:125 - RPA亚集预警信息发送成功
2025-08-01 13:31:36.765 | INFO     | __main__:orderfour:600 - {'msgId': '1c4215ff-c5f7-491b-a25d-98f0f510366c', 'msgType': 4, 'resultCode': 0, 'resultMsg': '成功', 'timestamp': 1754022420030, 'workOrderNos': ['AL2507300038']}
2025-08-01 13:31:36.793 | INFO     | rpacapture:get_release_messages:48 - 剩余未执行指令数量：
2025-08-01 13:31:36.793 | INFO     | rpacapture:get_release_messages:51 - 获取的指令：{"msgId":"1c4215ff-c5f7-491b-a25d-98f0f510366c","msgType":4,"timestamp":1754022420030,"workOrderNos":["AL2507300027","AL2507300038"]}
2025-08-01 13:31:38.799 | INFO     | __main__:establish_connection:68 - 输出测试时期的识别标记
2025-08-01 13:31:38.799 | INFO     | __main__:establish_connection:69 - 4
2025-08-01 13:31:41.992 | INFO     | __main__:orderfour:525 - alo确认数据不为空,进行处理
2025-08-01 13:31:41.992 | INFO     | __main__:orderfour:526 - {'requestType': 'INBOUND_SHIPMENT', 'inventoryMovementType': 'INBOUND', 'facilityId': 'ICND', 'clientId': 'AGLC_APPOINTMENT', 'clientReferenceId': 'ICND_AL2507300027', 'referenceId': 'AL2507300027', 'checkInCode': None, 'srcNodeId': None, 'srcCountryCode': None, 'destNodeId': None, 'destCountryCode': 'DE', 'problematic': False, 'metadata': {'originalTrackingId': None, 'truckId': '鲁UU6650', 'sealId': None, 'xmlReconciliationReport': None, 'csvReconciliationReport': None, 'inboundCompleteXmlReport': None, 'inboundUnloadCompleteXmlReport': None, 'unloadedXMLReport': None, 'completedXMLReport': None, 'internalCompletedReport': None, 'pickedContainerCount': None, 'sortedContainerCount': None, 'vasedContainerCount': None, 'vasedPalletCount': None, 'cancelledContainerCount': None, 'inventoryBindingCount': None, 'inventoryReservationCount': None, 'inventoryBindingContainerCount': None, 'problematicInventoryReservationInfo': None, 'orderOwnerId': None, 'irnV2Enabled': False, 'skipPreTaskCreation': False, 'shipper': None, 'shipperType': None, 'deferredAllocationRequired': False, 'weighingRequired': True, 'dimensioningRequired': True, 'inboundBookingRequired': True, 'inboundPrintingRequired': False, 'itemProcessingRequired': False, 'inboundContainerAssociated': False, 'outboundPalletizationRule': None, 'logisticDetails': None, 'businessType': 'GXD_FBA', 'vostokGDNRequired': False, 'expectedContainerCount': 0, 'loadIdList': None, 'bolDocumentAssetId': None, 'manifestDocumentAssetId': None, 'vasInstructions': None, 'loadType': None, 'containsHazmat': False}, 'inboundTransportationMode': None, 'criticalPullTime': None, 'crossDockFlag': None, 'prId': 'R180717415', 'status': 'CREATED', 'cancelledReasonCode': None, 'orderType': 'FBA_SHIPMENT', 'expectedArrivalTime': 1753866000000, 'expectedDepartureTime': 0, 'creationDate': 1753848567278, 'checkedInDate': None, 'openTime': None, 'unloadCompletedDate': None, 'completedDate': None, 'lastUpdatedDate': 1753848567346, 'rootContainerId': 'AL2507300027', 'rootContainerType': 'VIRTUAL', 'numberOfContainers': 4, 'checkInUserId': None, 'originalFacilityId': 'ICND', 'documentGenerationStatus': None, 'documentGenerationTime': None}
2025-08-01 13:31:41.993 | INFO     | __main__:orderfour:528 - R180717415
2025-08-01 13:31:42.209 | INFO     | __main__:orderfour:553 - detail   信息为空列表
2025-08-01 13:31:42.209 | INFO     | __main__:orderfour:568 - 输出指令4的下层完成状态
2025-08-01 13:31:42.209 | INFO     | __main__:orderfour:569 - 
2025-08-01 13:31:42.209 | INFO     | __main__:orderfour:576 - alo确认输出内层的特殊id
2025-08-01 13:31:42.209 | INFO     | __main__:orderfour:577 - 
2025-08-01 13:31:42.430 | INFO     | __main__:orderfour:632 - detail   信息为空列表
2025-08-01 13:31:42.431 | INFO     | __main__:orderfour:656 - alo确认输出内层的特殊id
2025-08-01 13:31:42.431 | INFO     | __main__:orderfour:657 - 
2025-08-01 13:31:42.615 | INFO     | __main__:orderfour:679 - 此笔Alo 完成pr执行异常 请人工介入AL2507300027
2025-08-01 13:31:42.789 | INFO     | rpacapture:send_alarm_msg:125 - RPA亚集预警信息发送成功
2025-08-01 13:31:42.971 | INFO     | __main__:orderfour:525 - alo确认数据不为空,进行处理
2025-08-01 13:31:42.971 | INFO     | __main__:orderfour:526 - {'requestType': 'INBOUND_SHIPMENT', 'inventoryMovementType': 'INBOUND', 'facilityId': 'ICND', 'clientId': 'AGLC_APPOINTMENT', 'clientReferenceId': 'ICND_AL2507300038', 'referenceId': 'AL2507300038', 'checkInCode': None, 'srcNodeId': None, 'srcCountryCode': None, 'destNodeId': None, 'destCountryCode': 'DE', 'problematic': False, 'metadata': {'originalTrackingId': None, 'truckId': '浙B2U159', 'sealId': None, 'xmlReconciliationReport': None, 'csvReconciliationReport': None, 'inboundCompleteXmlReport': None, 'inboundUnloadCompleteXmlReport': None, 'unloadedXMLReport': {'bucketName': 'glenn-pr-reconcile-file-backup-cn-north-1-prod', 'key': 'INBOUND_IRN/ICND/R180719655-UNLOADED.xml'}, 'completedXMLReport': {'bucketName': 'glenn-pr-reconcile-file-backup-cn-north-1-prod', 'key': 'INBOUND_IRN/ICND/R180719655-COMPLETED.xml'}, 'internalCompletedReport': None, 'pickedContainerCount': None, 'sortedContainerCount': None, 'vasedContainerCount': None, 'vasedPalletCount': None, 'cancelledContainerCount': None, 'inventoryBindingCount': None, 'inventoryReservationCount': None, 'inventoryBindingContainerCount': None, 'problematicInventoryReservationInfo': None, 'orderOwnerId': None, 'irnV2Enabled': False, 'skipPreTaskCreation': False, 'shipper': None, 'shipperType': None, 'deferredAllocationRequired': False, 'weighingRequired': True, 'dimensioningRequired': True, 'inboundBookingRequired': True, 'inboundPrintingRequired': False, 'itemProcessingRequired': False, 'inboundContainerAssociated': False, 'outboundPalletizationRule': None, 'logisticDetails': None, 'businessType': 'GXD_FBA', 'vostokGDNRequired': False, 'expectedContainerCount': 0, 'loadIdList': None, 'bolDocumentAssetId': None, 'manifestDocumentAssetId': None, 'vasInstructions': None, 'loadType': None, 'containsHazmat': False}, 'inboundTransportationMode': None, 'criticalPullTime': None, 'crossDockFlag': None, 'prId': 'R180719655', 'status': 'COMPLETED', 'cancelledReasonCode': None, 'orderType': 'FBA_SHIPMENT', 'expectedArrivalTime': 1753952400000, 'expectedDepartureTime': 0, 'creationDate': 1753859362423, 'checkedInDate': 1753921745648, 'openTime': None, 'unloadCompletedDate': 1753929594895, 'completedDate': 1754023377141, 'lastUpdatedDate': 1754023377937, 'rootContainerId': 'AL2507300038', 'rootContainerType': 'VIRTUAL', 'numberOfContainers': 4, 'checkInUserId': 'A1IRRW943K5EB9', 'originalFacilityId': 'ICND', 'documentGenerationStatus': None, 'documentGenerationTime': None}
2025-08-01 13:31:42.971 | INFO     | __main__:orderfour:528 - R180719655
2025-08-01 13:31:43.220 | INFO     | __main__:orderfour:568 - 输出指令4的下层完成状态
2025-08-01 13:31:43.221 | INFO     | __main__:orderfour:569 - COMPLETED
2025-08-01 13:31:43.221 | INFO     | __main__:orderfour:576 - alo确认输出内层的特殊id
2025-08-01 13:31:43.221 | INFO     | __main__:orderfour:577 - AL0-TT375EB6RSXDM
2025-08-01 13:31:43.409 | INFO     | rpacapture:send_alarm_msg:125 - RPA亚集预警信息发送成功
2025-08-01 13:31:43.409 | INFO     | __main__:orderfour:600 - {'msgId': '1c4215ff-c5f7-491b-a25d-98f0f510366c', 'msgType': 4, 'resultCode': 0, 'resultMsg': '成功', 'timestamp': 1754022420030, 'workOrderNos': ['AL2507300038']}
2025-08-01 13:31:43.501 | INFO     | rpacapture:get_release_messages:48 - 剩余未执行指令数量：
2025-08-01 13:31:43.501 | INFO     | rpacapture:get_release_messages:51 - 获取的指令：{"msgId":"1c4215ff-c5f7-491b-a25d-98f0f510366c","msgType":4,"timestamp":1754022420030,"workOrderNos":["AL2507300027","AL2507300038"]}
2025-08-01 13:31:45.502 | INFO     | __main__:establish_connection:68 - 输出测试时期的识别标记
2025-08-01 13:31:45.502 | INFO     | __main__:establish_connection:69 - 4
2025-08-01 13:31:48.698 | INFO     | __main__:orderfour:525 - alo确认数据不为空,进行处理
2025-08-01 13:31:48.699 | INFO     | __main__:orderfour:526 - {'requestType': 'INBOUND_SHIPMENT', 'inventoryMovementType': 'INBOUND', 'facilityId': 'ICND', 'clientId': 'AGLC_APPOINTMENT', 'clientReferenceId': 'ICND_AL2507300027', 'referenceId': 'AL2507300027', 'checkInCode': None, 'srcNodeId': None, 'srcCountryCode': None, 'destNodeId': None, 'destCountryCode': 'DE', 'problematic': False, 'metadata': {'originalTrackingId': None, 'truckId': '鲁UU6650', 'sealId': None, 'xmlReconciliationReport': None, 'csvReconciliationReport': None, 'inboundCompleteXmlReport': None, 'inboundUnloadCompleteXmlReport': None, 'unloadedXMLReport': None, 'completedXMLReport': None, 'internalCompletedReport': None, 'pickedContainerCount': None, 'sortedContainerCount': None, 'vasedContainerCount': None, 'vasedPalletCount': None, 'cancelledContainerCount': None, 'inventoryBindingCount': None, 'inventoryReservationCount': None, 'inventoryBindingContainerCount': None, 'problematicInventoryReservationInfo': None, 'orderOwnerId': None, 'irnV2Enabled': False, 'skipPreTaskCreation': False, 'shipper': None, 'shipperType': None, 'deferredAllocationRequired': False, 'weighingRequired': True, 'dimensioningRequired': True, 'inboundBookingRequired': True, 'inboundPrintingRequired': False, 'itemProcessingRequired': False, 'inboundContainerAssociated': False, 'outboundPalletizationRule': None, 'logisticDetails': None, 'businessType': 'GXD_FBA', 'vostokGDNRequired': False, 'expectedContainerCount': 0, 'loadIdList': None, 'bolDocumentAssetId': None, 'manifestDocumentAssetId': None, 'vasInstructions': None, 'loadType': None, 'containsHazmat': False}, 'inboundTransportationMode': None, 'criticalPullTime': None, 'crossDockFlag': None, 'prId': 'R180717415', 'status': 'CREATED', 'cancelledReasonCode': None, 'orderType': 'FBA_SHIPMENT', 'expectedArrivalTime': 1753866000000, 'expectedDepartureTime': 0, 'creationDate': 1753848567278, 'checkedInDate': None, 'openTime': None, 'unloadCompletedDate': None, 'completedDate': None, 'lastUpdatedDate': 1753848567346, 'rootContainerId': 'AL2507300027', 'rootContainerType': 'VIRTUAL', 'numberOfContainers': 4, 'checkInUserId': None, 'originalFacilityId': 'ICND', 'documentGenerationStatus': None, 'documentGenerationTime': None}
2025-08-01 13:31:48.699 | INFO     | __main__:orderfour:528 - R180717415
2025-08-01 13:31:48.924 | INFO     | __main__:orderfour:553 - detail   信息为空列表
2025-08-01 13:31:48.924 | INFO     | __main__:orderfour:568 - 输出指令4的下层完成状态
2025-08-01 13:31:48.924 | INFO     | __main__:orderfour:569 - 
2025-08-01 13:31:48.924 | INFO     | __main__:orderfour:576 - alo确认输出内层的特殊id
2025-08-01 13:31:48.924 | INFO     | __main__:orderfour:577 - 
2025-08-01 13:31:49.155 | INFO     | __main__:orderfour:632 - detail   信息为空列表
2025-08-01 13:31:49.155 | INFO     | __main__:orderfour:656 - alo确认输出内层的特殊id
2025-08-01 13:31:49.155 | INFO     | __main__:orderfour:657 - 
2025-08-01 13:31:49.329 | INFO     | __main__:orderfour:679 - 此笔Alo 完成pr执行异常 请人工介入AL2507300027
2025-08-01 13:31:49.518 | INFO     | rpacapture:send_alarm_msg:125 - RPA亚集预警信息发送成功
2025-08-01 13:31:49.700 | INFO     | __main__:orderfour:525 - alo确认数据不为空,进行处理
2025-08-01 13:31:49.700 | INFO     | __main__:orderfour:526 - {'requestType': 'INBOUND_SHIPMENT', 'inventoryMovementType': 'INBOUND', 'facilityId': 'ICND', 'clientId': 'AGLC_APPOINTMENT', 'clientReferenceId': 'ICND_AL2507300038', 'referenceId': 'AL2507300038', 'checkInCode': None, 'srcNodeId': None, 'srcCountryCode': None, 'destNodeId': None, 'destCountryCode': 'DE', 'problematic': False, 'metadata': {'originalTrackingId': None, 'truckId': '浙B2U159', 'sealId': None, 'xmlReconciliationReport': None, 'csvReconciliationReport': None, 'inboundCompleteXmlReport': None, 'inboundUnloadCompleteXmlReport': None, 'unloadedXMLReport': {'bucketName': 'glenn-pr-reconcile-file-backup-cn-north-1-prod', 'key': 'INBOUND_IRN/ICND/R180719655-UNLOADED.xml'}, 'completedXMLReport': {'bucketName': 'glenn-pr-reconcile-file-backup-cn-north-1-prod', 'key': 'INBOUND_IRN/ICND/R180719655-COMPLETED.xml'}, 'internalCompletedReport': None, 'pickedContainerCount': None, 'sortedContainerCount': None, 'vasedContainerCount': None, 'vasedPalletCount': None, 'cancelledContainerCount': None, 'inventoryBindingCount': None, 'inventoryReservationCount': None, 'inventoryBindingContainerCount': None, 'problematicInventoryReservationInfo': None, 'orderOwnerId': None, 'irnV2Enabled': False, 'skipPreTaskCreation': False, 'shipper': None, 'shipperType': None, 'deferredAllocationRequired': False, 'weighingRequired': True, 'dimensioningRequired': True, 'inboundBookingRequired': True, 'inboundPrintingRequired': False, 'itemProcessingRequired': False, 'inboundContainerAssociated': False, 'outboundPalletizationRule': None, 'logisticDetails': None, 'businessType': 'GXD_FBA', 'vostokGDNRequired': False, 'expectedContainerCount': 0, 'loadIdList': None, 'bolDocumentAssetId': None, 'manifestDocumentAssetId': None, 'vasInstructions': None, 'loadType': None, 'containsHazmat': False}, 'inboundTransportationMode': None, 'criticalPullTime': None, 'crossDockFlag': None, 'prId': 'R180719655', 'status': 'COMPLETED', 'cancelledReasonCode': None, 'orderType': 'FBA_SHIPMENT', 'expectedArrivalTime': 1753952400000, 'expectedDepartureTime': 0, 'creationDate': 1753859362423, 'checkedInDate': 1753921745648, 'openTime': None, 'unloadCompletedDate': 1753929594895, 'completedDate': 1754023377141, 'lastUpdatedDate': 1754023377937, 'rootContainerId': 'AL2507300038', 'rootContainerType': 'VIRTUAL', 'numberOfContainers': 4, 'checkInUserId': 'A1IRRW943K5EB9', 'originalFacilityId': 'ICND', 'documentGenerationStatus': None, 'documentGenerationTime': None}
2025-08-01 13:31:49.701 | INFO     | __main__:orderfour:528 - R180719655
2025-08-01 13:31:49.945 | INFO     | __main__:orderfour:568 - 输出指令4的下层完成状态
2025-08-01 13:31:49.945 | INFO     | __main__:orderfour:569 - COMPLETED
2025-08-01 13:31:49.945 | INFO     | __main__:orderfour:576 - alo确认输出内层的特殊id
2025-08-01 13:31:49.945 | INFO     | __main__:orderfour:577 - AL0-TT375EB6RSXDM
2025-08-01 13:31:50.159 | INFO     | rpacapture:send_alarm_msg:125 - RPA亚集预警信息发送成功
2025-08-01 13:31:50.159 | INFO     | __main__:orderfour:600 - {'msgId': '1c4215ff-c5f7-491b-a25d-98f0f510366c', 'msgType': 4, 'resultCode': 0, 'resultMsg': '成功', 'timestamp': 1754022420030, 'workOrderNos': ['AL2507300038']}
