2025-06-26 10:34:51.453 | INFO     | rpacapture:send_alarm_msg:125 - RPA亚集预警信息发送成功
2025-06-26 10:34:51.454 | ERROR    | __main__:<module>:775 - StreamLostError: ("Stream connection lost: ConnectionResetError(54, 'Connection reset by peer')",)
2025-06-26 10:56:30.541 | INFO     | rpacapture:send_alarm_msg:125 - RPA亚集预警信息发送成功
2025-06-26 10:56:30.542 | ERROR    | __main__:<module>:775 - ConnectionClosedByBroker: (530) "NOT_ALLOWED - access to vhost 'dub' refused for user 'ebao_admin'"
2025-06-26 10:56:34.821 | INFO     | rpacapture:send_alarm_msg:125 - RPA亚集预警信息发送成功
2025-06-26 10:56:34.821 | ERROR    | __main__:<module>:775 - ConnectionClosedByBroker: (530) "NOT_ALLOWED - access to vhost 'dub' refused for user 'ebao_admin'"
2025-06-26 10:58:48.310 | INFO     | rpacapture:get_release_messages:48 - 剩余未执行指令数量：
2025-06-26 10:58:48.311 | INFO     | rpacapture:get_release_messages:51 - 获取的指令：1
2025-06-26 10:58:50.119 | INFO     | __main__:rpapage:105 - 进入目标网址(有头模式)https://xb-node.amazon.cn/
2025-06-26 10:58:51.209 | INFO     | __main__:rpapage:109 - 第一次cookie状态检测
2025-06-26 10:58:51.210 | INFO     | __main__:rpapage:114 - {'csm-hit': 'tb:s-EE6FHRGSVP0QDGXZR8E6|1750906730917&t:1750906730917', 'session-id-time': '2381626730l', 'session-id': '462-6284753-0567414'}
2025-06-26 10:58:51.210 | INFO     | __main__:rpapage:115 - 登录标识状态A
2025-06-26 10:58:51.210 | INFO     | __main__:rpapage:116 - None
2025-06-26 10:59:06.109 | INFO     | __main__:establish_connection:58 - RPA登陆页面异常：
No element found.
Method: ele()
Arguments: {'locator': '#signInSubmit', 'index': 1, 'timeout': 10}
Version: 4.1.0.18
2025-06-26 10:59:06.367 | INFO     | rpacapture:send_alarm_msg:125 - RPA亚集预警信息发送成功
2025-06-26 10:59:06.367 | ERROR    | __main__:<module>:775 - 'int' object is not subscriptable
2025-06-26 10:59:33.487 | INFO     | rpacapture:get_release_messages:48 - 剩余未执行指令数量：
2025-06-26 10:59:33.487 | INFO     | rpacapture:get_release_messages:51 - 获取的指令：1
2025-06-26 10:59:34.136 | INFO     | __main__:rpapage:105 - 进入目标网址(有头模式)https://xb-node.amazon.cn/
2025-06-26 10:59:34.579 | INFO     | __main__:rpapage:109 - 第一次cookie状态检测
2025-06-26 10:59:34.580 | INFO     | __main__:rpapage:114 - {'csm-hit': 'tb:s-MQVVAV3ZDEK2QX8GA44A|1750906774401&t:1750906774433&adb:adblk_no', 'lc-main': 'zh_CN', 'at-main': 'Atza|IwEBIAq0q9w-92OIalKYX8EWE2EPlRNyjo-p3-GjPsXc-q93o01DtaTX7jLFL94q0M9BoQY4DrTY9uAk_xOIO9ZZHW90C8WzArVoblLK02PkM9jUnZi-byuo-Ds0ui9Ze4v2BDPU8PevyQgUp-S25zd5s1_rCDkrGiX0vC1JqLAFzEbgMwCcBRdpV-eUc3Ynyp8lmgn3PE3D0b22ZGs9Kp-oLngjMV380kY89vXQrsUEqi-rMw', 'sess-at-main': '"drF5JFjKHfdRZhA3wQbvPhtPwT29W9FixT2fnBeDsVs="', 'x-main': '"t1@aUIHLvqj@Oxp0a1WC9xNw7Kxc1abETjfw8ZQ6iPM4iIEuVAt1Lx9MTBxTV7lA"', 'session-token': '"SZSmYY4ctKTW8BR2Uy8NYQJX6x4qllFWhHGSXD/Kyo5tzVYarnIFiZA8L3l+CJRSLTIEV4Msy1ww7MO6Agc79eamxRtj1hiX703x0Ag51BCI5bRFyvD8VAcOtn2E4ZBFqFX7m3eyEgMLuX7ls1z5IlDHUoDnchW4fHWhbY6y0Pz97Til4w56RvBoEqrZaJ6wIKwiNepDpaGMDMN1L0VG4n0rOtxFBBczQtkTRPQhDLpLd7lf9mn1TRo9LnPcnf6XibZ8elkg8JN0Pr7wRcXQ57EFKWqdqT0T/4gjDxv/QVeMw16EFrec2ojF2jUirHoS2MYgevTiQ4XXcj5xYK908/hzScKa8VqTRyl5nnxvcwybuYp9aNhwEg=="', 'ubid-main': '461-1015444-4070748', 'session-id-time': '2381626735l', 'session-id': '462-6284753-0567414'}
2025-06-26 10:59:34.580 | INFO     | __main__:rpapage:115 - 登录标识状态A
2025-06-26 10:59:34.580 | INFO     | __main__:rpapage:116 - "drF5JFjKHfdRZhA3wQbvPhtPwT29W9FixT2fnBeDsVs="
2025-06-26 10:59:34.580 | INFO     | __main__:rpapage:125 - 第二次cookie状态检测
2025-06-26 10:59:34.581 | INFO     | __main__:rpapage:129 - {'csm-hit': 'tb:s-MQVVAV3ZDEK2QX8GA44A|1750906774401&t:1750906774433&adb:adblk_no', 'lc-main': 'zh_CN', 'at-main': 'Atza|IwEBIAq0q9w-92OIalKYX8EWE2EPlRNyjo-p3-GjPsXc-q93o01DtaTX7jLFL94q0M9BoQY4DrTY9uAk_xOIO9ZZHW90C8WzArVoblLK02PkM9jUnZi-byuo-Ds0ui9Ze4v2BDPU8PevyQgUp-S25zd5s1_rCDkrGiX0vC1JqLAFzEbgMwCcBRdpV-eUc3Ynyp8lmgn3PE3D0b22ZGs9Kp-oLngjMV380kY89vXQrsUEqi-rMw', 'sess-at-main': '"drF5JFjKHfdRZhA3wQbvPhtPwT29W9FixT2fnBeDsVs="', 'x-main': '"t1@aUIHLvqj@Oxp0a1WC9xNw7Kxc1abETjfw8ZQ6iPM4iIEuVAt1Lx9MTBxTV7lA"', 'session-token': '"SZSmYY4ctKTW8BR2Uy8NYQJX6x4qllFWhHGSXD/Kyo5tzVYarnIFiZA8L3l+CJRSLTIEV4Msy1ww7MO6Agc79eamxRtj1hiX703x0Ag51BCI5bRFyvD8VAcOtn2E4ZBFqFX7m3eyEgMLuX7ls1z5IlDHUoDnchW4fHWhbY6y0Pz97Til4w56RvBoEqrZaJ6wIKwiNepDpaGMDMN1L0VG4n0rOtxFBBczQtkTRPQhDLpLd7lf9mn1TRo9LnPcnf6XibZ8elkg8JN0Pr7wRcXQ57EFKWqdqT0T/4gjDxv/QVeMw16EFrec2ojF2jUirHoS2MYgevTiQ4XXcj5xYK908/hzScKa8VqTRyl5nnxvcwybuYp9aNhwEg=="', 'ubid-main': '461-1015444-4070748', 'session-id-time': '2381626735l', 'session-id': '462-6284753-0567414'}
2025-06-26 10:59:34.581 | INFO     | __main__:rpapage:130 - 登录标识状态B  
2025-06-26 10:59:34.581 | INFO     | __main__:rpapage:131 - "drF5JFjKHfdRZhA3wQbvPhtPwT29W9FixT2fnBeDsVs="
2025-06-26 10:59:40.841 | INFO     | rpacapture:send_alarm_msg:125 - RPA亚集预警信息发送成功
2025-06-26 10:59:40.842 | ERROR    | __main__:<module>:775 - 'int' object is not subscriptable
2025-06-26 11:27:46.229 | INFO     | rpacapture:get_release_messages:48 - 剩余未执行指令数量：
2025-06-26 11:27:46.230 | INFO     | rpacapture:get_release_messages:51 - 获取的指令：{"msgId":"a0097557-1813-4431-a34f-85fe2484479c","msgType":3,"timestamp":1750906800162,"workOrderNo":"AL2506260019"}
2025-06-26 11:27:46.242 | INFO     | __main__:rpapage:105 - 进入目标网址(有头模式)https://xb-node.amazon.cn/
2025-06-26 11:27:46.969 | INFO     | __main__:rpapage:109 - 第一次cookie状态检测
2025-06-26 11:27:46.974 | INFO     | __main__:rpapage:114 - {'csm-hit': 'tb:s-AXACZZ9MXJKXC85DMR5F|1750908466601&t:1750908466631&adb:adblk_no', 'lc-main': 'zh_CN', 'at-main': 'Atza|IwEBIAq0q9w-92OIalKYX8EWE2EPlRNyjo-p3-GjPsXc-q93o01DtaTX7jLFL94q0M9BoQY4DrTY9uAk_xOIO9ZZHW90C8WzArVoblLK02PkM9jUnZi-byuo-Ds0ui9Ze4v2BDPU8PevyQgUp-S25zd5s1_rCDkrGiX0vC1JqLAFzEbgMwCcBRdpV-eUc3Ynyp8lmgn3PE3D0b22ZGs9Kp-oLngjMV380kY89vXQrsUEqi-rMw', 'sess-at-main': '"drF5JFjKHfdRZhA3wQbvPhtPwT29W9FixT2fnBeDsVs="', 'x-main': '"t1@aUIHLvqj@Oxp0a1WC9xNw7Kxc1abETjfw8ZQ6iPM4iIEuVAt1Lx9MTBxTV7lA"', 'session-token': '"SZSmYY4ctKTW8BR2Uy8NYQJX6x4qllFWhHGSXD/Kyo5tzVYarnIFiZA8L3l+CJRSLTIEV4Msy1ww7MO6Agc79eamxRtj1hiX703x0Ag51BCI5bRFyvD8VAcOtn2E4ZBFqFX7m3eyEgMLuX7ls1z5IlDHUoDnchW4fHWhbY6y0Pz97Til4w56RvBoEqrZaJ6wIKwiNepDpaGMDMN1L0VG4n0rOtxFBBczQtkTRPQhDLpLd7lf9mn1TRo9LnPcnf6XibZ8elkg8JN0Pr7wRcXQ57EFKWqdqT0T/4gjDxv/QVeMw16EFrec2ojF2jUirHoS2MYgevTiQ4XXcj5xYK908/hzScKa8VqTRyl5nnxvcwybuYp9aNhwEg=="', 'ubid-main': '461-1015444-4070748', 'session-id-time': '2381626735l', 'session-id': '462-6284753-0567414'}
2025-06-26 11:27:46.974 | INFO     | __main__:rpapage:115 - 登录标识状态A
2025-06-26 11:27:46.974 | INFO     | __main__:rpapage:116 - "drF5JFjKHfdRZhA3wQbvPhtPwT29W9FixT2fnBeDsVs="
2025-06-26 11:27:46.974 | INFO     | __main__:rpapage:125 - 第二次cookie状态检测
2025-06-26 11:27:46.976 | INFO     | __main__:rpapage:129 - {'csm-hit': 'tb:s-AXACZZ9MXJKXC85DMR5F|1750908466601&t:1750908466631&adb:adblk_no', 'lc-main': 'zh_CN', 'at-main': 'Atza|IwEBIAq0q9w-92OIalKYX8EWE2EPlRNyjo-p3-GjPsXc-q93o01DtaTX7jLFL94q0M9BoQY4DrTY9uAk_xOIO9ZZHW90C8WzArVoblLK02PkM9jUnZi-byuo-Ds0ui9Ze4v2BDPU8PevyQgUp-S25zd5s1_rCDkrGiX0vC1JqLAFzEbgMwCcBRdpV-eUc3Ynyp8lmgn3PE3D0b22ZGs9Kp-oLngjMV380kY89vXQrsUEqi-rMw', 'sess-at-main': '"drF5JFjKHfdRZhA3wQbvPhtPwT29W9FixT2fnBeDsVs="', 'x-main': '"t1@aUIHLvqj@Oxp0a1WC9xNw7Kxc1abETjfw8ZQ6iPM4iIEuVAt1Lx9MTBxTV7lA"', 'session-token': '"SZSmYY4ctKTW8BR2Uy8NYQJX6x4qllFWhHGSXD/Kyo5tzVYarnIFiZA8L3l+CJRSLTIEV4Msy1ww7MO6Agc79eamxRtj1hiX703x0Ag51BCI5bRFyvD8VAcOtn2E4ZBFqFX7m3eyEgMLuX7ls1z5IlDHUoDnchW4fHWhbY6y0Pz97Til4w56RvBoEqrZaJ6wIKwiNepDpaGMDMN1L0VG4n0rOtxFBBczQtkTRPQhDLpLd7lf9mn1TRo9LnPcnf6XibZ8elkg8JN0Pr7wRcXQ57EFKWqdqT0T/4gjDxv/QVeMw16EFrec2ojF2jUirHoS2MYgevTiQ4XXcj5xYK908/hzScKa8VqTRyl5nnxvcwybuYp9aNhwEg=="', 'ubid-main': '461-1015444-4070748', 'session-id-time': '2381626735l', 'session-id': '462-6284753-0567414'}
2025-06-26 11:27:46.976 | INFO     | __main__:rpapage:130 - 登录标识状态B  
2025-06-26 11:27:46.976 | INFO     | __main__:rpapage:131 - "drF5JFjKHfdRZhA3wQbvPhtPwT29W9FixT2fnBeDsVs="
2025-06-26 11:27:52.985 | INFO     | __main__:establish_connection:68 - 输出测试时期的识别标记
2025-06-26 11:27:52.990 | INFO     | __main__:establish_connection:69 - 3
2025-06-26 11:27:56.215 | INFO     | __main__:orderthree:460 - 数据不为空,进行处理
2025-06-26 11:27:56.216 | INFO     | __main__:orderthree:461 - {'requestType': 'INBOUND_SHIPMENT', 'inventoryMovementType': 'INBOUND', 'facilityId': 'ICND', 'clientId': 'AGLC_APPOINTMENT', 'clientReferenceId': 'ICND_AL2506260019', 'referenceId': 'AL2506260019', 'checkInCode': None, 'srcNodeId': None, 'srcCountryCode': None, 'destNodeId': None, 'destCountryCode': 'DE', 'problematic': False, 'metadata': {'originalTrackingId': None, 'truckId': '浙B1A568', 'sealId': None, 'xmlReconciliationReport': None, 'csvReconciliationReport': None, 'inboundCompleteXmlReport': None, 'inboundUnloadCompleteXmlReport': None, 'unloadedXMLReport': None, 'completedXMLReport': None, 'internalCompletedReport': None, 'pickedContainerCount': None, 'sortedContainerCount': None, 'vasedContainerCount': None, 'vasedPalletCount': None, 'cancelledContainerCount': None, 'inventoryBindingCount': None, 'inventoryReservationCount': None, 'inventoryBindingContainerCount': None, 'problematicInventoryReservationInfo': None, 'orderOwnerId': None, 'irnV2Enabled': False, 'skipPreTaskCreation': False, 'shipper': None, 'shipperType': None, 'deferredAllocationRequired': False, 'weighingRequired': True, 'dimensioningRequired': True, 'inboundBookingRequired': True, 'inboundPrintingRequired': False, 'itemProcessingRequired': False, 'inboundContainerAssociated': False, 'outboundPalletizationRule': None, 'logisticDetails': None, 'businessType': 'GXD_FBA', 'vostokGDNRequired': False, 'expectedContainerCount': 0, 'loadIdList': None, 'bolDocumentAssetId': None, 'manifestDocumentAssetId': None, 'vasInstructions': None, 'loadType': None, 'containsHazmat': False}, 'inboundTransportationMode': None, 'criticalPullTime': None, 'crossDockFlag': None, 'prId': 'R177236375', 'status': 'CREATED', 'cancelledReasonCode': None, 'orderType': 'FBA_SHIPMENT', 'expectedArrivalTime': 1750917600000, 'expectedDepartureTime': 0, 'creationDate': 1750906461300, 'checkedInDate': None, 'openTime': None, 'unloadCompletedDate': None, 'completedDate': None, 'lastUpdatedDate': 1750906461343, 'rootContainerId': 'AL2506260019', 'rootContainerType': 'VIRTUAL', 'numberOfContainers': 2, 'checkInUserId': None, 'originalFacilityId': 'ICND', 'documentGenerationStatus': None, 'documentGenerationTime': None}
2025-06-26 11:27:56.216 | INFO     | __main__:orderthree:463 - R177236375
2025-06-26 11:27:56.216 | INFO     | __main__:orderthree:475 - {'msgId': 'a0097557-1813-4431-a34f-85fe2484479c', 'msgType': 3, 'resultCode': 0, 'resultMsg': '成功', 'timestamp': 1750906800162, 'workOrderNo': 'AL2506260019', 'unloadingTime': None}
2025-06-26 11:38:52.495 | INFO     | rpacapture:get_release_messages:48 - 剩余未执行指令数量：
2025-06-26 11:38:52.496 | INFO     | rpacapture:get_release_messages:51 - 获取的指令：{"al0No":"AL0-UMQC7KECHFTHW","msgId":"25b9aa56-f7cf-49f2-8d0c-f0bc6b248ee2","msgType":5,"timestamp":1750897800015}
2025-06-26 11:38:53.613 | INFO     | __main__:rpapage:105 - 进入目标网址(有头模式)https://xb-node.amazon.cn/
2025-06-26 11:38:54.039 | INFO     | __main__:rpapage:109 - 第一次cookie状态检测
2025-06-26 11:38:54.040 | INFO     | __main__:rpapage:114 - {'csm-hit': 'tb:s-QG7F9VMHAN2TDRXD3AYW|1750909133928&t:1750909133972&adb:adblk_no', 'lc-main': 'zh_CN', 'at-main': 'Atza|IwEBIAq0q9w-92OIalKYX8EWE2EPlRNyjo-p3-GjPsXc-q93o01DtaTX7jLFL94q0M9BoQY4DrTY9uAk_xOIO9ZZHW90C8WzArVoblLK02PkM9jUnZi-byuo-Ds0ui9Ze4v2BDPU8PevyQgUp-S25zd5s1_rCDkrGiX0vC1JqLAFzEbgMwCcBRdpV-eUc3Ynyp8lmgn3PE3D0b22ZGs9Kp-oLngjMV380kY89vXQrsUEqi-rMw', 'sess-at-main': '"drF5JFjKHfdRZhA3wQbvPhtPwT29W9FixT2fnBeDsVs="', 'x-main': '"t1@aUIHLvqj@Oxp0a1WC9xNw7Kxc1abETjfw8ZQ6iPM4iIEuVAt1Lx9MTBxTV7lA"', 'session-token': '"SZSmYY4ctKTW8BR2Uy8NYQJX6x4qllFWhHGSXD/Kyo5tzVYarnIFiZA8L3l+CJRSLTIEV4Msy1ww7MO6Agc79eamxRtj1hiX703x0Ag51BCI5bRFyvD8VAcOtn2E4ZBFqFX7m3eyEgMLuX7ls1z5IlDHUoDnchW4fHWhbY6y0Pz97Til4w56RvBoEqrZaJ6wIKwiNepDpaGMDMN1L0VG4n0rOtxFBBczQtkTRPQhDLpLd7lf9mn1TRo9LnPcnf6XibZ8elkg8JN0Pr7wRcXQ57EFKWqdqT0T/4gjDxv/QVeMw16EFrec2ojF2jUirHoS2MYgevTiQ4XXcj5xYK908/hzScKa8VqTRyl5nnxvcwybuYp9aNhwEg=="', 'ubid-main': '461-1015444-4070748', 'session-id-time': '2381626735l', 'session-id': '462-6284753-0567414'}
2025-06-26 11:38:54.040 | INFO     | __main__:rpapage:115 - 登录标识状态A
2025-06-26 11:38:54.040 | INFO     | __main__:rpapage:116 - "drF5JFjKHfdRZhA3wQbvPhtPwT29W9FixT2fnBeDsVs="
2025-06-26 11:38:54.040 | INFO     | __main__:rpapage:125 - 第二次cookie状态检测
2025-06-26 11:38:54.040 | INFO     | __main__:rpapage:129 - {'csm-hit': 'tb:s-QG7F9VMHAN2TDRXD3AYW|1750909133928&t:1750909133972&adb:adblk_no', 'lc-main': 'zh_CN', 'at-main': 'Atza|IwEBIAq0q9w-92OIalKYX8EWE2EPlRNyjo-p3-GjPsXc-q93o01DtaTX7jLFL94q0M9BoQY4DrTY9uAk_xOIO9ZZHW90C8WzArVoblLK02PkM9jUnZi-byuo-Ds0ui9Ze4v2BDPU8PevyQgUp-S25zd5s1_rCDkrGiX0vC1JqLAFzEbgMwCcBRdpV-eUc3Ynyp8lmgn3PE3D0b22ZGs9Kp-oLngjMV380kY89vXQrsUEqi-rMw', 'sess-at-main': '"drF5JFjKHfdRZhA3wQbvPhtPwT29W9FixT2fnBeDsVs="', 'x-main': '"t1@aUIHLvqj@Oxp0a1WC9xNw7Kxc1abETjfw8ZQ6iPM4iIEuVAt1Lx9MTBxTV7lA"', 'session-token': '"SZSmYY4ctKTW8BR2Uy8NYQJX6x4qllFWhHGSXD/Kyo5tzVYarnIFiZA8L3l+CJRSLTIEV4Msy1ww7MO6Agc79eamxRtj1hiX703x0Ag51BCI5bRFyvD8VAcOtn2E4ZBFqFX7m3eyEgMLuX7ls1z5IlDHUoDnchW4fHWhbY6y0Pz97Til4w56RvBoEqrZaJ6wIKwiNepDpaGMDMN1L0VG4n0rOtxFBBczQtkTRPQhDLpLd7lf9mn1TRo9LnPcnf6XibZ8elkg8JN0Pr7wRcXQ57EFKWqdqT0T/4gjDxv/QVeMw16EFrec2ojF2jUirHoS2MYgevTiQ4XXcj5xYK908/hzScKa8VqTRyl5nnxvcwybuYp9aNhwEg=="', 'ubid-main': '461-1015444-4070748', 'session-id-time': '2381626735l', 'session-id': '462-6284753-0567414'}
2025-06-26 11:38:54.040 | INFO     | __main__:rpapage:130 - 登录标识状态B  
2025-06-26 11:38:54.040 | INFO     | __main__:rpapage:131 - "drF5JFjKHfdRZhA3wQbvPhtPwT29W9FixT2fnBeDsVs="
2025-06-26 11:39:00.046 | INFO     | __main__:establish_connection:68 - 输出测试时期的识别标记
2025-06-26 11:39:00.047 | INFO     | __main__:establish_connection:69 - 5
2025-06-26 11:39:00.047 | INFO     | __main__:orderfive:687 - 指令5的alo详情获取数据状态接口触发成功 开始执行
2025-06-26 11:39:00.327 | INFO     | __main__:orderfive:707 - 指令5的数据状态接口触发成功 执行后续步骤 
2025-06-26 11:39:00.327 | INFO     | __main__:orderfive:708 - {'bookingDetails': [{'bookingHeader': {'bookingRequestId': 0, 'bookingReference': {'type': 'FBA_BOOKING', 'id': 'AL0-UMQC7KECHFTHW'}, 'status': 'CREATED', 'facilityId': 'ICND', 'destinationFacilityId': 'SBD3', 'inboundOrderList': None, 'shipperId': None, 'shippingShipmentId': '200r-kwur-fcm1-df50', 'deferredAllocationRequired': False, 'hazardGoods': None, 'additionalAttributes': None, 'expectedTotalUnits': 158, 'expectedTotalContainers': 158, 'receivedTotalUnits': 158, 'receivedTotalContainers': 158, 'receivedTotalPallets': 0, 'receivedTotalWeight': 1453.6, 'receivedTotalVolume': 5.199, 'expectedTotalWeight': 1433.35, 'expectedTotalWeightUOM': 'KG', 'expectedTotalVolume': 4.845, 'expectedTotalVolumeUOM': 'CU_METER', 'cargoReadyTime': None, 'creationTime': 1750673798153, 'completedTime': None, 'cancelledTime': None, 'latestUnloadTime': 1750896656305, 'transportationMode': None, 'incoterms': None, 'shipmentType': None, 'payloadAddress': None, 'containers': None, 'lastUpdatedTime': 1750897022443, 'lastUpdatedBy': None, 'speedMode': None, 'portOfLanding': 'CNNGB', 'shipOption': 'STANDARD', 'documentReady': False, 'estimatedDeliveryTime': None, 'documentReadyTime': None, 'shipWindowStartTime': None}}], 'resultPage': {'pageSize': None, 'pageNumber': 1, 'totalRecords': 1}}
2025-06-26 11:39:00.327 | INFO     | __main__:orderfive:724 - {'al0No': 'AL0-UMQC7KECHFTHW', 'msgId': '25b9aa56-f7cf-49f2-8d0c-f0bc6b248ee2', 'msgType': 5, 'resultCode': 0, 'resultMsg': '成功', 'timestamp': 1750897800015, 'packNo': '158', 'volume': '5.199', 'weight': '1453.6'}
2025-06-26 11:50:21.957 | INFO     | rpacapture:get_release_messages:48 - 剩余未执行指令数量：
2025-06-26 11:50:21.958 | INFO     | rpacapture:get_release_messages:51 - 获取的指令：{"msgId":"a0097557-1813-4431-a34f-85fe2484479c","msgType":3,"timestamp":1750906800162,"workOrderNo":"AL2506240273"}
2025-06-26 11:50:21.966 | INFO     | __main__:rpapage:105 - 进入目标网址(有头模式)https://xb-node.amazon.cn/
2025-06-26 11:50:22.282 | INFO     | __main__:rpapage:109 - 第一次cookie状态检测
2025-06-26 11:50:22.285 | INFO     | __main__:rpapage:114 - {'csm-hit': 'tb:s-BC4NW7G5KYXFJQC7JJ77|1750909822218&t:1750909822268&adb:adblk_no', 'lc-main': 'zh_CN', 'at-main': 'Atza|IwEBIAq0q9w-92OIalKYX8EWE2EPlRNyjo-p3-GjPsXc-q93o01DtaTX7jLFL94q0M9BoQY4DrTY9uAk_xOIO9ZZHW90C8WzArVoblLK02PkM9jUnZi-byuo-Ds0ui9Ze4v2BDPU8PevyQgUp-S25zd5s1_rCDkrGiX0vC1JqLAFzEbgMwCcBRdpV-eUc3Ynyp8lmgn3PE3D0b22ZGs9Kp-oLngjMV380kY89vXQrsUEqi-rMw', 'sess-at-main': '"drF5JFjKHfdRZhA3wQbvPhtPwT29W9FixT2fnBeDsVs="', 'x-main': '"t1@aUIHLvqj@Oxp0a1WC9xNw7Kxc1abETjfw8ZQ6iPM4iIEuVAt1Lx9MTBxTV7lA"', 'session-token': '"SZSmYY4ctKTW8BR2Uy8NYQJX6x4qllFWhHGSXD/Kyo5tzVYarnIFiZA8L3l+CJRSLTIEV4Msy1ww7MO6Agc79eamxRtj1hiX703x0Ag51BCI5bRFyvD8VAcOtn2E4ZBFqFX7m3eyEgMLuX7ls1z5IlDHUoDnchW4fHWhbY6y0Pz97Til4w56RvBoEqrZaJ6wIKwiNepDpaGMDMN1L0VG4n0rOtxFBBczQtkTRPQhDLpLd7lf9mn1TRo9LnPcnf6XibZ8elkg8JN0Pr7wRcXQ57EFKWqdqT0T/4gjDxv/QVeMw16EFrec2ojF2jUirHoS2MYgevTiQ4XXcj5xYK908/hzScKa8VqTRyl5nnxvcwybuYp9aNhwEg=="', 'ubid-main': '461-1015444-4070748', 'session-id-time': '2381626735l', 'session-id': '462-6284753-0567414'}
2025-06-26 11:50:22.285 | INFO     | __main__:rpapage:115 - 登录标识状态A
2025-06-26 11:50:22.285 | INFO     | __main__:rpapage:116 - "drF5JFjKHfdRZhA3wQbvPhtPwT29W9FixT2fnBeDsVs="
2025-06-26 11:50:22.285 | INFO     | __main__:rpapage:125 - 第二次cookie状态检测
2025-06-26 11:50:22.287 | INFO     | __main__:rpapage:129 - {'csm-hit': 'tb:s-BC4NW7G5KYXFJQC7JJ77|1750909822218&t:1750909822268&adb:adblk_no', 'lc-main': 'zh_CN', 'at-main': 'Atza|IwEBIAq0q9w-92OIalKYX8EWE2EPlRNyjo-p3-GjPsXc-q93o01DtaTX7jLFL94q0M9BoQY4DrTY9uAk_xOIO9ZZHW90C8WzArVoblLK02PkM9jUnZi-byuo-Ds0ui9Ze4v2BDPU8PevyQgUp-S25zd5s1_rCDkrGiX0vC1JqLAFzEbgMwCcBRdpV-eUc3Ynyp8lmgn3PE3D0b22ZGs9Kp-oLngjMV380kY89vXQrsUEqi-rMw', 'sess-at-main': '"drF5JFjKHfdRZhA3wQbvPhtPwT29W9FixT2fnBeDsVs="', 'x-main': '"t1@aUIHLvqj@Oxp0a1WC9xNw7Kxc1abETjfw8ZQ6iPM4iIEuVAt1Lx9MTBxTV7lA"', 'session-token': '"SZSmYY4ctKTW8BR2Uy8NYQJX6x4qllFWhHGSXD/Kyo5tzVYarnIFiZA8L3l+CJRSLTIEV4Msy1ww7MO6Agc79eamxRtj1hiX703x0Ag51BCI5bRFyvD8VAcOtn2E4ZBFqFX7m3eyEgMLuX7ls1z5IlDHUoDnchW4fHWhbY6y0Pz97Til4w56RvBoEqrZaJ6wIKwiNepDpaGMDMN1L0VG4n0rOtxFBBczQtkTRPQhDLpLd7lf9mn1TRo9LnPcnf6XibZ8elkg8JN0Pr7wRcXQ57EFKWqdqT0T/4gjDxv/QVeMw16EFrec2ojF2jUirHoS2MYgevTiQ4XXcj5xYK908/hzScKa8VqTRyl5nnxvcwybuYp9aNhwEg=="', 'ubid-main': '461-1015444-4070748', 'session-id-time': '2381626735l', 'session-id': '462-6284753-0567414'}
2025-06-26 11:50:22.287 | INFO     | __main__:rpapage:130 - 登录标识状态B  
2025-06-26 11:50:22.287 | INFO     | __main__:rpapage:131 - "drF5JFjKHfdRZhA3wQbvPhtPwT29W9FixT2fnBeDsVs="
2025-06-26 11:50:28.300 | INFO     | __main__:establish_connection:68 - 输出测试时期的识别标记
2025-06-26 11:50:28.300 | INFO     | __main__:establish_connection:69 - 3
2025-06-26 11:50:31.498 | INFO     | __main__:orderthree:457 - 数据不为空,进行处理
2025-06-26 11:50:31.499 | INFO     | __main__:orderthree:458 - {'requestType': 'INBOUND_SHIPMENT', 'inventoryMovementType': 'INBOUND', 'facilityId': 'ICND', 'clientId': 'AGLC_APPOINTMENT', 'clientReferenceId': 'ICND_AL2506240273', 'referenceId': 'AL2506240273', 'checkInCode': None, 'srcNodeId': None, 'srcCountryCode': None, 'destNodeId': None, 'destCountryCode': 'DE', 'problematic': False, 'metadata': {'originalTrackingId': None, 'truckId': '浙BF49555', 'sealId': None, 'xmlReconciliationReport': None, 'csvReconciliationReport': None, 'inboundCompleteXmlReport': None, 'inboundUnloadCompleteXmlReport': None, 'unloadedXMLReport': {'bucketName': 'glenn-pr-reconcile-file-backup-cn-north-1-prod', 'key': 'INBOUND_IRN/ICND/R177219655-UNLOADED.xml'}, 'completedXMLReport': None, 'internalCompletedReport': None, 'pickedContainerCount': None, 'sortedContainerCount': None, 'vasedContainerCount': None, 'vasedPalletCount': None, 'cancelledContainerCount': None, 'inventoryBindingCount': None, 'inventoryReservationCount': None, 'inventoryBindingContainerCount': None, 'problematicInventoryReservationInfo': None, 'orderOwnerId': None, 'irnV2Enabled': False, 'skipPreTaskCreation': False, 'shipper': None, 'shipperType': None, 'deferredAllocationRequired': False, 'weighingRequired': True, 'dimensioningRequired': True, 'inboundBookingRequired': True, 'inboundPrintingRequired': False, 'itemProcessingRequired': False, 'inboundContainerAssociated': False, 'outboundPalletizationRule': None, 'logisticDetails': None, 'businessType': 'GXD_FBA', 'vostokGDNRequired': False, 'expectedContainerCount': 0, 'loadIdList': None, 'bolDocumentAssetId': None, 'manifestDocumentAssetId': None, 'vasInstructions': None, 'loadType': None, 'containsHazmat': False}, 'inboundTransportationMode': None, 'criticalPullTime': None, 'crossDockFlag': None, 'prId': 'R177219655', 'status': 'UNLOADED', 'cancelledReasonCode': None, 'orderType': 'FBA_SHIPMENT', 'expectedArrivalTime': 1750856400000, 'expectedDepartureTime': 0, 'creationDate': 1750761018906, 'checkedInDate': 1750841899143, 'openTime': None, 'unloadCompletedDate': 1750847654218, 'completedDate': None, 'lastUpdatedDate': 1750902619251, 'rootContainerId': 'AL2506240273', 'rootContainerType': 'VIRTUAL', 'numberOfContainers': 2, 'checkInUserId': 'A1MPRT71DNUMDS', 'originalFacilityId': 'ICND', 'documentGenerationStatus': None, 'documentGenerationTime': None}
2025-06-26 11:50:31.499 | INFO     | __main__:orderthree:460 - R177219655
2025-06-26 11:50:31.499 | INFO     | __main__:orderthree:472 - {'msgId': 'a0097557-1813-4431-a34f-85fe2484479c', 'msgType': 3, 'resultCode': 0, 'resultMsg': '成功', 'timestamp': 1750906800162, 'workOrderNo': 'AL2506240273', 'unloadingTime': '2025-06-25 18:34:14.218000'}
2025-06-26 12:17:40.555 | INFO     | rpacapture:get_release_messages:48 - 剩余未执行指令数量：
2025-06-26 12:17:40.556 | INFO     | rpacapture:get_release_messages:51 - 获取的指令：


{"msgId":"73d230ee-e44a-4e7b-a2bc-312e3681482d","msgType":1,"timestamp":1750833007388,"workOrderNo":"AL2506240247"}
2025-06-26 12:17:40.567 | INFO     | __main__:rpapage:105 - 进入目标网址(有头模式)https://xb-node.amazon.cn/
2025-06-26 12:17:40.920 | INFO     | __main__:rpapage:109 - 第一次cookie状态检测
2025-06-26 12:17:40.920 | INFO     | __main__:rpapage:114 - {'csm-hit': 'tb:s-2VCBTRYBVNVYYZ5GTVVW|1750911460855&t:1750911460902&adb:adblk_no', 'lc-main': 'zh_CN', 'at-main': 'Atza|IwEBIAq0q9w-92OIalKYX8EWE2EPlRNyjo-p3-GjPsXc-q93o01DtaTX7jLFL94q0M9BoQY4DrTY9uAk_xOIO9ZZHW90C8WzArVoblLK02PkM9jUnZi-byuo-Ds0ui9Ze4v2BDPU8PevyQgUp-S25zd5s1_rCDkrGiX0vC1JqLAFzEbgMwCcBRdpV-eUc3Ynyp8lmgn3PE3D0b22ZGs9Kp-oLngjMV380kY89vXQrsUEqi-rMw', 'sess-at-main': '"drF5JFjKHfdRZhA3wQbvPhtPwT29W9FixT2fnBeDsVs="', 'x-main': '"t1@aUIHLvqj@Oxp0a1WC9xNw7Kxc1abETjfw8ZQ6iPM4iIEuVAt1Lx9MTBxTV7lA"', 'session-token': '"SZSmYY4ctKTW8BR2Uy8NYQJX6x4qllFWhHGSXD/Kyo5tzVYarnIFiZA8L3l+CJRSLTIEV4Msy1ww7MO6Agc79eamxRtj1hiX703x0Ag51BCI5bRFyvD8VAcOtn2E4ZBFqFX7m3eyEgMLuX7ls1z5IlDHUoDnchW4fHWhbY6y0Pz97Til4w56RvBoEqrZaJ6wIKwiNepDpaGMDMN1L0VG4n0rOtxFBBczQtkTRPQhDLpLd7lf9mn1TRo9LnPcnf6XibZ8elkg8JN0Pr7wRcXQ57EFKWqdqT0T/4gjDxv/QVeMw16EFrec2ojF2jUirHoS2MYgevTiQ4XXcj5xYK908/hzScKa8VqTRyl5nnxvcwybuYp9aNhwEg=="', 'ubid-main': '461-1015444-4070748', 'session-id-time': '2381626735l', 'session-id': '462-6284753-0567414'}
2025-06-26 12:17:40.921 | INFO     | __main__:rpapage:115 - 登录标识状态A
2025-06-26 12:17:40.921 | INFO     | __main__:rpapage:116 - "drF5JFjKHfdRZhA3wQbvPhtPwT29W9FixT2fnBeDsVs="
2025-06-26 12:17:40.921 | INFO     | __main__:rpapage:125 - 第二次cookie状态检测
2025-06-26 12:17:40.921 | INFO     | __main__:rpapage:129 - {'csm-hit': 'tb:s-2VCBTRYBVNVYYZ5GTVVW|1750911460855&t:1750911460902&adb:adblk_no', 'lc-main': 'zh_CN', 'at-main': 'Atza|IwEBIAq0q9w-92OIalKYX8EWE2EPlRNyjo-p3-GjPsXc-q93o01DtaTX7jLFL94q0M9BoQY4DrTY9uAk_xOIO9ZZHW90C8WzArVoblLK02PkM9jUnZi-byuo-Ds0ui9Ze4v2BDPU8PevyQgUp-S25zd5s1_rCDkrGiX0vC1JqLAFzEbgMwCcBRdpV-eUc3Ynyp8lmgn3PE3D0b22ZGs9Kp-oLngjMV380kY89vXQrsUEqi-rMw', 'sess-at-main': '"drF5JFjKHfdRZhA3wQbvPhtPwT29W9FixT2fnBeDsVs="', 'x-main': '"t1@aUIHLvqj@Oxp0a1WC9xNw7Kxc1abETjfw8ZQ6iPM4iIEuVAt1Lx9MTBxTV7lA"', 'session-token': '"SZSmYY4ctKTW8BR2Uy8NYQJX6x4qllFWhHGSXD/Kyo5tzVYarnIFiZA8L3l+CJRSLTIEV4Msy1ww7MO6Agc79eamxRtj1hiX703x0Ag51BCI5bRFyvD8VAcOtn2E4ZBFqFX7m3eyEgMLuX7ls1z5IlDHUoDnchW4fHWhbY6y0Pz97Til4w56RvBoEqrZaJ6wIKwiNepDpaGMDMN1L0VG4n0rOtxFBBczQtkTRPQhDLpLd7lf9mn1TRo9LnPcnf6XibZ8elkg8JN0Pr7wRcXQ57EFKWqdqT0T/4gjDxv/QVeMw16EFrec2ojF2jUirHoS2MYgevTiQ4XXcj5xYK908/hzScKa8VqTRyl5nnxvcwybuYp9aNhwEg=="', 'ubid-main': '461-1015444-4070748', 'session-id-time': '2381626735l', 'session-id': '462-6284753-0567414'}
2025-06-26 12:17:40.921 | INFO     | __main__:rpapage:130 - 登录标识状态B  
2025-06-26 12:17:40.921 | INFO     | __main__:rpapage:131 - "drF5JFjKHfdRZhA3wQbvPhtPwT29W9FixT2fnBeDsVs="
2025-06-26 12:17:46.937 | INFO     | __main__:establish_connection:68 - 输出测试时期的识别标记
2025-06-26 12:17:46.937 | INFO     | __main__:establish_connection:69 - 1
2025-06-26 12:17:50.158 | INFO     | __main__:orderone:189 - 数据不为空,进行处理
2025-06-26 12:17:50.159 | INFO     | __main__:orderone:190 - {'requestType': 'INBOUND_SHIPMENT', 'inventoryMovementType': 'INBOUND', 'facilityId': 'ICND', 'clientId': 'AGLC_APPOINTMENT', 'clientReferenceId': 'ICND_AL2506240247', 'referenceId': 'AL2506240247', 'checkInCode': None, 'srcNodeId': None, 'srcCountryCode': None, 'destNodeId': None, 'destCountryCode': 'DE', 'problematic': True, 'metadata': {'originalTrackingId': None, 'truckId': '浙A77H97', 'sealId': None, 'xmlReconciliationReport': None, 'csvReconciliationReport': None, 'inboundCompleteXmlReport': None, 'inboundUnloadCompleteXmlReport': None, 'unloadedXMLReport': None, 'completedXMLReport': None, 'internalCompletedReport': None, 'pickedContainerCount': None, 'sortedContainerCount': None, 'vasedContainerCount': None, 'vasedPalletCount': None, 'cancelledContainerCount': None, 'inventoryBindingCount': None, 'inventoryReservationCount': None, 'inventoryBindingContainerCount': None, 'problematicInventoryReservationInfo': None, 'orderOwnerId': None, 'irnV2Enabled': False, 'skipPreTaskCreation': False, 'shipper': None, 'shipperType': None, 'deferredAllocationRequired': False, 'weighingRequired': True, 'dimensioningRequired': True, 'inboundBookingRequired': True, 'inboundPrintingRequired': False, 'itemProcessingRequired': False, 'inboundContainerAssociated': False, 'outboundPalletizationRule': None, 'logisticDetails': None, 'businessType': 'GXD_FBA', 'vostokGDNRequired': False, 'expectedContainerCount': 0, 'loadIdList': None, 'bolDocumentAssetId': None, 'manifestDocumentAssetId': None, 'vasInstructions': None, 'loadType': None, 'containsHazmat': False}, 'inboundTransportationMode': None, 'criticalPullTime': None, 'crossDockFlag': None, 'prId': 'R177120795', 'status': 'CHECKED_IN', 'cancelledReasonCode': None, 'orderType': 'FBA_SHIPMENT', 'expectedArrivalTime': 1750856400000, 'expectedDepartureTime': 0, 'creationDate': 1750760981506, 'checkedInDate': 1750851172413, 'openTime': None, 'unloadCompletedDate': None, 'completedDate': None, 'lastUpdatedDate': 1750862908901, 'rootContainerId': 'AL2506240247', 'rootContainerType': 'VIRTUAL', 'numberOfContainers': 2, 'checkInUserId': 'A1UIWV3L9R8HM', 'originalFacilityId': 'ICND', 'documentGenerationStatus': None, 'documentGenerationTime': None}
2025-06-26 12:17:50.159 | INFO     | __main__:orderone:192 - R177120795
2025-06-26 12:17:50.342 | INFO     | __main__:orderone:230 - [{'contentType': 'IMAGE', 'detail': 'ICND/image/20250625/dd76db88-aa4f-4d59-a503-b74c2e98c1eb.jpeg'}, {'contentType': 'IMAGE', 'detail': 'ICND/image/20250625/b128fdca-654a-4a29-8d9e-20ad25df3bd3.jpeg'}, {'contentType': 'IMAGE', 'detail': 'ICND/image/20250625/6b51bb58-4f9c-462d-8f99-6e4a0bae5414.jpeg'}, {'contentType': 'IMAGE', 'detail': 'ICND/image/20250625/a50006d8-b7f4-48c2-b594-c0716634e90f.jpeg'}, {'contentType': 'TEXT', 'detail': '无标/3'}]
2025-06-26 12:17:50.342 | INFO     | __main__:orderone:234 - 无标/3
2025-06-26 12:17:50.342 | INFO     | __main__:orderone:250 - {'abnormalDesc': '无标/3', 'abnormalTime': '2025-06-25 22:44:28.045000', 'msgId': '73d230ee-e44a-4e7b-a2bc-312e3681482d', 'msgType': 1, 'resultCode': 0, 'resultMsg': '成功', 'timestamp': 1750833007388, 'workOrderNo': 'AL2506240247'}
2025-06-26 12:31:11.579 | INFO     | rpacapture:get_release_messages:48 - 剩余未执行指令数量：
2025-06-26 12:31:11.581 | INFO     | rpacapture:get_release_messages:51 - 获取的指令：{"msgId":"f495bb55-e1fa-4484-b699-9e94e8109213","msgType":1,"timestamp":1750872600051,"workOrderNo":"AL2506240235"}
2025-06-26 12:31:11.592 | INFO     | __main__:rpapage:105 - 进入目标网址(有头模式)https://xb-node.amazon.cn/
2025-06-26 12:31:11.936 | INFO     | __main__:rpapage:109 - 第一次cookie状态检测
2025-06-26 12:31:11.937 | INFO     | __main__:rpapage:114 - {'csm-hit': 'tb:s-Z32ZKEYQM5Z8Q7JMWBZB|1750912271864&t:1750912271928&adb:adblk_no', 'lc-main': 'zh_CN', 'at-main': 'Atza|IwEBIAq0q9w-92OIalKYX8EWE2EPlRNyjo-p3-GjPsXc-q93o01DtaTX7jLFL94q0M9BoQY4DrTY9uAk_xOIO9ZZHW90C8WzArVoblLK02PkM9jUnZi-byuo-Ds0ui9Ze4v2BDPU8PevyQgUp-S25zd5s1_rCDkrGiX0vC1JqLAFzEbgMwCcBRdpV-eUc3Ynyp8lmgn3PE3D0b22ZGs9Kp-oLngjMV380kY89vXQrsUEqi-rMw', 'sess-at-main': '"drF5JFjKHfdRZhA3wQbvPhtPwT29W9FixT2fnBeDsVs="', 'x-main': '"t1@aUIHLvqj@Oxp0a1WC9xNw7Kxc1abETjfw8ZQ6iPM4iIEuVAt1Lx9MTBxTV7lA"', 'session-token': '"SZSmYY4ctKTW8BR2Uy8NYQJX6x4qllFWhHGSXD/Kyo5tzVYarnIFiZA8L3l+CJRSLTIEV4Msy1ww7MO6Agc79eamxRtj1hiX703x0Ag51BCI5bRFyvD8VAcOtn2E4ZBFqFX7m3eyEgMLuX7ls1z5IlDHUoDnchW4fHWhbY6y0Pz97Til4w56RvBoEqrZaJ6wIKwiNepDpaGMDMN1L0VG4n0rOtxFBBczQtkTRPQhDLpLd7lf9mn1TRo9LnPcnf6XibZ8elkg8JN0Pr7wRcXQ57EFKWqdqT0T/4gjDxv/QVeMw16EFrec2ojF2jUirHoS2MYgevTiQ4XXcj5xYK908/hzScKa8VqTRyl5nnxvcwybuYp9aNhwEg=="', 'ubid-main': '461-1015444-4070748', 'session-id-time': '2381626735l', 'session-id': '462-6284753-0567414'}
2025-06-26 12:31:11.937 | INFO     | __main__:rpapage:115 - 登录标识状态A
2025-06-26 12:31:11.937 | INFO     | __main__:rpapage:116 - "drF5JFjKHfdRZhA3wQbvPhtPwT29W9FixT2fnBeDsVs="
2025-06-26 12:31:11.937 | INFO     | __main__:rpapage:125 - 第二次cookie状态检测
2025-06-26 12:31:11.937 | INFO     | __main__:rpapage:129 - {'csm-hit': 'tb:s-Z32ZKEYQM5Z8Q7JMWBZB|1750912271864&t:1750912271928&adb:adblk_no', 'lc-main': 'zh_CN', 'at-main': 'Atza|IwEBIAq0q9w-92OIalKYX8EWE2EPlRNyjo-p3-GjPsXc-q93o01DtaTX7jLFL94q0M9BoQY4DrTY9uAk_xOIO9ZZHW90C8WzArVoblLK02PkM9jUnZi-byuo-Ds0ui9Ze4v2BDPU8PevyQgUp-S25zd5s1_rCDkrGiX0vC1JqLAFzEbgMwCcBRdpV-eUc3Ynyp8lmgn3PE3D0b22ZGs9Kp-oLngjMV380kY89vXQrsUEqi-rMw', 'sess-at-main': '"drF5JFjKHfdRZhA3wQbvPhtPwT29W9FixT2fnBeDsVs="', 'x-main': '"t1@aUIHLvqj@Oxp0a1WC9xNw7Kxc1abETjfw8ZQ6iPM4iIEuVAt1Lx9MTBxTV7lA"', 'session-token': '"SZSmYY4ctKTW8BR2Uy8NYQJX6x4qllFWhHGSXD/Kyo5tzVYarnIFiZA8L3l+CJRSLTIEV4Msy1ww7MO6Agc79eamxRtj1hiX703x0Ag51BCI5bRFyvD8VAcOtn2E4ZBFqFX7m3eyEgMLuX7ls1z5IlDHUoDnchW4fHWhbY6y0Pz97Til4w56RvBoEqrZaJ6wIKwiNepDpaGMDMN1L0VG4n0rOtxFBBczQtkTRPQhDLpLd7lf9mn1TRo9LnPcnf6XibZ8elkg8JN0Pr7wRcXQ57EFKWqdqT0T/4gjDxv/QVeMw16EFrec2ojF2jUirHoS2MYgevTiQ4XXcj5xYK908/hzScKa8VqTRyl5nnxvcwybuYp9aNhwEg=="', 'ubid-main': '461-1015444-4070748', 'session-id-time': '2381626735l', 'session-id': '462-6284753-0567414'}
2025-06-26 12:31:11.937 | INFO     | __main__:rpapage:130 - 登录标识状态B  
2025-06-26 12:31:11.937 | INFO     | __main__:rpapage:131 - "drF5JFjKHfdRZhA3wQbvPhtPwT29W9FixT2fnBeDsVs="
2025-06-26 12:31:17.954 | INFO     | __main__:establish_connection:68 - 输出测试时期的识别标记
2025-06-26 12:31:17.954 | INFO     | __main__:establish_connection:69 - 1
2025-06-26 12:31:21.166 | INFO     | __main__:orderone:189 - 数据不为空,进行处理
2025-06-26 12:31:21.167 | INFO     | __main__:orderone:190 - {'requestType': 'INBOUND_SHIPMENT', 'inventoryMovementType': 'INBOUND', 'facilityId': 'ICND', 'clientId': 'AGLC_APPOINTMENT', 'clientReferenceId': 'ICND_AL2506240235', 'referenceId': 'AL2506240235', 'checkInCode': None, 'srcNodeId': None, 'srcCountryCode': None, 'destNodeId': None, 'destCountryCode': 'DE', 'problematic': False, 'metadata': {'originalTrackingId': None, 'truckId': '浙B5M376', 'sealId': None, 'xmlReconciliationReport': None, 'csvReconciliationReport': None, 'inboundCompleteXmlReport': None, 'inboundUnloadCompleteXmlReport': None, 'unloadedXMLReport': {'bucketName': 'glenn-pr-reconcile-file-backup-cn-north-1-prod', 'key': 'INBOUND_IRN/ICND/R177219425-UNLOADED.xml'}, 'completedXMLReport': None, 'internalCompletedReport': None, 'pickedContainerCount': None, 'sortedContainerCount': None, 'vasedContainerCount': None, 'vasedPalletCount': None, 'cancelledContainerCount': None, 'inventoryBindingCount': None, 'inventoryReservationCount': None, 'inventoryBindingContainerCount': None, 'problematicInventoryReservationInfo': None, 'orderOwnerId': None, 'irnV2Enabled': False, 'skipPreTaskCreation': False, 'shipper': None, 'shipperType': None, 'deferredAllocationRequired': False, 'weighingRequired': True, 'dimensioningRequired': True, 'inboundBookingRequired': True, 'inboundPrintingRequired': False, 'itemProcessingRequired': False, 'inboundContainerAssociated': False, 'outboundPalletizationRule': None, 'logisticDetails': None, 'businessType': 'GXD_FBA', 'vostokGDNRequired': False, 'expectedContainerCount': 0, 'loadIdList': None, 'bolDocumentAssetId': None, 'manifestDocumentAssetId': None, 'vasInstructions': None, 'loadType': None, 'containsHazmat': False}, 'inboundTransportationMode': None, 'criticalPullTime': None, 'crossDockFlag': None, 'prId': 'R177219425', 'status': 'UNLOADED', 'cancelledReasonCode': None, 'orderType': 'FBA_SHIPMENT', 'expectedArrivalTime': 1750856400000, 'expectedDepartureTime': 0, 'creationDate': 1750760965361, 'checkedInDate': 1750837583591, 'openTime': None, 'unloadCompletedDate': 1750857241765, 'completedDate': None, 'lastUpdatedDate': 1750857245553, 'rootContainerId': 'AL2506240235', 'rootContainerType': 'VIRTUAL', 'numberOfContainers': 2, 'checkInUserId': 'A54N9K08F2BPO', 'originalFacilityId': 'ICND', 'documentGenerationStatus': None, 'documentGenerationTime': None}
2025-06-26 12:31:21.167 | INFO     | __main__:orderone:192 - R177219425
2025-06-26 12:31:21.353 | INFO     | __main__:orderone:274 - {'abnormalDesc': '', 'abnormalTime': '', 'msgId': 'f495bb55-e1fa-4484-b699-9e94e8109213', 'msgType': 1, 'resultCode': 1, 'resultMsg': '失败', 'timestamp': 1750872600051, 'workOrderNo': 'AL2506240235'}
2025-06-26 12:32:25.110 | INFO     | rpacapture:get_release_messages:48 - 剩余未执行指令数量：
2025-06-26 12:32:25.112 | INFO     | rpacapture:get_release_messages:51 - 获取的指令：{"msgId":"f495bb55-e1fa-4484-b699-9e94e8109213","msgType":1,"timestamp":1750872600051,"workOrderNo":"AL2506240235"}
2025-06-26 12:32:25.118 | INFO     | __main__:rpapage:105 - 进入目标网址(有头模式)https://xb-node.amazon.cn/
2025-06-26 12:32:25.411 | INFO     | __main__:rpapage:109 - 第一次cookie状态检测
2025-06-26 12:32:25.412 | INFO     | __main__:rpapage:114 - {'csm-hit': 'tb:s-2R7ZMX3W1FEMY3NSDCND|1750912345374&t:1750912345396&adb:adblk_no', 'lc-main': 'zh_CN', 'at-main': 'Atza|IwEBIAq0q9w-92OIalKYX8EWE2EPlRNyjo-p3-GjPsXc-q93o01DtaTX7jLFL94q0M9BoQY4DrTY9uAk_xOIO9ZZHW90C8WzArVoblLK02PkM9jUnZi-byuo-Ds0ui9Ze4v2BDPU8PevyQgUp-S25zd5s1_rCDkrGiX0vC1JqLAFzEbgMwCcBRdpV-eUc3Ynyp8lmgn3PE3D0b22ZGs9Kp-oLngjMV380kY89vXQrsUEqi-rMw', 'sess-at-main': '"drF5JFjKHfdRZhA3wQbvPhtPwT29W9FixT2fnBeDsVs="', 'x-main': '"t1@aUIHLvqj@Oxp0a1WC9xNw7Kxc1abETjfw8ZQ6iPM4iIEuVAt1Lx9MTBxTV7lA"', 'session-token': '"SZSmYY4ctKTW8BR2Uy8NYQJX6x4qllFWhHGSXD/Kyo5tzVYarnIFiZA8L3l+CJRSLTIEV4Msy1ww7MO6Agc79eamxRtj1hiX703x0Ag51BCI5bRFyvD8VAcOtn2E4ZBFqFX7m3eyEgMLuX7ls1z5IlDHUoDnchW4fHWhbY6y0Pz97Til4w56RvBoEqrZaJ6wIKwiNepDpaGMDMN1L0VG4n0rOtxFBBczQtkTRPQhDLpLd7lf9mn1TRo9LnPcnf6XibZ8elkg8JN0Pr7wRcXQ57EFKWqdqT0T/4gjDxv/QVeMw16EFrec2ojF2jUirHoS2MYgevTiQ4XXcj5xYK908/hzScKa8VqTRyl5nnxvcwybuYp9aNhwEg=="', 'ubid-main': '461-1015444-4070748', 'session-id-time': '2381626735l', 'session-id': '462-6284753-0567414'}
2025-06-26 12:32:25.412 | INFO     | __main__:rpapage:115 - 登录标识状态A
2025-06-26 12:32:25.412 | INFO     | __main__:rpapage:116 - "drF5JFjKHfdRZhA3wQbvPhtPwT29W9FixT2fnBeDsVs="
2025-06-26 12:32:25.412 | INFO     | __main__:rpapage:125 - 第二次cookie状态检测
2025-06-26 12:32:25.413 | INFO     | __main__:rpapage:129 - {'csm-hit': 'tb:s-2R7ZMX3W1FEMY3NSDCND|1750912345374&t:1750912345396&adb:adblk_no', 'lc-main': 'zh_CN', 'at-main': 'Atza|IwEBIAq0q9w-92OIalKYX8EWE2EPlRNyjo-p3-GjPsXc-q93o01DtaTX7jLFL94q0M9BoQY4DrTY9uAk_xOIO9ZZHW90C8WzArVoblLK02PkM9jUnZi-byuo-Ds0ui9Ze4v2BDPU8PevyQgUp-S25zd5s1_rCDkrGiX0vC1JqLAFzEbgMwCcBRdpV-eUc3Ynyp8lmgn3PE3D0b22ZGs9Kp-oLngjMV380kY89vXQrsUEqi-rMw', 'sess-at-main': '"drF5JFjKHfdRZhA3wQbvPhtPwT29W9FixT2fnBeDsVs="', 'x-main': '"t1@aUIHLvqj@Oxp0a1WC9xNw7Kxc1abETjfw8ZQ6iPM4iIEuVAt1Lx9MTBxTV7lA"', 'session-token': '"SZSmYY4ctKTW8BR2Uy8NYQJX6x4qllFWhHGSXD/Kyo5tzVYarnIFiZA8L3l+CJRSLTIEV4Msy1ww7MO6Agc79eamxRtj1hiX703x0Ag51BCI5bRFyvD8VAcOtn2E4ZBFqFX7m3eyEgMLuX7ls1z5IlDHUoDnchW4fHWhbY6y0Pz97Til4w56RvBoEqrZaJ6wIKwiNepDpaGMDMN1L0VG4n0rOtxFBBczQtkTRPQhDLpLd7lf9mn1TRo9LnPcnf6XibZ8elkg8JN0Pr7wRcXQ57EFKWqdqT0T/4gjDxv/QVeMw16EFrec2ojF2jUirHoS2MYgevTiQ4XXcj5xYK908/hzScKa8VqTRyl5nnxvcwybuYp9aNhwEg=="', 'ubid-main': '461-1015444-4070748', 'session-id-time': '2381626735l', 'session-id': '462-6284753-0567414'}
2025-06-26 12:32:25.413 | INFO     | __main__:rpapage:130 - 登录标识状态B  
2025-06-26 12:32:25.413 | INFO     | __main__:rpapage:131 - "drF5JFjKHfdRZhA3wQbvPhtPwT29W9FixT2fnBeDsVs="
2025-06-26 12:32:31.426 | INFO     | __main__:establish_connection:68 - 输出测试时期的识别标记
2025-06-26 12:32:31.427 | INFO     | __main__:establish_connection:69 - 1
2025-06-26 12:32:34.643 | INFO     | __main__:orderone:189 - 数据不为空,进行处理
2025-06-26 12:32:34.644 | INFO     | __main__:orderone:190 - {'requestType': 'INBOUND_SHIPMENT', 'inventoryMovementType': 'INBOUND', 'facilityId': 'ICND', 'clientId': 'AGLC_APPOINTMENT', 'clientReferenceId': 'ICND_AL2506240235', 'referenceId': 'AL2506240235', 'checkInCode': None, 'srcNodeId': None, 'srcCountryCode': None, 'destNodeId': None, 'destCountryCode': 'DE', 'problematic': False, 'metadata': {'originalTrackingId': None, 'truckId': '浙B5M376', 'sealId': None, 'xmlReconciliationReport': None, 'csvReconciliationReport': None, 'inboundCompleteXmlReport': None, 'inboundUnloadCompleteXmlReport': None, 'unloadedXMLReport': {'bucketName': 'glenn-pr-reconcile-file-backup-cn-north-1-prod', 'key': 'INBOUND_IRN/ICND/R177219425-UNLOADED.xml'}, 'completedXMLReport': None, 'internalCompletedReport': None, 'pickedContainerCount': None, 'sortedContainerCount': None, 'vasedContainerCount': None, 'vasedPalletCount': None, 'cancelledContainerCount': None, 'inventoryBindingCount': None, 'inventoryReservationCount': None, 'inventoryBindingContainerCount': None, 'problematicInventoryReservationInfo': None, 'orderOwnerId': None, 'irnV2Enabled': False, 'skipPreTaskCreation': False, 'shipper': None, 'shipperType': None, 'deferredAllocationRequired': False, 'weighingRequired': True, 'dimensioningRequired': True, 'inboundBookingRequired': True, 'inboundPrintingRequired': False, 'itemProcessingRequired': False, 'inboundContainerAssociated': False, 'outboundPalletizationRule': None, 'logisticDetails': None, 'businessType': 'GXD_FBA', 'vostokGDNRequired': False, 'expectedContainerCount': 0, 'loadIdList': None, 'bolDocumentAssetId': None, 'manifestDocumentAssetId': None, 'vasInstructions': None, 'loadType': None, 'containsHazmat': False}, 'inboundTransportationMode': None, 'criticalPullTime': None, 'crossDockFlag': None, 'prId': 'R177219425', 'status': 'UNLOADED', 'cancelledReasonCode': None, 'orderType': 'FBA_SHIPMENT', 'expectedArrivalTime': 1750856400000, 'expectedDepartureTime': 0, 'creationDate': 1750760965361, 'checkedInDate': 1750837583591, 'openTime': None, 'unloadCompletedDate': 1750857241765, 'completedDate': None, 'lastUpdatedDate': 1750857245553, 'rootContainerId': 'AL2506240235', 'rootContainerType': 'VIRTUAL', 'numberOfContainers': 2, 'checkInUserId': 'A54N9K08F2BPO', 'originalFacilityId': 'ICND', 'documentGenerationStatus': None, 'documentGenerationTime': None}
2025-06-26 12:32:34.645 | INFO     | __main__:orderone:192 - R177219425
2025-06-26 12:32:34.835 | INFO     | __main__:orderone:274 - {'abnormalDesc': '', 'abnormalTime': '', 'msgId': 'f495bb55-e1fa-4484-b699-9e94e8109213', 'msgType': 1, 'resultCode': 1, 'resultMsg': '失败', 'timestamp': 1750872600051, 'workOrderNo': 'AL2506240235'}
2025-06-26 12:39:20.017 | INFO     | rpacapture:get_release_messages:48 - 剩余未执行指令数量：
2025-06-26 12:39:20.018 | INFO     | rpacapture:get_release_messages:51 - 获取的指令：{"msgId":"f495bb55-e1fa-4484-b699-9e94e8109213","msgType":1,"timestamp":1750872600051,"workOrderNo":"AL2506240235"}
2025-06-26 12:39:20.993 | INFO     | __main__:rpapage:105 - 进入目标网址(有头模式)https://xb-node.amazon.cn/
2025-06-26 12:39:21.370 | INFO     | __main__:rpapage:109 - 第一次cookie状态检测
2025-06-26 12:39:21.371 | INFO     | __main__:rpapage:114 - {'csm-hit': 'tb:s-701Z0NH1EKZYRBBB6R4G|1750912761289&t:1750912761357&adb:adblk_no', 'lc-main': 'zh_CN', 'at-main': 'Atza|IwEBIAq0q9w-92OIalKYX8EWE2EPlRNyjo-p3-GjPsXc-q93o01DtaTX7jLFL94q0M9BoQY4DrTY9uAk_xOIO9ZZHW90C8WzArVoblLK02PkM9jUnZi-byuo-Ds0ui9Ze4v2BDPU8PevyQgUp-S25zd5s1_rCDkrGiX0vC1JqLAFzEbgMwCcBRdpV-eUc3Ynyp8lmgn3PE3D0b22ZGs9Kp-oLngjMV380kY89vXQrsUEqi-rMw', 'sess-at-main': '"drF5JFjKHfdRZhA3wQbvPhtPwT29W9FixT2fnBeDsVs="', 'x-main': '"t1@aUIHLvqj@Oxp0a1WC9xNw7Kxc1abETjfw8ZQ6iPM4iIEuVAt1Lx9MTBxTV7lA"', 'session-token': '"SZSmYY4ctKTW8BR2Uy8NYQJX6x4qllFWhHGSXD/Kyo5tzVYarnIFiZA8L3l+CJRSLTIEV4Msy1ww7MO6Agc79eamxRtj1hiX703x0Ag51BCI5bRFyvD8VAcOtn2E4ZBFqFX7m3eyEgMLuX7ls1z5IlDHUoDnchW4fHWhbY6y0Pz97Til4w56RvBoEqrZaJ6wIKwiNepDpaGMDMN1L0VG4n0rOtxFBBczQtkTRPQhDLpLd7lf9mn1TRo9LnPcnf6XibZ8elkg8JN0Pr7wRcXQ57EFKWqdqT0T/4gjDxv/QVeMw16EFrec2ojF2jUirHoS2MYgevTiQ4XXcj5xYK908/hzScKa8VqTRyl5nnxvcwybuYp9aNhwEg=="', 'ubid-main': '461-1015444-4070748', 'session-id-time': '2381626735l', 'session-id': '462-6284753-0567414'}
2025-06-26 12:39:21.371 | INFO     | __main__:rpapage:115 - 登录标识状态A
2025-06-26 12:39:21.371 | INFO     | __main__:rpapage:116 - "drF5JFjKHfdRZhA3wQbvPhtPwT29W9FixT2fnBeDsVs="
2025-06-26 12:39:21.371 | INFO     | __main__:rpapage:125 - 第二次cookie状态检测
2025-06-26 12:39:21.372 | INFO     | __main__:rpapage:129 - {'csm-hit': 'tb:s-701Z0NH1EKZYRBBB6R4G|1750912761289&t:1750912761357&adb:adblk_no', 'lc-main': 'zh_CN', 'at-main': 'Atza|IwEBIAq0q9w-92OIalKYX8EWE2EPlRNyjo-p3-GjPsXc-q93o01DtaTX7jLFL94q0M9BoQY4DrTY9uAk_xOIO9ZZHW90C8WzArVoblLK02PkM9jUnZi-byuo-Ds0ui9Ze4v2BDPU8PevyQgUp-S25zd5s1_rCDkrGiX0vC1JqLAFzEbgMwCcBRdpV-eUc3Ynyp8lmgn3PE3D0b22ZGs9Kp-oLngjMV380kY89vXQrsUEqi-rMw', 'sess-at-main': '"drF5JFjKHfdRZhA3wQbvPhtPwT29W9FixT2fnBeDsVs="', 'x-main': '"t1@aUIHLvqj@Oxp0a1WC9xNw7Kxc1abETjfw8ZQ6iPM4iIEuVAt1Lx9MTBxTV7lA"', 'session-token': '"SZSmYY4ctKTW8BR2Uy8NYQJX6x4qllFWhHGSXD/Kyo5tzVYarnIFiZA8L3l+CJRSLTIEV4Msy1ww7MO6Agc79eamxRtj1hiX703x0Ag51BCI5bRFyvD8VAcOtn2E4ZBFqFX7m3eyEgMLuX7ls1z5IlDHUoDnchW4fHWhbY6y0Pz97Til4w56RvBoEqrZaJ6wIKwiNepDpaGMDMN1L0VG4n0rOtxFBBczQtkTRPQhDLpLd7lf9mn1TRo9LnPcnf6XibZ8elkg8JN0Pr7wRcXQ57EFKWqdqT0T/4gjDxv/QVeMw16EFrec2ojF2jUirHoS2MYgevTiQ4XXcj5xYK908/hzScKa8VqTRyl5nnxvcwybuYp9aNhwEg=="', 'ubid-main': '461-1015444-4070748', 'session-id-time': '2381626735l', 'session-id': '462-6284753-0567414'}
2025-06-26 12:39:21.372 | INFO     | __main__:rpapage:130 - 登录标识状态B  
2025-06-26 12:39:21.372 | INFO     | __main__:rpapage:131 - "drF5JFjKHfdRZhA3wQbvPhtPwT29W9FixT2fnBeDsVs="
2025-06-26 12:39:27.388 | INFO     | __main__:establish_connection:68 - 输出测试时期的识别标记
2025-06-26 12:39:27.388 | INFO     | __main__:establish_connection:69 - 1
2025-06-26 12:39:30.638 | INFO     | __main__:orderone:186 - 数据不为空,进行处理
2025-06-26 12:39:30.639 | INFO     | __main__:orderone:187 - {'requestType': 'INBOUND_SHIPMENT', 'inventoryMovementType': 'INBOUND', 'facilityId': 'ICND', 'clientId': 'AGLC_APPOINTMENT', 'clientReferenceId': 'ICND_AL2506240235', 'referenceId': 'AL2506240235', 'checkInCode': None, 'srcNodeId': None, 'srcCountryCode': None, 'destNodeId': None, 'destCountryCode': 'DE', 'problematic': False, 'metadata': {'originalTrackingId': None, 'truckId': '浙B5M376', 'sealId': None, 'xmlReconciliationReport': None, 'csvReconciliationReport': None, 'inboundCompleteXmlReport': None, 'inboundUnloadCompleteXmlReport': None, 'unloadedXMLReport': {'bucketName': 'glenn-pr-reconcile-file-backup-cn-north-1-prod', 'key': 'INBOUND_IRN/ICND/R177219425-UNLOADED.xml'}, 'completedXMLReport': None, 'internalCompletedReport': None, 'pickedContainerCount': None, 'sortedContainerCount': None, 'vasedContainerCount': None, 'vasedPalletCount': None, 'cancelledContainerCount': None, 'inventoryBindingCount': None, 'inventoryReservationCount': None, 'inventoryBindingContainerCount': None, 'problematicInventoryReservationInfo': None, 'orderOwnerId': None, 'irnV2Enabled': False, 'skipPreTaskCreation': False, 'shipper': None, 'shipperType': None, 'deferredAllocationRequired': False, 'weighingRequired': True, 'dimensioningRequired': True, 'inboundBookingRequired': True, 'inboundPrintingRequired': False, 'itemProcessingRequired': False, 'inboundContainerAssociated': False, 'outboundPalletizationRule': None, 'logisticDetails': None, 'businessType': 'GXD_FBA', 'vostokGDNRequired': False, 'expectedContainerCount': 0, 'loadIdList': None, 'bolDocumentAssetId': None, 'manifestDocumentAssetId': None, 'vasInstructions': None, 'loadType': None, 'containsHazmat': False}, 'inboundTransportationMode': None, 'criticalPullTime': None, 'crossDockFlag': None, 'prId': 'R177219425', 'status': 'UNLOADED', 'cancelledReasonCode': None, 'orderType': 'FBA_SHIPMENT', 'expectedArrivalTime': 1750856400000, 'expectedDepartureTime': 0, 'creationDate': 1750760965361, 'checkedInDate': 1750837583591, 'openTime': None, 'unloadCompletedDate': 1750857241765, 'completedDate': None, 'lastUpdatedDate': 1750857245553, 'rootContainerId': 'AL2506240235', 'rootContainerType': 'VIRTUAL', 'numberOfContainers': 2, 'checkInUserId': 'A54N9K08F2BPO', 'originalFacilityId': 'ICND', 'documentGenerationStatus': None, 'documentGenerationTime': None}
2025-06-26 12:39:30.639 | INFO     | __main__:orderone:189 - R177219425
2025-06-26 12:39:30.826 | INFO     | __main__:orderone:265 - {'abnormalDesc': '', 'abnormalTime': '', 'msgId': 'f495bb55-e1fa-4484-b699-9e94e8109213', 'msgType': 1, 'resultCode': 1, 'resultMsg': '失败', 'timestamp': 1750872600051, 'workOrderNo': 'AL2506240235'}
