2025-09-08 14:24:57,136 - INFO - 发现Excel文件: /Users/qiyuzheng/PycharmProjects/RPA/副本订单应收应付表175705204548321.xlsx
2025-09-08 14:24:57,136 - INFO - 发现Excel文件: /Users/qiyuzheng/PycharmProjects/RPA/副本订单应收应付表1757052045483219.xlsx
2025-09-08 14:24:57,136 - INFO - 发现Excel文件: /Users/qiyuzheng/PycharmProjects/RPA/玄鸟统计结果.xlsx
2025-09-08 14:24:57,136 - INFO - 发现Excel文件: /Users/qiyuzheng/PycharmProjects/RPA/订单应收应付表1757052045483.xlsx
2025-09-08 14:24:57,136 - INFO - 发现Excel文件: /Users/qiyuzheng/PycharmProjects/RPA/大笨鸟 6月数据_修改后.xlsx
2025-09-08 14:24:57,136 - INFO - 发现Excel文件: /Users/qiyuzheng/PycharmProjects/RPA/订单应收应付表17570520454832.xlsx
2025-09-08 14:24:57,136 - INFO - 共找到 6 个Excel文件
2025-09-08 14:24:57,307 - INFO - 读取文件: /Users/qiyuzheng/PycharmProjects/RPA/副本订单应收应付表175705204548321.xlsx，包含 1 个工作表
2025-09-08 14:24:57,320 - INFO - 成功读取工作表 '订单应收应付表'，数据行数: 1
2025-09-08 14:24:57,322 - INFO - 成功处理文件: 副本订单应收应付表175705204548321.xlsx，总行数: 1
2025-09-08 14:24:57,330 - INFO - 读取文件: /Users/qiyuzheng/PycharmProjects/RPA/副本订单应收应付表1757052045483219.xlsx，包含 1 个工作表
2025-09-08 14:24:57,340 - INFO - 成功读取工作表 '订单应收应付表'，数据行数: 1
2025-09-08 14:24:57,341 - INFO - 成功处理文件: 副本订单应收应付表1757052045483219.xlsx，总行数: 1
2025-09-08 14:24:57,343 - INFO - 读取文件: /Users/qiyuzheng/PycharmProjects/RPA/玄鸟统计结果.xlsx，包含 1 个工作表
2025-09-08 14:24:57,351 - INFO - 成功读取工作表 'Sheet1'，数据行数: 408
2025-09-08 14:24:57,351 - INFO - 成功处理文件: 玄鸟统计结果.xlsx，总行数: 408
2025-09-08 14:24:57,395 - INFO - 读取文件: /Users/qiyuzheng/PycharmProjects/RPA/订单应收应付表1757052045483.xlsx，包含 1 个工作表
2025-09-08 14:24:57,971 - INFO - 成功读取工作表 '订单应收应付表'，数据行数: 1401
2025-09-08 14:24:57,972 - INFO - 成功处理文件: 订单应收应付表1757052045483.xlsx，总行数: 1401
2025-09-08 14:24:57,974 - INFO - 读取文件: /Users/qiyuzheng/PycharmProjects/RPA/大笨鸟 6月数据_修改后.xlsx，包含 1 个工作表
2025-09-08 14:24:57,979 - INFO - 工作表 'Sheet1' 自动调整列名
2025-09-08 14:24:57,979 - INFO - 成功读取工作表 'Sheet1'，数据行数: 1
2025-09-08 14:24:57,980 - INFO - 成功处理文件: 大笨鸟 6月数据_修改后.xlsx，总行数: 1
2025-09-08 14:24:58,031 - INFO - 读取文件: /Users/qiyuzheng/PycharmProjects/RPA/订单应收应付表17570520454832.xlsx，包含 1 个工作表
2025-09-08 14:24:58,654 - INFO - 成功读取工作表 '订单应收应付表'，数据行数: 1401
2025-09-08 14:24:58,655 - INFO - 成功处理文件: 订单应收应付表17570520454832.xlsx，总行数: 1401
2025-09-08 14:24:58,656 - ERROR - 合并数据时出错: Reindexing only valid with uniquely valued Index objects
2025-09-08 14:26:25,313 - INFO - 发现Excel文件: /Users/qiyuzheng/PycharmProjects/RPA/saika/ISF报表数据 (43).xlsx
2025-09-08 14:26:25,313 - INFO - 发现Excel文件: /Users/qiyuzheng/PycharmProjects/RPA/saika/ISF报表数据 (67).xlsx
2025-09-08 14:26:25,313 - INFO - 发现Excel文件: /Users/qiyuzheng/PycharmProjects/RPA/saika/ISF报表数据 (65).xlsx
2025-09-08 14:26:25,313 - INFO - 发现Excel文件: /Users/qiyuzheng/PycharmProjects/RPA/saika/ISF报表数据 (58).xlsx
2025-09-08 14:26:25,313 - INFO - 发现Excel文件: /Users/qiyuzheng/PycharmProjects/RPA/saika/ISF报表数据 (81).xlsx
2025-09-08 14:26:25,313 - INFO - 发现Excel文件: /Users/qiyuzheng/PycharmProjects/RPA/saika/ISF报表数据 (39).xlsx
2025-09-08 14:26:25,313 - INFO - 发现Excel文件: /Users/qiyuzheng/PycharmProjects/RPA/saika/ISF报表数据 (41).xlsx
2025-09-08 14:26:25,313 - INFO - 发现Excel文件: /Users/qiyuzheng/PycharmProjects/RPA/saika/ISF报表数据 (78).xlsx
2025-09-08 14:26:25,313 - INFO - 发现Excel文件: /Users/qiyuzheng/PycharmProjects/RPA/saika/ISF报表数据 (45).xlsx
2025-09-08 14:26:25,313 - INFO - 发现Excel文件: /Users/qiyuzheng/PycharmProjects/RPA/saika/ISF报表数据 (61).xlsx
2025-09-08 14:26:25,313 - INFO - 发现Excel文件: /Users/qiyuzheng/PycharmProjects/RPA/saika/ISF报表数据 (63).xlsx
2025-09-08 14:26:25,313 - INFO - 发现Excel文件: /Users/qiyuzheng/PycharmProjects/RPA/saika/ISF报表数据 (47).xlsx
2025-09-08 14:26:25,313 - INFO - 发现Excel文件: /Users/qiyuzheng/PycharmProjects/RPA/saika/ISF报表数据 (59).xlsx
2025-09-08 14:26:25,313 - INFO - 发现Excel文件: /Users/qiyuzheng/PycharmProjects/RPA/saika/ISF报表数据 (64).xlsx
2025-09-08 14:26:25,313 - INFO - 发现Excel文件: /Users/qiyuzheng/PycharmProjects/RPA/saika/ISF报表数据 (40).xlsx
2025-09-08 14:26:25,313 - INFO - 发现Excel文件: /Users/qiyuzheng/PycharmProjects/RPA/saika/ISF报表数据 (80).xlsx
2025-09-08 14:26:25,313 - INFO - 发现Excel文件: /Users/qiyuzheng/PycharmProjects/RPA/saika/ISF报表数据 (38).xlsx
2025-09-08 14:26:25,313 - INFO - 发现Excel文件: /Users/qiyuzheng/PycharmProjects/RPA/saika/ISF报表数据 (82).xlsx
2025-09-08 14:26:25,313 - INFO - 发现Excel文件: /Users/qiyuzheng/PycharmProjects/RPA/saika/ISF报表数据 (42).xlsx
2025-09-08 14:26:25,313 - INFO - 发现Excel文件: /Users/qiyuzheng/PycharmProjects/RPA/saika/ISF报表数据 (66).xlsx
2025-09-08 14:26:25,313 - INFO - 发现Excel文件: /Users/qiyuzheng/PycharmProjects/RPA/saika/ISF报表数据 (62).xlsx
2025-09-08 14:26:25,313 - INFO - 发现Excel文件: /Users/qiyuzheng/PycharmProjects/RPA/saika/ISF报表数据 (46).xlsx
2025-09-08 14:26:25,313 - INFO - 发现Excel文件: /Users/qiyuzheng/PycharmProjects/RPA/saika/ISF报表数据 (44).xlsx
2025-09-08 14:26:25,314 - INFO - 发现Excel文件: /Users/qiyuzheng/PycharmProjects/RPA/saika/ISF报表数据 (79).xlsx
2025-09-08 14:26:25,314 - INFO - 发现Excel文件: /Users/qiyuzheng/PycharmProjects/RPA/saika/ISF报表数据 (60).xlsx
2025-09-08 14:26:25,314 - INFO - 发现Excel文件: /Users/qiyuzheng/PycharmProjects/RPA/saika/ISF报表数据 (51).xlsx
2025-09-08 14:26:25,314 - INFO - 发现Excel文件: /Users/qiyuzheng/PycharmProjects/RPA/saika/ISF报表数据 (75).xlsx
2025-09-08 14:26:25,314 - INFO - 发现Excel文件: /Users/qiyuzheng/PycharmProjects/RPA/saika/ISF报表数据 (48).xlsx
2025-09-08 14:26:25,314 - INFO - 发现Excel文件: /Users/qiyuzheng/PycharmProjects/RPA/saika/ISF报表数据 (77).xlsx
2025-09-08 14:26:25,314 - INFO - 发现Excel文件: /Users/qiyuzheng/PycharmProjects/RPA/saika/ISF报表数据 (53).xlsx
2025-09-08 14:26:25,314 - INFO - 发现Excel文件: /Users/qiyuzheng/PycharmProjects/RPA/saika/ISF报表数据 (57).xlsx
2025-09-08 14:26:25,314 - INFO - 发现Excel文件: /Users/qiyuzheng/PycharmProjects/RPA/saika/ISF报表数据 (36).xlsx
2025-09-08 14:26:25,314 - INFO - 发现Excel文件: /Users/qiyuzheng/PycharmProjects/RPA/saika/ISF报表数据 (73).xlsx
2025-09-08 14:26:25,314 - INFO - 发现Excel文件: /Users/qiyuzheng/PycharmProjects/RPA/saika/ISF报表数据 (34).xlsx
2025-09-08 14:26:25,314 - INFO - 发现Excel文件: /Users/qiyuzheng/PycharmProjects/RPA/saika/ISF报表数据 (71).xlsx
2025-09-08 14:26:25,314 - INFO - 发现Excel文件: /Users/qiyuzheng/PycharmProjects/RPA/saika/ISF报表数据 (68).xlsx
2025-09-08 14:26:25,314 - INFO - 发现Excel文件: /Users/qiyuzheng/PycharmProjects/RPA/saika/ISF报表数据 (55).xlsx
2025-09-08 14:26:25,314 - INFO - 发现Excel文件: /Users/qiyuzheng/PycharmProjects/RPA/saika/ISF报表数据 (76).xlsx
2025-09-08 14:26:25,314 - INFO - 发现Excel文件: /Users/qiyuzheng/PycharmProjects/RPA/saika/ISF报表数据 (52).xlsx
2025-09-08 14:26:25,314 - INFO - 发现Excel文件: /Users/qiyuzheng/PycharmProjects/RPA/saika/ISF报表数据 (50).xlsx
2025-09-08 14:26:25,314 - INFO - 发现Excel文件: /Users/qiyuzheng/PycharmProjects/RPA/saika/ISF报表数据 (49).xlsx
2025-09-08 14:26:25,314 - INFO - 发现Excel文件: /Users/qiyuzheng/PycharmProjects/RPA/saika/ISF报表数据 (74).xlsx
2025-09-08 14:26:25,314 - INFO - 发现Excel文件: /Users/qiyuzheng/PycharmProjects/RPA/saika/ISF报表数据 (70).xlsx
2025-09-08 14:26:25,314 - INFO - 发现Excel文件: /Users/qiyuzheng/PycharmProjects/RPA/saika/ISF报表数据 (35).xlsx
2025-09-08 14:26:25,314 - INFO - 发现Excel文件: /Users/qiyuzheng/PycharmProjects/RPA/saika/ISF报表数据 (54).xlsx
2025-09-08 14:26:25,314 - INFO - 发现Excel文件: /Users/qiyuzheng/PycharmProjects/RPA/saika/ISF报表数据 (69).xlsx
2025-09-08 14:26:25,314 - INFO - 发现Excel文件: /Users/qiyuzheng/PycharmProjects/RPA/saika/ISF报表数据 (56).xlsx
2025-09-08 14:26:25,314 - INFO - 发现Excel文件: /Users/qiyuzheng/PycharmProjects/RPA/saika/ISF报表数据 (72).xlsx
2025-09-08 14:26:25,314 - INFO - 发现Excel文件: /Users/qiyuzheng/PycharmProjects/RPA/saika/ISF报表数据 (37).xlsx
2025-09-08 14:26:25,314 - INFO - 共找到 49 个Excel文件
2025-09-08 14:26:25,453 - INFO - 读取文件: /Users/qiyuzheng/PycharmProjects/RPA/saika/ISF报表数据 (43).xlsx，包含 1 个工作表
2025-09-08 14:26:25,464 - INFO - 工作表 '宁波中景国际货运代理有限公司 ISF报表数据' 自动调整列名
2025-09-08 14:26:25,464 - INFO - 成功读取工作表 '宁波中景国际货运代理有限公司 ISF报表数据'，数据行数: 50
2025-09-08 14:26:25,465 - INFO - 成功处理文件: ISF报表数据 (43).xlsx，总行数: 50
2025-09-08 14:26:25,469 - INFO - 读取文件: /Users/qiyuzheng/PycharmProjects/RPA/saika/ISF报表数据 (67).xlsx，包含 1 个工作表
2025-09-08 14:26:25,478 - INFO - 工作表 '宁波中景国际货运代理有限公司 ISF报表数据' 自动调整列名
2025-09-08 14:26:25,478 - INFO - 成功读取工作表 '宁波中景国际货运代理有限公司 ISF报表数据'，数据行数: 50
2025-09-08 14:26:25,478 - INFO - 成功处理文件: ISF报表数据 (67).xlsx，总行数: 50
2025-09-08 14:26:25,481 - INFO - 读取文件: /Users/qiyuzheng/PycharmProjects/RPA/saika/ISF报表数据 (65).xlsx，包含 1 个工作表
2025-09-08 14:26:25,490 - INFO - 工作表 '宁波中景国际货运代理有限公司 ISF报表数据' 自动调整列名
2025-09-08 14:26:25,490 - INFO - 成功读取工作表 '宁波中景国际货运代理有限公司 ISF报表数据'，数据行数: 50
2025-09-08 14:26:25,491 - INFO - 成功处理文件: ISF报表数据 (65).xlsx，总行数: 50
2025-09-08 14:26:25,493 - INFO - 读取文件: /Users/qiyuzheng/PycharmProjects/RPA/saika/ISF报表数据 (58).xlsx，包含 1 个工作表
2025-09-08 14:26:25,503 - INFO - 工作表 '宁波中景国际货运代理有限公司 ISF报表数据' 自动调整列名
2025-09-08 14:26:25,503 - INFO - 成功读取工作表 '宁波中景国际货运代理有限公司 ISF报表数据'，数据行数: 43
2025-09-08 14:26:25,503 - INFO - 成功处理文件: ISF报表数据 (58).xlsx，总行数: 43
2025-09-08 14:26:25,506 - INFO - 读取文件: /Users/qiyuzheng/PycharmProjects/RPA/saika/ISF报表数据 (81).xlsx，包含 1 个工作表
2025-09-08 14:26:25,511 - INFO - 工作表 '宁波中景国际货运代理有限公司 ISF报表数据' 自动调整列名
2025-09-08 14:26:25,511 - INFO - 成功读取工作表 '宁波中景国际货运代理有限公司 ISF报表数据'，数据行数: 17
2025-09-08 14:26:25,511 - INFO - 成功处理文件: ISF报表数据 (81).xlsx，总行数: 17
2025-09-08 14:26:25,514 - INFO - 读取文件: /Users/qiyuzheng/PycharmProjects/RPA/saika/ISF报表数据 (39).xlsx，包含 1 个工作表
2025-09-08 14:26:25,524 - INFO - 工作表 '宁波中景国际货运代理有限公司 ISF报表数据' 自动调整列名
2025-09-08 14:26:25,524 - INFO - 成功读取工作表 '宁波中景国际货运代理有限公司 ISF报表数据'，数据行数: 50
2025-09-08 14:26:25,525 - INFO - 成功处理文件: ISF报表数据 (39).xlsx，总行数: 50
2025-09-08 14:26:25,529 - INFO - 读取文件: /Users/qiyuzheng/PycharmProjects/RPA/saika/ISF报表数据 (41).xlsx，包含 1 个工作表
2025-09-08 14:26:25,541 - INFO - 工作表 '宁波中景国际货运代理有限公司 ISF报表数据' 自动调整列名
2025-09-08 14:26:25,541 - INFO - 成功读取工作表 '宁波中景国际货运代理有限公司 ISF报表数据'，数据行数: 50
2025-09-08 14:26:25,542 - INFO - 成功处理文件: ISF报表数据 (41).xlsx，总行数: 50
2025-09-08 14:26:25,545 - INFO - 读取文件: /Users/qiyuzheng/PycharmProjects/RPA/saika/ISF报表数据 (78).xlsx，包含 1 个工作表
2025-09-08 14:26:25,558 - INFO - 工作表 '宁波中景国际货运代理有限公司 ISF报表数据' 自动调整列名
2025-09-08 14:26:25,558 - INFO - 成功读取工作表 '宁波中景国际货运代理有限公司 ISF报表数据'，数据行数: 50
2025-09-08 14:26:25,559 - INFO - 成功处理文件: ISF报表数据 (78).xlsx，总行数: 50
2025-09-08 14:26:25,563 - INFO - 读取文件: /Users/qiyuzheng/PycharmProjects/RPA/saika/ISF报表数据 (45).xlsx，包含 1 个工作表
2025-09-08 14:26:25,576 - INFO - 工作表 '宁波中景国际货运代理有限公司 ISF报表数据' 自动调整列名
2025-09-08 14:26:25,576 - INFO - 成功读取工作表 '宁波中景国际货运代理有限公司 ISF报表数据'，数据行数: 50
2025-09-08 14:26:25,577 - INFO - 成功处理文件: ISF报表数据 (45).xlsx，总行数: 50
2025-09-08 14:26:25,582 - INFO - 读取文件: /Users/qiyuzheng/PycharmProjects/RPA/saika/ISF报表数据 (61).xlsx，包含 1 个工作表
2025-09-08 14:26:25,598 - INFO - 工作表 '宁波中景国际货运代理有限公司 ISF报表数据' 自动调整列名
2025-09-08 14:26:25,598 - INFO - 成功读取工作表 '宁波中景国际货运代理有限公司 ISF报表数据'，数据行数: 50
2025-09-08 14:26:25,598 - INFO - 成功处理文件: ISF报表数据 (61).xlsx，总行数: 50
2025-09-08 14:26:25,602 - INFO - 读取文件: /Users/qiyuzheng/PycharmProjects/RPA/saika/ISF报表数据 (63).xlsx，包含 1 个工作表
2025-09-08 14:26:25,614 - INFO - 工作表 '宁波中景国际货运代理有限公司 ISF报表数据' 自动调整列名
2025-09-08 14:26:25,614 - INFO - 成功读取工作表 '宁波中景国际货运代理有限公司 ISF报表数据'，数据行数: 50
2025-09-08 14:26:25,615 - INFO - 成功处理文件: ISF报表数据 (63).xlsx，总行数: 50
2025-09-08 14:26:25,617 - INFO - 读取文件: /Users/qiyuzheng/PycharmProjects/RPA/saika/ISF报表数据 (47).xlsx，包含 1 个工作表
2025-09-08 14:26:25,641 - INFO - 工作表 '宁波中景国际货运代理有限公司 ISF报表数据' 自动调整列名
2025-09-08 14:26:25,641 - INFO - 成功读取工作表 '宁波中景国际货运代理有限公司 ISF报表数据'，数据行数: 50
2025-09-08 14:26:25,642 - INFO - 成功处理文件: ISF报表数据 (47).xlsx，总行数: 50
2025-09-08 14:26:25,644 - INFO - 读取文件: /Users/qiyuzheng/PycharmProjects/RPA/saika/ISF报表数据 (59).xlsx，包含 1 个工作表
2025-09-08 14:26:25,693 - INFO - 工作表 '宁波中景国际货运代理有限公司 ISF报表数据' 自动调整列名
2025-09-08 14:26:25,693 - INFO - 成功读取工作表 '宁波中景国际货运代理有限公司 ISF报表数据'，数据行数: 647
2025-09-08 14:26:25,694 - INFO - 成功处理文件: ISF报表数据 (59).xlsx，总行数: 647
2025-09-08 14:26:25,696 - INFO - 读取文件: /Users/qiyuzheng/PycharmProjects/RPA/saika/ISF报表数据 (64).xlsx，包含 1 个工作表
2025-09-08 14:26:25,703 - INFO - 工作表 '宁波中景国际货运代理有限公司 ISF报表数据' 自动调整列名
2025-09-08 14:26:25,703 - INFO - 成功读取工作表 '宁波中景国际货运代理有限公司 ISF报表数据'，数据行数: 50
2025-09-08 14:26:25,703 - INFO - 成功处理文件: ISF报表数据 (64).xlsx，总行数: 50
2025-09-08 14:26:25,705 - INFO - 读取文件: /Users/qiyuzheng/PycharmProjects/RPA/saika/ISF报表数据 (40).xlsx，包含 1 个工作表
2025-09-08 14:26:25,712 - INFO - 工作表 '宁波中景国际货运代理有限公司 ISF报表数据' 自动调整列名
2025-09-08 14:26:25,712 - INFO - 成功读取工作表 '宁波中景国际货运代理有限公司 ISF报表数据'，数据行数: 50
2025-09-08 14:26:25,712 - INFO - 成功处理文件: ISF报表数据 (40).xlsx，总行数: 50
2025-09-08 14:26:25,714 - INFO - 读取文件: /Users/qiyuzheng/PycharmProjects/RPA/saika/ISF报表数据 (80).xlsx，包含 1 个工作表
2025-09-08 14:26:25,721 - INFO - 工作表 '宁波中景国际货运代理有限公司 ISF报表数据' 自动调整列名
2025-09-08 14:26:25,721 - INFO - 成功读取工作表 '宁波中景国际货运代理有限公司 ISF报表数据'，数据行数: 50
2025-09-08 14:26:25,721 - INFO - 成功处理文件: ISF报表数据 (80).xlsx，总行数: 50
2025-09-08 14:26:25,724 - INFO - 读取文件: /Users/qiyuzheng/PycharmProjects/RPA/saika/ISF报表数据 (38).xlsx，包含 1 个工作表
2025-09-08 14:26:25,731 - INFO - 工作表 '宁波中景国际货运代理有限公司 ISF报表数据' 自动调整列名
2025-09-08 14:26:25,732 - INFO - 成功读取工作表 '宁波中景国际货运代理有限公司 ISF报表数据'，数据行数: 50
2025-09-08 14:26:25,732 - INFO - 成功处理文件: ISF报表数据 (38).xlsx，总行数: 50
2025-09-08 14:26:25,734 - INFO - 读取文件: /Users/qiyuzheng/PycharmProjects/RPA/saika/ISF报表数据 (82).xlsx，包含 1 个工作表
2025-09-08 14:26:25,763 - INFO - 工作表 '宁波中景国际货运代理有限公司 ISF报表数据' 自动调整列名
2025-09-08 14:26:25,763 - INFO - 成功读取工作表 '宁波中景国际货运代理有限公司 ISF报表数据'，数据行数: 286
2025-09-08 14:26:25,763 - INFO - 成功处理文件: ISF报表数据 (82).xlsx，总行数: 286
2025-09-08 14:26:25,766 - INFO - 读取文件: /Users/qiyuzheng/PycharmProjects/RPA/saika/ISF报表数据 (42).xlsx，包含 1 个工作表
2025-09-08 14:26:25,774 - INFO - 工作表 '宁波中景国际货运代理有限公司 ISF报表数据' 自动调整列名
2025-09-08 14:26:25,775 - INFO - 成功读取工作表 '宁波中景国际货运代理有限公司 ISF报表数据'，数据行数: 50
2025-09-08 14:26:25,775 - INFO - 成功处理文件: ISF报表数据 (42).xlsx，总行数: 50
2025-09-08 14:26:25,777 - INFO - 读取文件: /Users/qiyuzheng/PycharmProjects/RPA/saika/ISF报表数据 (66).xlsx，包含 1 个工作表
2025-09-08 14:26:25,786 - INFO - 工作表 '宁波中景国际货运代理有限公司 ISF报表数据' 自动调整列名
2025-09-08 14:26:25,786 - INFO - 成功读取工作表 '宁波中景国际货运代理有限公司 ISF报表数据'，数据行数: 50
2025-09-08 14:26:25,786 - INFO - 成功处理文件: ISF报表数据 (66).xlsx，总行数: 50
2025-09-08 14:26:25,789 - INFO - 读取文件: /Users/qiyuzheng/PycharmProjects/RPA/saika/ISF报表数据 (62).xlsx，包含 1 个工作表
2025-09-08 14:26:25,797 - INFO - 工作表 '宁波中景国际货运代理有限公司 ISF报表数据' 自动调整列名
2025-09-08 14:26:25,797 - INFO - 成功读取工作表 '宁波中景国际货运代理有限公司 ISF报表数据'，数据行数: 50
2025-09-08 14:26:25,797 - INFO - 成功处理文件: ISF报表数据 (62).xlsx，总行数: 50
2025-09-08 14:26:25,799 - INFO - 读取文件: /Users/qiyuzheng/PycharmProjects/RPA/saika/ISF报表数据 (46).xlsx，包含 1 个工作表
2025-09-08 14:26:25,809 - INFO - 工作表 '宁波中景国际货运代理有限公司 ISF报表数据' 自动调整列名
2025-09-08 14:26:25,809 - INFO - 成功读取工作表 '宁波中景国际货运代理有限公司 ISF报表数据'，数据行数: 50
2025-09-08 14:26:25,810 - INFO - 成功处理文件: ISF报表数据 (46).xlsx，总行数: 50
2025-09-08 14:26:25,812 - INFO - 读取文件: /Users/qiyuzheng/PycharmProjects/RPA/saika/ISF报表数据 (44).xlsx，包含 1 个工作表
2025-09-08 14:26:25,821 - INFO - 工作表 '宁波中景国际货运代理有限公司 ISF报表数据' 自动调整列名
2025-09-08 14:26:25,821 - INFO - 成功读取工作表 '宁波中景国际货运代理有限公司 ISF报表数据'，数据行数: 50
2025-09-08 14:26:25,821 - INFO - 成功处理文件: ISF报表数据 (44).xlsx，总行数: 50
2025-09-08 14:26:25,823 - INFO - 读取文件: /Users/qiyuzheng/PycharmProjects/RPA/saika/ISF报表数据 (79).xlsx，包含 1 个工作表
2025-09-08 14:26:25,831 - INFO - 工作表 '宁波中景国际货运代理有限公司 ISF报表数据' 自动调整列名
2025-09-08 14:26:25,832 - INFO - 成功读取工作表 '宁波中景国际货运代理有限公司 ISF报表数据'，数据行数: 50
2025-09-08 14:26:25,832 - INFO - 成功处理文件: ISF报表数据 (79).xlsx，总行数: 50
2025-09-08 14:26:25,834 - INFO - 读取文件: /Users/qiyuzheng/PycharmProjects/RPA/saika/ISF报表数据 (60).xlsx，包含 1 个工作表
2025-09-08 14:26:25,865 - INFO - 工作表 '宁波中景国际货运代理有限公司 ISF报表数据' 自动调整列名
2025-09-08 14:26:25,865 - INFO - 成功读取工作表 '宁波中景国际货运代理有限公司 ISF报表数据'，数据行数: 313
2025-09-08 14:26:25,865 - INFO - 成功处理文件: ISF报表数据 (60).xlsx，总行数: 313
2025-09-08 14:26:25,868 - INFO - 读取文件: /Users/qiyuzheng/PycharmProjects/RPA/saika/ISF报表数据 (51).xlsx，包含 1 个工作表
2025-09-08 14:26:25,878 - INFO - 工作表 '宁波中景国际货运代理有限公司 ISF报表数据' 自动调整列名
2025-09-08 14:26:25,878 - INFO - 成功读取工作表 '宁波中景国际货运代理有限公司 ISF报表数据'，数据行数: 50
2025-09-08 14:26:25,878 - INFO - 成功处理文件: ISF报表数据 (51).xlsx，总行数: 50
2025-09-08 14:26:25,881 - INFO - 读取文件: /Users/qiyuzheng/PycharmProjects/RPA/saika/ISF报表数据 (75).xlsx，包含 1 个工作表
2025-09-08 14:26:25,890 - INFO - 工作表 '宁波中景国际货运代理有限公司 ISF报表数据' 自动调整列名
2025-09-08 14:26:25,890 - INFO - 成功读取工作表 '宁波中景国际货运代理有限公司 ISF报表数据'，数据行数: 50
2025-09-08 14:26:25,890 - INFO - 成功处理文件: ISF报表数据 (75).xlsx，总行数: 50
2025-09-08 14:26:25,893 - INFO - 读取文件: /Users/qiyuzheng/PycharmProjects/RPA/saika/ISF报表数据 (48).xlsx，包含 1 个工作表
2025-09-08 14:26:25,903 - INFO - 工作表 '宁波中景国际货运代理有限公司 ISF报表数据' 自动调整列名
2025-09-08 14:26:25,903 - INFO - 成功读取工作表 '宁波中景国际货运代理有限公司 ISF报表数据'，数据行数: 50
2025-09-08 14:26:25,903 - INFO - 成功处理文件: ISF报表数据 (48).xlsx，总行数: 50
2025-09-08 14:26:25,906 - INFO - 读取文件: /Users/qiyuzheng/PycharmProjects/RPA/saika/ISF报表数据 (77).xlsx，包含 1 个工作表
2025-09-08 14:26:25,916 - INFO - 工作表 '宁波中景国际货运代理有限公司 ISF报表数据' 自动调整列名
2025-09-08 14:26:25,916 - INFO - 成功读取工作表 '宁波中景国际货运代理有限公司 ISF报表数据'，数据行数: 50
2025-09-08 14:26:25,916 - INFO - 成功处理文件: ISF报表数据 (77).xlsx，总行数: 50
2025-09-08 14:26:25,919 - INFO - 读取文件: /Users/qiyuzheng/PycharmProjects/RPA/saika/ISF报表数据 (53).xlsx，包含 1 个工作表
2025-09-08 14:26:25,950 - INFO - 工作表 '宁波中景国际货运代理有限公司 ISF报表数据' 自动调整列名
2025-09-08 14:26:25,950 - INFO - 成功读取工作表 '宁波中景国际货运代理有限公司 ISF报表数据'，数据行数: 50
2025-09-08 14:26:25,950 - INFO - 成功处理文件: ISF报表数据 (53).xlsx，总行数: 50
2025-09-08 14:26:25,955 - INFO - 读取文件: /Users/qiyuzheng/PycharmProjects/RPA/saika/ISF报表数据 (57).xlsx，包含 1 个工作表
2025-09-08 14:26:25,965 - INFO - 工作表 '宁波中景国际货运代理有限公司 ISF报表数据' 自动调整列名
2025-09-08 14:26:25,965 - INFO - 成功读取工作表 '宁波中景国际货运代理有限公司 ISF报表数据'，数据行数: 50
2025-09-08 14:26:25,965 - INFO - 成功处理文件: ISF报表数据 (57).xlsx，总行数: 50
2025-09-08 14:26:25,972 - INFO - 读取文件: /Users/qiyuzheng/PycharmProjects/RPA/saika/ISF报表数据 (36).xlsx，包含 1 个工作表
2025-09-08 14:26:26,086 - INFO - 工作表 '宁波中景国际货运代理有限公司 ISF报表数据' 自动调整列名
2025-09-08 14:26:26,086 - INFO - 成功读取工作表 '宁波中景国际货运代理有限公司 ISF报表数据'，数据行数: 944
2025-09-08 14:26:26,086 - INFO - 成功处理文件: ISF报表数据 (36).xlsx，总行数: 944
2025-09-08 14:26:26,089 - INFO - 读取文件: /Users/qiyuzheng/PycharmProjects/RPA/saika/ISF报表数据 (73).xlsx，包含 1 个工作表
2025-09-08 14:26:26,100 - INFO - 工作表 '宁波中景国际货运代理有限公司 ISF报表数据' 自动调整列名
2025-09-08 14:26:26,100 - INFO - 成功读取工作表 '宁波中景国际货运代理有限公司 ISF报表数据'，数据行数: 50
2025-09-08 14:26:26,101 - INFO - 成功处理文件: ISF报表数据 (73).xlsx，总行数: 50
2025-09-08 14:26:26,104 - INFO - 读取文件: /Users/qiyuzheng/PycharmProjects/RPA/saika/ISF报表数据 (34).xlsx，包含 1 个工作表
2025-09-08 14:26:26,157 - INFO - 工作表 '宁波中景国际货运代理有限公司 ISF报表数据' 自动调整列名
2025-09-08 14:26:26,157 - INFO - 成功读取工作表 '宁波中景国际货运代理有限公司 ISF报表数据'，数据行数: 462
2025-09-08 14:26:26,157 - INFO - 成功处理文件: ISF报表数据 (34).xlsx，总行数: 462
2025-09-08 14:26:26,160 - INFO - 读取文件: /Users/qiyuzheng/PycharmProjects/RPA/saika/ISF报表数据 (71).xlsx，包含 1 个工作表
2025-09-08 14:26:26,172 - INFO - 工作表 '宁波中景国际货运代理有限公司 ISF报表数据' 自动调整列名
2025-09-08 14:26:26,172 - INFO - 成功读取工作表 '宁波中景国际货运代理有限公司 ISF报表数据'，数据行数: 50
2025-09-08 14:26:26,173 - INFO - 成功处理文件: ISF报表数据 (71).xlsx，总行数: 50
2025-09-08 14:26:26,179 - INFO - 读取文件: /Users/qiyuzheng/PycharmProjects/RPA/saika/ISF报表数据 (68).xlsx，包含 1 个工作表
2025-09-08 14:26:26,193 - INFO - 工作表 '宁波中景国际货运代理有限公司 ISF报表数据' 自动调整列名
2025-09-08 14:26:26,193 - INFO - 成功读取工作表 '宁波中景国际货运代理有限公司 ISF报表数据'，数据行数: 50
2025-09-08 14:26:26,194 - INFO - 成功处理文件: ISF报表数据 (68).xlsx，总行数: 50
2025-09-08 14:26:26,197 - INFO - 读取文件: /Users/qiyuzheng/PycharmProjects/RPA/saika/ISF报表数据 (55).xlsx，包含 1 个工作表
2025-09-08 14:26:26,209 - INFO - 工作表 '宁波中景国际货运代理有限公司 ISF报表数据' 自动调整列名
2025-09-08 14:26:26,209 - INFO - 成功读取工作表 '宁波中景国际货运代理有限公司 ISF报表数据'，数据行数: 50
2025-09-08 14:26:26,209 - INFO - 成功处理文件: ISF报表数据 (55).xlsx，总行数: 50
2025-09-08 14:26:26,212 - INFO - 读取文件: /Users/qiyuzheng/PycharmProjects/RPA/saika/ISF报表数据 (76).xlsx，包含 1 个工作表
2025-09-08 14:26:26,225 - INFO - 工作表 '宁波中景国际货运代理有限公司 ISF报表数据' 自动调整列名
2025-09-08 14:26:26,225 - INFO - 成功读取工作表 '宁波中景国际货运代理有限公司 ISF报表数据'，数据行数: 50
2025-09-08 14:26:26,225 - INFO - 成功处理文件: ISF报表数据 (76).xlsx，总行数: 50
2025-09-08 14:26:26,229 - INFO - 读取文件: /Users/qiyuzheng/PycharmProjects/RPA/saika/ISF报表数据 (52).xlsx，包含 1 个工作表
2025-09-08 14:26:26,240 - INFO - 工作表 '宁波中景国际货运代理有限公司 ISF报表数据' 自动调整列名
2025-09-08 14:26:26,240 - INFO - 成功读取工作表 '宁波中景国际货运代理有限公司 ISF报表数据'，数据行数: 50
2025-09-08 14:26:26,240 - INFO - 成功处理文件: ISF报表数据 (52).xlsx，总行数: 50
2025-09-08 14:26:26,243 - INFO - 读取文件: /Users/qiyuzheng/PycharmProjects/RPA/saika/ISF报表数据 (50).xlsx，包含 1 个工作表
2025-09-08 14:26:26,253 - INFO - 工作表 '宁波中景国际货运代理有限公司 ISF报表数据' 自动调整列名
2025-09-08 14:26:26,253 - INFO - 成功读取工作表 '宁波中景国际货运代理有限公司 ISF报表数据'，数据行数: 50
2025-09-08 14:26:26,254 - INFO - 成功处理文件: ISF报表数据 (50).xlsx，总行数: 50
2025-09-08 14:26:26,256 - INFO - 读取文件: /Users/qiyuzheng/PycharmProjects/RPA/saika/ISF报表数据 (49).xlsx，包含 1 个工作表
2025-09-08 14:26:26,267 - INFO - 工作表 '宁波中景国际货运代理有限公司 ISF报表数据' 自动调整列名
2025-09-08 14:26:26,267 - INFO - 成功读取工作表 '宁波中景国际货运代理有限公司 ISF报表数据'，数据行数: 50
2025-09-08 14:26:26,267 - INFO - 成功处理文件: ISF报表数据 (49).xlsx，总行数: 50
2025-09-08 14:26:26,270 - INFO - 读取文件: /Users/qiyuzheng/PycharmProjects/RPA/saika/ISF报表数据 (74).xlsx，包含 1 个工作表
2025-09-08 14:26:26,294 - INFO - 工作表 '宁波中景国际货运代理有限公司 ISF报表数据' 自动调整列名
2025-09-08 14:26:26,295 - INFO - 成功读取工作表 '宁波中景国际货运代理有限公司 ISF报表数据'，数据行数: 50
2025-09-08 14:26:26,295 - INFO - 成功处理文件: ISF报表数据 (74).xlsx，总行数: 50
2025-09-08 14:26:26,297 - INFO - 读取文件: /Users/qiyuzheng/PycharmProjects/RPA/saika/ISF报表数据 (70).xlsx，包含 1 个工作表
2025-09-08 14:26:26,305 - INFO - 工作表 '宁波中景国际货运代理有限公司 ISF报表数据' 自动调整列名
2025-09-08 14:26:26,305 - INFO - 成功读取工作表 '宁波中景国际货运代理有限公司 ISF报表数据'，数据行数: 50
2025-09-08 14:26:26,306 - INFO - 成功处理文件: ISF报表数据 (70).xlsx，总行数: 50
2025-09-08 14:26:26,308 - INFO - 读取文件: /Users/qiyuzheng/PycharmProjects/RPA/saika/ISF报表数据 (35).xlsx，包含 1 个工作表
2025-09-08 14:26:26,324 - INFO - 工作表 '宁波中景国际货运代理有限公司 ISF报表数据' 自动调整列名
2025-09-08 14:26:26,324 - INFO - 成功读取工作表 '宁波中景国际货运代理有限公司 ISF报表数据'，数据行数: 146
2025-09-08 14:26:26,324 - INFO - 成功处理文件: ISF报表数据 (35).xlsx，总行数: 146
2025-09-08 14:26:26,327 - INFO - 读取文件: /Users/qiyuzheng/PycharmProjects/RPA/saika/ISF报表数据 (54).xlsx，包含 1 个工作表
2025-09-08 14:26:26,337 - INFO - 工作表 '宁波中景国际货运代理有限公司 ISF报表数据' 自动调整列名
2025-09-08 14:26:26,337 - INFO - 成功读取工作表 '宁波中景国际货运代理有限公司 ISF报表数据'，数据行数: 50
2025-09-08 14:26:26,337 - INFO - 成功处理文件: ISF报表数据 (54).xlsx，总行数: 50
2025-09-08 14:26:26,340 - INFO - 读取文件: /Users/qiyuzheng/PycharmProjects/RPA/saika/ISF报表数据 (69).xlsx，包含 1 个工作表
2025-09-08 14:26:26,349 - INFO - 工作表 '宁波中景国际货运代理有限公司 ISF报表数据' 自动调整列名
2025-09-08 14:26:26,349 - INFO - 成功读取工作表 '宁波中景国际货运代理有限公司 ISF报表数据'，数据行数: 50
2025-09-08 14:26:26,350 - INFO - 成功处理文件: ISF报表数据 (69).xlsx，总行数: 50
2025-09-08 14:26:26,353 - INFO - 读取文件: /Users/qiyuzheng/PycharmProjects/RPA/saika/ISF报表数据 (56).xlsx，包含 1 个工作表
2025-09-08 14:26:26,364 - INFO - 工作表 '宁波中景国际货运代理有限公司 ISF报表数据' 自动调整列名
2025-09-08 14:26:26,364 - INFO - 成功读取工作表 '宁波中景国际货运代理有限公司 ISF报表数据'，数据行数: 50
2025-09-08 14:26:26,365 - INFO - 成功处理文件: ISF报表数据 (56).xlsx，总行数: 50
2025-09-08 14:26:26,367 - INFO - 读取文件: /Users/qiyuzheng/PycharmProjects/RPA/saika/ISF报表数据 (72).xlsx，包含 1 个工作表
2025-09-08 14:26:26,380 - INFO - 工作表 '宁波中景国际货运代理有限公司 ISF报表数据' 自动调整列名
2025-09-08 14:26:26,380 - INFO - 成功读取工作表 '宁波中景国际货运代理有限公司 ISF报表数据'，数据行数: 50
2025-09-08 14:26:26,381 - INFO - 成功处理文件: ISF报表数据 (72).xlsx，总行数: 50
2025-09-08 14:26:26,386 - INFO - 读取文件: /Users/qiyuzheng/PycharmProjects/RPA/saika/ISF报表数据 (37).xlsx，包含 1 个工作表
2025-09-08 14:26:26,478 - INFO - 工作表 '宁波中景国际货运代理有限公司 ISF报表数据' 自动调整列名
2025-09-08 14:26:26,478 - INFO - 成功读取工作表 '宁波中景国际货运代理有限公司 ISF报表数据'，数据行数: 761
2025-09-08 14:26:26,479 - INFO - 成功处理文件: ISF报表数据 (37).xlsx，总行数: 761
2025-09-08 14:26:26,483 - INFO - 成功合并所有数据，总行数: 5619
2025-09-08 14:26:27,041 - INFO - 合并后的数据已保存到: merged_excel_20250908_142625.xlsx
2025-09-08 14:37:21,424 - INFO - 发现Excel文件: /Users/qiyuzheng/PycharmProjects/RPA/saika/ISF报表数据 (43).xlsx
2025-09-08 14:37:21,424 - INFO - 发现Excel文件: /Users/qiyuzheng/PycharmProjects/RPA/saika/ISF报表数据 (67).xlsx
2025-09-08 14:37:21,424 - INFO - 发现Excel文件: /Users/qiyuzheng/PycharmProjects/RPA/saika/ISF报表数据 (65).xlsx
2025-09-08 14:37:21,424 - INFO - 发现Excel文件: /Users/qiyuzheng/PycharmProjects/RPA/saika/ISF报表数据 (58).xlsx
2025-09-08 14:37:21,424 - INFO - 发现Excel文件: /Users/qiyuzheng/PycharmProjects/RPA/saika/ISF报表数据 (81).xlsx
2025-09-08 14:37:21,424 - INFO - 发现Excel文件: /Users/qiyuzheng/PycharmProjects/RPA/saika/ISF报表数据 (39).xlsx
2025-09-08 14:37:21,424 - INFO - 发现Excel文件: /Users/qiyuzheng/PycharmProjects/RPA/saika/ISF报表数据 (41).xlsx
2025-09-08 14:37:21,424 - INFO - 发现Excel文件: /Users/qiyuzheng/PycharmProjects/RPA/saika/ISF报表数据 (78).xlsx
2025-09-08 14:37:21,424 - INFO - 发现Excel文件: /Users/qiyuzheng/PycharmProjects/RPA/saika/ISF报表数据 (45).xlsx
2025-09-08 14:37:21,424 - INFO - 发现Excel文件: /Users/qiyuzheng/PycharmProjects/RPA/saika/ISF报表数据 (61).xlsx
2025-09-08 14:37:21,424 - INFO - 发现Excel文件: /Users/qiyuzheng/PycharmProjects/RPA/saika/ISF报表数据 (63).xlsx
2025-09-08 14:37:21,424 - INFO - 发现Excel文件: /Users/qiyuzheng/PycharmProjects/RPA/saika/ISF报表数据 (47).xlsx
2025-09-08 14:37:21,424 - INFO - 发现Excel文件: /Users/qiyuzheng/PycharmProjects/RPA/saika/ISF报表数据 (59).xlsx
2025-09-08 14:37:21,424 - INFO - 发现Excel文件: /Users/qiyuzheng/PycharmProjects/RPA/saika/ISF报表数据 (64).xlsx
2025-09-08 14:37:21,424 - INFO - 发现Excel文件: /Users/qiyuzheng/PycharmProjects/RPA/saika/ISF报表数据 (40).xlsx
2025-09-08 14:37:21,424 - INFO - 发现Excel文件: /Users/qiyuzheng/PycharmProjects/RPA/saika/ISF报表数据 (80).xlsx
2025-09-08 14:37:21,424 - INFO - 发现Excel文件: /Users/qiyuzheng/PycharmProjects/RPA/saika/ISF报表数据 (38).xlsx
2025-09-08 14:37:21,424 - INFO - 发现Excel文件: /Users/qiyuzheng/PycharmProjects/RPA/saika/ISF报表数据 (82).xlsx
2025-09-08 14:37:21,424 - INFO - 发现Excel文件: /Users/qiyuzheng/PycharmProjects/RPA/saika/ISF报表数据 (42).xlsx
2025-09-08 14:37:21,424 - INFO - 发现Excel文件: /Users/qiyuzheng/PycharmProjects/RPA/saika/ISF报表数据 (66).xlsx
2025-09-08 14:37:21,424 - INFO - 发现Excel文件: /Users/qiyuzheng/PycharmProjects/RPA/saika/ISF报表数据 (62).xlsx
2025-09-08 14:37:21,424 - INFO - 发现Excel文件: /Users/qiyuzheng/PycharmProjects/RPA/saika/ISF报表数据 (46).xlsx
2025-09-08 14:37:21,424 - INFO - 发现Excel文件: /Users/qiyuzheng/PycharmProjects/RPA/saika/ISF报表数据 (44).xlsx
2025-09-08 14:37:21,424 - INFO - 发现Excel文件: /Users/qiyuzheng/PycharmProjects/RPA/saika/ISF报表数据 (79).xlsx
2025-09-08 14:37:21,424 - INFO - 发现Excel文件: /Users/qiyuzheng/PycharmProjects/RPA/saika/ISF报表数据 (60).xlsx
2025-09-08 14:37:21,424 - INFO - 发现Excel文件: /Users/qiyuzheng/PycharmProjects/RPA/saika/ISF报表数据 (51).xlsx
2025-09-08 14:37:21,424 - INFO - 发现Excel文件: /Users/qiyuzheng/PycharmProjects/RPA/saika/ISF报表数据 (75).xlsx
2025-09-08 14:37:21,424 - INFO - 发现Excel文件: /Users/qiyuzheng/PycharmProjects/RPA/saika/ISF报表数据 (48).xlsx
2025-09-08 14:37:21,424 - INFO - 发现Excel文件: /Users/qiyuzheng/PycharmProjects/RPA/saika/ISF报表数据 (77).xlsx
2025-09-08 14:37:21,424 - INFO - 发现Excel文件: /Users/qiyuzheng/PycharmProjects/RPA/saika/ISF报表数据 (53).xlsx
2025-09-08 14:37:21,424 - INFO - 发现Excel文件: /Users/qiyuzheng/PycharmProjects/RPA/saika/ISF报表数据 (57).xlsx
2025-09-08 14:37:21,424 - INFO - 发现Excel文件: /Users/qiyuzheng/PycharmProjects/RPA/saika/ISF报表数据 (36).xlsx
2025-09-08 14:37:21,424 - INFO - 发现Excel文件: /Users/qiyuzheng/PycharmProjects/RPA/saika/ISF报表数据 (73).xlsx
2025-09-08 14:37:21,424 - INFO - 发现Excel文件: /Users/qiyuzheng/PycharmProjects/RPA/saika/ISF报表数据 (34).xlsx
2025-09-08 14:37:21,424 - INFO - 发现Excel文件: /Users/qiyuzheng/PycharmProjects/RPA/saika/ISF报表数据 (71).xlsx
2025-09-08 14:37:21,425 - INFO - 发现Excel文件: /Users/qiyuzheng/PycharmProjects/RPA/saika/ISF报表数据 (68).xlsx
2025-09-08 14:37:21,425 - INFO - 发现Excel文件: /Users/qiyuzheng/PycharmProjects/RPA/saika/ISF报表数据 (55).xlsx
2025-09-08 14:37:21,425 - INFO - 发现Excel文件: /Users/qiyuzheng/PycharmProjects/RPA/saika/ISF报表数据 (76).xlsx
2025-09-08 14:37:21,425 - INFO - 发现Excel文件: /Users/qiyuzheng/PycharmProjects/RPA/saika/ISF报表数据 (52).xlsx
2025-09-08 14:37:21,425 - INFO - 发现Excel文件: /Users/qiyuzheng/PycharmProjects/RPA/saika/ISF报表数据 (50).xlsx
2025-09-08 14:37:21,425 - INFO - 发现Excel文件: /Users/qiyuzheng/PycharmProjects/RPA/saika/ISF报表数据 (49).xlsx
2025-09-08 14:37:21,425 - INFO - 发现Excel文件: /Users/qiyuzheng/PycharmProjects/RPA/saika/ISF报表数据 (74).xlsx
2025-09-08 14:37:21,425 - INFO - 发现Excel文件: /Users/qiyuzheng/PycharmProjects/RPA/saika/ISF报表数据 (70).xlsx
2025-09-08 14:37:21,425 - INFO - 发现Excel文件: /Users/qiyuzheng/PycharmProjects/RPA/saika/ISF报表数据 (35).xlsx
2025-09-08 14:37:21,425 - INFO - 发现Excel文件: /Users/qiyuzheng/PycharmProjects/RPA/saika/ISF报表数据 (54).xlsx
2025-09-08 14:37:21,425 - INFO - 发现Excel文件: /Users/qiyuzheng/PycharmProjects/RPA/saika/ISF报表数据 (69).xlsx
2025-09-08 14:37:21,425 - INFO - 发现Excel文件: /Users/qiyuzheng/PycharmProjects/RPA/saika/ISF报表数据 (56).xlsx
2025-09-08 14:37:21,425 - INFO - 发现Excel文件: /Users/qiyuzheng/PycharmProjects/RPA/saika/ISF报表数据 (72).xlsx
2025-09-08 14:37:21,425 - INFO - 发现Excel文件: /Users/qiyuzheng/PycharmProjects/RPA/saika/ISF报表数据 (37).xlsx
2025-09-08 14:37:21,425 - INFO - 共找到 49 个Excel文件
2025-09-08 14:37:21,565 - INFO - 读取文件: /Users/qiyuzheng/PycharmProjects/RPA/saika/ISF报表数据 (43).xlsx，包含 1 个工作表
2025-09-08 14:37:21,598 - INFO - 工作表 '宁波中景国际货运代理有限公司 ISF报表数据' 自动调整列名
2025-09-08 14:37:21,598 - INFO - 成功读取工作表 '宁波中景国际货运代理有限公司 ISF报表数据'，数据行数: 50
2025-09-08 14:37:21,599 - INFO - 成功处理文件: ISF报表数据 (43).xlsx，总行数: 50
2025-09-08 14:37:21,602 - INFO - 读取文件: /Users/qiyuzheng/PycharmProjects/RPA/saika/ISF报表数据 (67).xlsx，包含 1 个工作表
2025-09-08 14:37:21,611 - INFO - 工作表 '宁波中景国际货运代理有限公司 ISF报表数据' 自动调整列名
2025-09-08 14:37:21,611 - INFO - 成功读取工作表 '宁波中景国际货运代理有限公司 ISF报表数据'，数据行数: 50
2025-09-08 14:37:21,612 - INFO - 成功处理文件: ISF报表数据 (67).xlsx，总行数: 50
2025-09-08 14:37:21,614 - INFO - 读取文件: /Users/qiyuzheng/PycharmProjects/RPA/saika/ISF报表数据 (65).xlsx，包含 1 个工作表
2025-09-08 14:37:21,622 - INFO - 工作表 '宁波中景国际货运代理有限公司 ISF报表数据' 自动调整列名
2025-09-08 14:37:21,622 - INFO - 成功读取工作表 '宁波中景国际货运代理有限公司 ISF报表数据'，数据行数: 50
2025-09-08 14:37:21,623 - INFO - 成功处理文件: ISF报表数据 (65).xlsx，总行数: 50
2025-09-08 14:37:21,626 - INFO - 读取文件: /Users/qiyuzheng/PycharmProjects/RPA/saika/ISF报表数据 (58).xlsx，包含 1 个工作表
2025-09-08 14:37:21,643 - INFO - 工作表 '宁波中景国际货运代理有限公司 ISF报表数据' 自动调整列名
2025-09-08 14:37:21,643 - INFO - 成功读取工作表 '宁波中景国际货运代理有限公司 ISF报表数据'，数据行数: 43
2025-09-08 14:37:21,643 - INFO - 成功处理文件: ISF报表数据 (58).xlsx，总行数: 43
2025-09-08 14:37:21,650 - INFO - 读取文件: /Users/qiyuzheng/PycharmProjects/RPA/saika/ISF报表数据 (81).xlsx，包含 1 个工作表
2025-09-08 14:37:21,659 - INFO - 工作表 '宁波中景国际货运代理有限公司 ISF报表数据' 自动调整列名
2025-09-08 14:37:21,659 - INFO - 成功读取工作表 '宁波中景国际货运代理有限公司 ISF报表数据'，数据行数: 17
2025-09-08 14:37:21,659 - INFO - 成功处理文件: ISF报表数据 (81).xlsx，总行数: 17
2025-09-08 14:37:21,664 - INFO - 读取文件: /Users/qiyuzheng/PycharmProjects/RPA/saika/ISF报表数据 (39).xlsx，包含 1 个工作表
2025-09-08 14:37:21,674 - INFO - 工作表 '宁波中景国际货运代理有限公司 ISF报表数据' 自动调整列名
2025-09-08 14:37:21,674 - INFO - 成功读取工作表 '宁波中景国际货运代理有限公司 ISF报表数据'，数据行数: 50
2025-09-08 14:37:21,675 - INFO - 成功处理文件: ISF报表数据 (39).xlsx，总行数: 50
2025-09-08 14:37:21,679 - INFO - 读取文件: /Users/qiyuzheng/PycharmProjects/RPA/saika/ISF报表数据 (41).xlsx，包含 1 个工作表
2025-09-08 14:37:21,691 - INFO - 工作表 '宁波中景国际货运代理有限公司 ISF报表数据' 自动调整列名
2025-09-08 14:37:21,691 - INFO - 成功读取工作表 '宁波中景国际货运代理有限公司 ISF报表数据'，数据行数: 50
2025-09-08 14:37:21,692 - INFO - 成功处理文件: ISF报表数据 (41).xlsx，总行数: 50
2025-09-08 14:37:21,696 - INFO - 读取文件: /Users/qiyuzheng/PycharmProjects/RPA/saika/ISF报表数据 (78).xlsx，包含 1 个工作表
2025-09-08 14:37:21,708 - INFO - 工作表 '宁波中景国际货运代理有限公司 ISF报表数据' 自动调整列名
2025-09-08 14:37:21,708 - INFO - 成功读取工作表 '宁波中景国际货运代理有限公司 ISF报表数据'，数据行数: 50
2025-09-08 14:37:21,708 - INFO - 成功处理文件: ISF报表数据 (78).xlsx，总行数: 50
2025-09-08 14:37:21,711 - INFO - 读取文件: /Users/qiyuzheng/PycharmProjects/RPA/saika/ISF报表数据 (45).xlsx，包含 1 个工作表
2025-09-08 14:37:21,723 - INFO - 工作表 '宁波中景国际货运代理有限公司 ISF报表数据' 自动调整列名
2025-09-08 14:37:21,723 - INFO - 成功读取工作表 '宁波中景国际货运代理有限公司 ISF报表数据'，数据行数: 50
2025-09-08 14:37:21,723 - INFO - 成功处理文件: ISF报表数据 (45).xlsx，总行数: 50
2025-09-08 14:37:21,727 - INFO - 读取文件: /Users/qiyuzheng/PycharmProjects/RPA/saika/ISF报表数据 (61).xlsx，包含 1 个工作表
2025-09-08 14:37:21,740 - INFO - 工作表 '宁波中景国际货运代理有限公司 ISF报表数据' 自动调整列名
2025-09-08 14:37:21,740 - INFO - 成功读取工作表 '宁波中景国际货运代理有限公司 ISF报表数据'，数据行数: 50
2025-09-08 14:37:21,741 - INFO - 成功处理文件: ISF报表数据 (61).xlsx，总行数: 50
2025-09-08 14:37:21,748 - INFO - 读取文件: /Users/qiyuzheng/PycharmProjects/RPA/saika/ISF报表数据 (63).xlsx，包含 1 个工作表
2025-09-08 14:37:21,759 - INFO - 工作表 '宁波中景国际货运代理有限公司 ISF报表数据' 自动调整列名
2025-09-08 14:37:21,760 - INFO - 成功读取工作表 '宁波中景国际货运代理有限公司 ISF报表数据'，数据行数: 50
2025-09-08 14:37:21,760 - INFO - 成功处理文件: ISF报表数据 (63).xlsx，总行数: 50
2025-09-08 14:37:21,763 - INFO - 读取文件: /Users/qiyuzheng/PycharmProjects/RPA/saika/ISF报表数据 (47).xlsx，包含 1 个工作表
2025-09-08 14:37:21,789 - INFO - 工作表 '宁波中景国际货运代理有限公司 ISF报表数据' 自动调整列名
2025-09-08 14:37:21,789 - INFO - 成功读取工作表 '宁波中景国际货运代理有限公司 ISF报表数据'，数据行数: 50
2025-09-08 14:37:21,789 - INFO - 成功处理文件: ISF报表数据 (47).xlsx，总行数: 50
2025-09-08 14:37:21,792 - INFO - 读取文件: /Users/qiyuzheng/PycharmProjects/RPA/saika/ISF报表数据 (59).xlsx，包含 1 个工作表
2025-09-08 14:37:21,864 - INFO - 工作表 '宁波中景国际货运代理有限公司 ISF报表数据' 自动调整列名
2025-09-08 14:37:21,864 - INFO - 成功读取工作表 '宁波中景国际货运代理有限公司 ISF报表数据'，数据行数: 647
2025-09-08 14:37:21,865 - INFO - 成功处理文件: ISF报表数据 (59).xlsx，总行数: 647
2025-09-08 14:37:21,870 - INFO - 读取文件: /Users/qiyuzheng/PycharmProjects/RPA/saika/ISF报表数据 (64).xlsx，包含 1 个工作表
2025-09-08 14:37:21,881 - INFO - 工作表 '宁波中景国际货运代理有限公司 ISF报表数据' 自动调整列名
2025-09-08 14:37:21,882 - INFO - 成功读取工作表 '宁波中景国际货运代理有限公司 ISF报表数据'，数据行数: 50
2025-09-08 14:37:21,882 - INFO - 成功处理文件: ISF报表数据 (64).xlsx，总行数: 50
2025-09-08 14:37:21,886 - INFO - 读取文件: /Users/qiyuzheng/PycharmProjects/RPA/saika/ISF报表数据 (40).xlsx，包含 1 个工作表
2025-09-08 14:37:21,895 - INFO - 工作表 '宁波中景国际货运代理有限公司 ISF报表数据' 自动调整列名
2025-09-08 14:37:21,895 - INFO - 成功读取工作表 '宁波中景国际货运代理有限公司 ISF报表数据'，数据行数: 50
2025-09-08 14:37:21,895 - INFO - 成功处理文件: ISF报表数据 (40).xlsx，总行数: 50
2025-09-08 14:37:21,899 - INFO - 读取文件: /Users/qiyuzheng/PycharmProjects/RPA/saika/ISF报表数据 (80).xlsx，包含 1 个工作表
2025-09-08 14:37:21,909 - INFO - 工作表 '宁波中景国际货运代理有限公司 ISF报表数据' 自动调整列名
2025-09-08 14:37:21,909 - INFO - 成功读取工作表 '宁波中景国际货运代理有限公司 ISF报表数据'，数据行数: 50
2025-09-08 14:37:21,909 - INFO - 成功处理文件: ISF报表数据 (80).xlsx，总行数: 50
2025-09-08 14:37:21,914 - INFO - 读取文件: /Users/qiyuzheng/PycharmProjects/RPA/saika/ISF报表数据 (38).xlsx，包含 1 个工作表
2025-09-08 14:37:21,920 - INFO - 工作表 '宁波中景国际货运代理有限公司 ISF报表数据' 自动调整列名
2025-09-08 14:37:21,920 - INFO - 成功读取工作表 '宁波中景国际货运代理有限公司 ISF报表数据'，数据行数: 50
2025-09-08 14:37:21,921 - INFO - 成功处理文件: ISF报表数据 (38).xlsx，总行数: 50
2025-09-08 14:37:21,924 - INFO - 读取文件: /Users/qiyuzheng/PycharmProjects/RPA/saika/ISF报表数据 (82).xlsx，包含 1 个工作表
2025-09-08 14:37:21,963 - INFO - 工作表 '宁波中景国际货运代理有限公司 ISF报表数据' 自动调整列名
2025-09-08 14:37:21,963 - INFO - 成功读取工作表 '宁波中景国际货运代理有限公司 ISF报表数据'，数据行数: 286
2025-09-08 14:37:21,964 - INFO - 成功处理文件: ISF报表数据 (82).xlsx，总行数: 286
2025-09-08 14:37:21,969 - INFO - 读取文件: /Users/qiyuzheng/PycharmProjects/RPA/saika/ISF报表数据 (42).xlsx，包含 1 个工作表
2025-09-08 14:37:21,977 - INFO - 工作表 '宁波中景国际货运代理有限公司 ISF报表数据' 自动调整列名
2025-09-08 14:37:21,977 - INFO - 成功读取工作表 '宁波中景国际货运代理有限公司 ISF报表数据'，数据行数: 50
2025-09-08 14:37:21,977 - INFO - 成功处理文件: ISF报表数据 (42).xlsx，总行数: 50
2025-09-08 14:37:21,981 - INFO - 读取文件: /Users/qiyuzheng/PycharmProjects/RPA/saika/ISF报表数据 (66).xlsx，包含 1 个工作表
2025-09-08 14:37:21,989 - INFO - 工作表 '宁波中景国际货运代理有限公司 ISF报表数据' 自动调整列名
2025-09-08 14:37:21,990 - INFO - 成功读取工作表 '宁波中景国际货运代理有限公司 ISF报表数据'，数据行数: 50
2025-09-08 14:37:21,990 - INFO - 成功处理文件: ISF报表数据 (66).xlsx，总行数: 50
2025-09-08 14:37:21,997 - INFO - 读取文件: /Users/qiyuzheng/PycharmProjects/RPA/saika/ISF报表数据 (62).xlsx，包含 1 个工作表
2025-09-08 14:37:22,006 - INFO - 工作表 '宁波中景国际货运代理有限公司 ISF报表数据' 自动调整列名
2025-09-08 14:37:22,006 - INFO - 成功读取工作表 '宁波中景国际货运代理有限公司 ISF报表数据'，数据行数: 50
2025-09-08 14:37:22,006 - INFO - 成功处理文件: ISF报表数据 (62).xlsx，总行数: 50
2025-09-08 14:37:22,012 - INFO - 读取文件: /Users/qiyuzheng/PycharmProjects/RPA/saika/ISF报表数据 (46).xlsx，包含 1 个工作表
2025-09-08 14:37:22,022 - INFO - 工作表 '宁波中景国际货运代理有限公司 ISF报表数据' 自动调整列名
2025-09-08 14:37:22,022 - INFO - 成功读取工作表 '宁波中景国际货运代理有限公司 ISF报表数据'，数据行数: 50
2025-09-08 14:37:22,022 - INFO - 成功处理文件: ISF报表数据 (46).xlsx，总行数: 50
2025-09-08 14:37:22,027 - INFO - 读取文件: /Users/qiyuzheng/PycharmProjects/RPA/saika/ISF报表数据 (44).xlsx，包含 1 个工作表
2025-09-08 14:37:22,044 - INFO - 工作表 '宁波中景国际货运代理有限公司 ISF报表数据' 自动调整列名
2025-09-08 14:37:22,044 - INFO - 成功读取工作表 '宁波中景国际货运代理有限公司 ISF报表数据'，数据行数: 50
2025-09-08 14:37:22,044 - INFO - 成功处理文件: ISF报表数据 (44).xlsx，总行数: 50
2025-09-08 14:37:22,048 - INFO - 读取文件: /Users/qiyuzheng/PycharmProjects/RPA/saika/ISF报表数据 (79).xlsx，包含 1 个工作表
2025-09-08 14:37:22,062 - INFO - 工作表 '宁波中景国际货运代理有限公司 ISF报表数据' 自动调整列名
2025-09-08 14:37:22,062 - INFO - 成功读取工作表 '宁波中景国际货运代理有限公司 ISF报表数据'，数据行数: 50
2025-09-08 14:37:22,063 - INFO - 成功处理文件: ISF报表数据 (79).xlsx，总行数: 50
2025-09-08 14:37:22,068 - INFO - 读取文件: /Users/qiyuzheng/PycharmProjects/RPA/saika/ISF报表数据 (60).xlsx，包含 1 个工作表
2025-09-08 14:37:22,114 - INFO - 工作表 '宁波中景国际货运代理有限公司 ISF报表数据' 自动调整列名
2025-09-08 14:37:22,114 - INFO - 成功读取工作表 '宁波中景国际货运代理有限公司 ISF报表数据'，数据行数: 313
2025-09-08 14:37:22,114 - INFO - 成功处理文件: ISF报表数据 (60).xlsx，总行数: 313
2025-09-08 14:37:22,121 - INFO - 读取文件: /Users/qiyuzheng/PycharmProjects/RPA/saika/ISF报表数据 (51).xlsx，包含 1 个工作表
2025-09-08 14:37:22,141 - INFO - 工作表 '宁波中景国际货运代理有限公司 ISF报表数据' 自动调整列名
2025-09-08 14:37:22,141 - INFO - 成功读取工作表 '宁波中景国际货运代理有限公司 ISF报表数据'，数据行数: 50
2025-09-08 14:37:22,141 - INFO - 成功处理文件: ISF报表数据 (51).xlsx，总行数: 50
2025-09-08 14:37:22,151 - INFO - 读取文件: /Users/qiyuzheng/PycharmProjects/RPA/saika/ISF报表数据 (75).xlsx，包含 1 个工作表
2025-09-08 14:37:22,164 - INFO - 工作表 '宁波中景国际货运代理有限公司 ISF报表数据' 自动调整列名
2025-09-08 14:37:22,164 - INFO - 成功读取工作表 '宁波中景国际货运代理有限公司 ISF报表数据'，数据行数: 50
2025-09-08 14:37:22,164 - INFO - 成功处理文件: ISF报表数据 (75).xlsx，总行数: 50
2025-09-08 14:37:22,168 - INFO - 读取文件: /Users/qiyuzheng/PycharmProjects/RPA/saika/ISF报表数据 (48).xlsx，包含 1 个工作表
2025-09-08 14:37:22,186 - INFO - 工作表 '宁波中景国际货运代理有限公司 ISF报表数据' 自动调整列名
2025-09-08 14:37:22,186 - INFO - 成功读取工作表 '宁波中景国际货运代理有限公司 ISF报表数据'，数据行数: 50
2025-09-08 14:37:22,186 - INFO - 成功处理文件: ISF报表数据 (48).xlsx，总行数: 50
2025-09-08 14:37:22,193 - INFO - 读取文件: /Users/qiyuzheng/PycharmProjects/RPA/saika/ISF报表数据 (77).xlsx，包含 1 个工作表
2025-09-08 14:37:22,206 - INFO - 工作表 '宁波中景国际货运代理有限公司 ISF报表数据' 自动调整列名
2025-09-08 14:37:22,206 - INFO - 成功读取工作表 '宁波中景国际货运代理有限公司 ISF报表数据'，数据行数: 50
2025-09-08 14:37:22,206 - INFO - 成功处理文件: ISF报表数据 (77).xlsx，总行数: 50
2025-09-08 14:37:22,209 - INFO - 读取文件: /Users/qiyuzheng/PycharmProjects/RPA/saika/ISF报表数据 (53).xlsx，包含 1 个工作表
2025-09-08 14:37:22,239 - INFO - 工作表 '宁波中景国际货运代理有限公司 ISF报表数据' 自动调整列名
2025-09-08 14:37:22,239 - INFO - 成功读取工作表 '宁波中景国际货运代理有限公司 ISF报表数据'，数据行数: 50
2025-09-08 14:37:22,239 - INFO - 成功处理文件: ISF报表数据 (53).xlsx，总行数: 50
2025-09-08 14:37:22,245 - INFO - 读取文件: /Users/qiyuzheng/PycharmProjects/RPA/saika/ISF报表数据 (57).xlsx，包含 1 个工作表
2025-09-08 14:37:22,254 - INFO - 工作表 '宁波中景国际货运代理有限公司 ISF报表数据' 自动调整列名
2025-09-08 14:37:22,254 - INFO - 成功读取工作表 '宁波中景国际货运代理有限公司 ISF报表数据'，数据行数: 50
2025-09-08 14:37:22,254 - INFO - 成功处理文件: ISF报表数据 (57).xlsx，总行数: 50
2025-09-08 14:37:22,258 - INFO - 读取文件: /Users/qiyuzheng/PycharmProjects/RPA/saika/ISF报表数据 (36).xlsx，包含 1 个工作表
2025-09-08 14:37:22,418 - INFO - 工作表 '宁波中景国际货运代理有限公司 ISF报表数据' 自动调整列名
2025-09-08 14:37:22,418 - INFO - 成功读取工作表 '宁波中景国际货运代理有限公司 ISF报表数据'，数据行数: 944
2025-09-08 14:37:22,419 - INFO - 成功处理文件: ISF报表数据 (36).xlsx，总行数: 944
2025-09-08 14:37:22,442 - INFO - 读取文件: /Users/qiyuzheng/PycharmProjects/RPA/saika/ISF报表数据 (73).xlsx，包含 1 个工作表
2025-09-08 14:37:22,458 - INFO - 工作表 '宁波中景国际货运代理有限公司 ISF报表数据' 自动调整列名
2025-09-08 14:37:22,458 - INFO - 成功读取工作表 '宁波中景国际货运代理有限公司 ISF报表数据'，数据行数: 50
2025-09-08 14:37:22,458 - INFO - 成功处理文件: ISF报表数据 (73).xlsx，总行数: 50
2025-09-08 14:37:22,462 - INFO - 读取文件: /Users/qiyuzheng/PycharmProjects/RPA/saika/ISF报表数据 (34).xlsx，包含 1 个工作表
2025-09-08 14:37:22,501 - INFO - 工作表 '宁波中景国际货运代理有限公司 ISF报表数据' 自动调整列名
2025-09-08 14:37:22,501 - INFO - 成功读取工作表 '宁波中景国际货运代理有限公司 ISF报表数据'，数据行数: 462
2025-09-08 14:37:22,501 - INFO - 成功处理文件: ISF报表数据 (34).xlsx，总行数: 462
2025-09-08 14:37:22,503 - INFO - 读取文件: /Users/qiyuzheng/PycharmProjects/RPA/saika/ISF报表数据 (71).xlsx，包含 1 个工作表
2025-09-08 14:37:22,511 - INFO - 工作表 '宁波中景国际货运代理有限公司 ISF报表数据' 自动调整列名
2025-09-08 14:37:22,511 - INFO - 成功读取工作表 '宁波中景国际货运代理有限公司 ISF报表数据'，数据行数: 50
2025-09-08 14:37:22,511 - INFO - 成功处理文件: ISF报表数据 (71).xlsx，总行数: 50
2025-09-08 14:37:22,513 - INFO - 读取文件: /Users/qiyuzheng/PycharmProjects/RPA/saika/ISF报表数据 (68).xlsx，包含 1 个工作表
2025-09-08 14:37:22,520 - INFO - 工作表 '宁波中景国际货运代理有限公司 ISF报表数据' 自动调整列名
2025-09-08 14:37:22,520 - INFO - 成功读取工作表 '宁波中景国际货运代理有限公司 ISF报表数据'，数据行数: 50
2025-09-08 14:37:22,520 - INFO - 成功处理文件: ISF报表数据 (68).xlsx，总行数: 50
2025-09-08 14:37:22,524 - INFO - 读取文件: /Users/qiyuzheng/PycharmProjects/RPA/saika/ISF报表数据 (55).xlsx，包含 1 个工作表
2025-09-08 14:37:22,532 - INFO - 工作表 '宁波中景国际货运代理有限公司 ISF报表数据' 自动调整列名
2025-09-08 14:37:22,532 - INFO - 成功读取工作表 '宁波中景国际货运代理有限公司 ISF报表数据'，数据行数: 50
2025-09-08 14:37:22,532 - INFO - 成功处理文件: ISF报表数据 (55).xlsx，总行数: 50
2025-09-08 14:37:22,537 - INFO - 读取文件: /Users/qiyuzheng/PycharmProjects/RPA/saika/ISF报表数据 (76).xlsx，包含 1 个工作表
2025-09-08 14:37:22,546 - INFO - 工作表 '宁波中景国际货运代理有限公司 ISF报表数据' 自动调整列名
2025-09-08 14:37:22,547 - INFO - 成功读取工作表 '宁波中景国际货运代理有限公司 ISF报表数据'，数据行数: 50
2025-09-08 14:37:22,547 - INFO - 成功处理文件: ISF报表数据 (76).xlsx，总行数: 50
2025-09-08 14:37:22,550 - INFO - 读取文件: /Users/qiyuzheng/PycharmProjects/RPA/saika/ISF报表数据 (52).xlsx，包含 1 个工作表
2025-09-08 14:37:22,558 - INFO - 工作表 '宁波中景国际货运代理有限公司 ISF报表数据' 自动调整列名
2025-09-08 14:37:22,558 - INFO - 成功读取工作表 '宁波中景国际货运代理有限公司 ISF报表数据'，数据行数: 50
2025-09-08 14:37:22,558 - INFO - 成功处理文件: ISF报表数据 (52).xlsx，总行数: 50
2025-09-08 14:37:22,560 - INFO - 读取文件: /Users/qiyuzheng/PycharmProjects/RPA/saika/ISF报表数据 (50).xlsx，包含 1 个工作表
2025-09-08 14:37:22,568 - INFO - 工作表 '宁波中景国际货运代理有限公司 ISF报表数据' 自动调整列名
2025-09-08 14:37:22,568 - INFO - 成功读取工作表 '宁波中景国际货运代理有限公司 ISF报表数据'，数据行数: 50
2025-09-08 14:37:22,568 - INFO - 成功处理文件: ISF报表数据 (50).xlsx，总行数: 50
2025-09-08 14:37:22,571 - INFO - 读取文件: /Users/qiyuzheng/PycharmProjects/RPA/saika/ISF报表数据 (49).xlsx，包含 1 个工作表
2025-09-08 14:37:22,577 - INFO - 工作表 '宁波中景国际货运代理有限公司 ISF报表数据' 自动调整列名
2025-09-08 14:37:22,577 - INFO - 成功读取工作表 '宁波中景国际货运代理有限公司 ISF报表数据'，数据行数: 50
2025-09-08 14:37:22,578 - INFO - 成功处理文件: ISF报表数据 (49).xlsx，总行数: 50
2025-09-08 14:37:22,580 - INFO - 读取文件: /Users/qiyuzheng/PycharmProjects/RPA/saika/ISF报表数据 (74).xlsx，包含 1 个工作表
2025-09-08 14:37:22,597 - INFO - 工作表 '宁波中景国际货运代理有限公司 ISF报表数据' 自动调整列名
2025-09-08 14:37:22,597 - INFO - 成功读取工作表 '宁波中景国际货运代理有限公司 ISF报表数据'，数据行数: 50
2025-09-08 14:37:22,598 - INFO - 成功处理文件: ISF报表数据 (74).xlsx，总行数: 50
2025-09-08 14:37:22,600 - INFO - 读取文件: /Users/qiyuzheng/PycharmProjects/RPA/saika/ISF报表数据 (70).xlsx，包含 1 个工作表
2025-09-08 14:37:22,607 - INFO - 工作表 '宁波中景国际货运代理有限公司 ISF报表数据' 自动调整列名
2025-09-08 14:37:22,607 - INFO - 成功读取工作表 '宁波中景国际货运代理有限公司 ISF报表数据'，数据行数: 50
2025-09-08 14:37:22,607 - INFO - 成功处理文件: ISF报表数据 (70).xlsx，总行数: 50
2025-09-08 14:37:22,609 - INFO - 读取文件: /Users/qiyuzheng/PycharmProjects/RPA/saika/ISF报表数据 (35).xlsx，包含 1 个工作表
2025-09-08 14:37:22,623 - INFO - 工作表 '宁波中景国际货运代理有限公司 ISF报表数据' 自动调整列名
2025-09-08 14:37:22,623 - INFO - 成功读取工作表 '宁波中景国际货运代理有限公司 ISF报表数据'，数据行数: 146
2025-09-08 14:37:22,623 - INFO - 成功处理文件: ISF报表数据 (35).xlsx，总行数: 146
2025-09-08 14:37:22,628 - INFO - 读取文件: /Users/qiyuzheng/PycharmProjects/RPA/saika/ISF报表数据 (54).xlsx，包含 1 个工作表
2025-09-08 14:37:22,642 - INFO - 工作表 '宁波中景国际货运代理有限公司 ISF报表数据' 自动调整列名
2025-09-08 14:37:22,642 - INFO - 成功读取工作表 '宁波中景国际货运代理有限公司 ISF报表数据'，数据行数: 50
2025-09-08 14:37:22,642 - INFO - 成功处理文件: ISF报表数据 (54).xlsx，总行数: 50
2025-09-08 14:37:22,645 - INFO - 读取文件: /Users/qiyuzheng/PycharmProjects/RPA/saika/ISF报表数据 (69).xlsx，包含 1 个工作表
2025-09-08 14:37:22,655 - INFO - 工作表 '宁波中景国际货运代理有限公司 ISF报表数据' 自动调整列名
2025-09-08 14:37:22,655 - INFO - 成功读取工作表 '宁波中景国际货运代理有限公司 ISF报表数据'，数据行数: 50
2025-09-08 14:37:22,656 - INFO - 成功处理文件: ISF报表数据 (69).xlsx，总行数: 50
2025-09-08 14:37:22,659 - INFO - 读取文件: /Users/qiyuzheng/PycharmProjects/RPA/saika/ISF报表数据 (56).xlsx，包含 1 个工作表
2025-09-08 14:37:22,668 - INFO - 工作表 '宁波中景国际货运代理有限公司 ISF报表数据' 自动调整列名
2025-09-08 14:37:22,669 - INFO - 成功读取工作表 '宁波中景国际货运代理有限公司 ISF报表数据'，数据行数: 50
2025-09-08 14:37:22,669 - INFO - 成功处理文件: ISF报表数据 (56).xlsx，总行数: 50
2025-09-08 14:37:22,671 - INFO - 读取文件: /Users/qiyuzheng/PycharmProjects/RPA/saika/ISF报表数据 (72).xlsx，包含 1 个工作表
2025-09-08 14:37:22,680 - INFO - 工作表 '宁波中景国际货运代理有限公司 ISF报表数据' 自动调整列名
2025-09-08 14:37:22,680 - INFO - 成功读取工作表 '宁波中景国际货运代理有限公司 ISF报表数据'，数据行数: 50
2025-09-08 14:37:22,680 - INFO - 成功处理文件: ISF报表数据 (72).xlsx，总行数: 50
2025-09-08 14:37:22,683 - INFO - 读取文件: /Users/qiyuzheng/PycharmProjects/RPA/saika/ISF报表数据 (37).xlsx，包含 1 个工作表
2025-09-08 14:37:22,749 - INFO - 工作表 '宁波中景国际货运代理有限公司 ISF报表数据' 自动调整列名
2025-09-08 14:37:22,749 - INFO - 成功读取工作表 '宁波中景国际货运代理有限公司 ISF报表数据'，数据行数: 761
2025-09-08 14:37:22,749 - INFO - 成功处理文件: ISF报表数据 (37).xlsx，总行数: 761
2025-09-08 14:37:22,752 - INFO - 成功合并所有数据，总行数: 5619
2025-09-08 14:37:23,420 - INFO - 合并后的数据已保存到: merged_excel_20250908_143721.xlsx
