2025-09-08 14:37:51,390 - INFO - 开始合并Excel文件，输入目录: /Users/qiyuzheng/PycharmProjects/RPA/saika
2025-09-08 14:37:51,391 - INFO - 找到 49 个Excel文件
2025-09-08 14:37:51,514 - INFO - 成功读取文件: /Users/qiyuzheng/PycharmProjects/RPA/saika/ISF报表数据 (43).xlsx, 行数: 50
2025-09-08 14:37:51,521 - INFO - 成功读取文件: /Users/qiyuzheng/PycharmProjects/RPA/saika/ISF报表数据 (67).xlsx, 行数: 50
2025-09-08 14:37:51,531 - INFO - 成功读取文件: /Users/qiyuzheng/PycharmProjects/RPA/saika/ISF报表数据 (65).xlsx, 行数: 50
2025-09-08 14:37:51,541 - INFO - 成功读取文件: /Users/qiyuzheng/PycharmProjects/RPA/saika/ISF报表数据 (58).xlsx, 行数: 43
2025-09-08 14:37:51,546 - INFO - 成功读取文件: /Users/qiyuzheng/PycharmProjects/RPA/saika/ISF报表数据 (81).xlsx, 行数: 17
2025-09-08 14:37:51,553 - INFO - 成功读取文件: /Users/qiyuzheng/PycharmProjects/RPA/saika/ISF报表数据 (39).xlsx, 行数: 50
2025-09-08 14:37:51,561 - INFO - 成功读取文件: /Users/qiyuzheng/PycharmProjects/RPA/saika/ISF报表数据 (41).xlsx, 行数: 50
2025-09-08 14:37:51,569 - INFO - 成功读取文件: /Users/qiyuzheng/PycharmProjects/RPA/saika/ISF报表数据 (78).xlsx, 行数: 50
2025-09-08 14:37:51,576 - INFO - 成功读取文件: /Users/qiyuzheng/PycharmProjects/RPA/saika/ISF报表数据 (45).xlsx, 行数: 50
2025-09-08 14:37:51,583 - INFO - 成功读取文件: /Users/qiyuzheng/PycharmProjects/RPA/saika/ISF报表数据 (61).xlsx, 行数: 50
2025-09-08 14:37:51,589 - INFO - 成功读取文件: /Users/qiyuzheng/PycharmProjects/RPA/saika/ISF报表数据 (63).xlsx, 行数: 50
2025-09-08 14:37:51,596 - INFO - 成功读取文件: /Users/qiyuzheng/PycharmProjects/RPA/saika/ISF报表数据 (47).xlsx, 行数: 50
2025-09-08 14:37:51,681 - INFO - 成功读取文件: /Users/qiyuzheng/PycharmProjects/RPA/saika/ISF报表数据 (59).xlsx, 行数: 647
2025-09-08 14:37:51,689 - INFO - 成功读取文件: /Users/qiyuzheng/PycharmProjects/RPA/saika/ISF报表数据 (64).xlsx, 行数: 50
2025-09-08 14:37:51,697 - INFO - 成功读取文件: /Users/qiyuzheng/PycharmProjects/RPA/saika/ISF报表数据 (40).xlsx, 行数: 50
2025-09-08 14:37:51,704 - INFO - 成功读取文件: /Users/qiyuzheng/PycharmProjects/RPA/saika/ISF报表数据 (80).xlsx, 行数: 50
2025-09-08 14:37:51,711 - INFO - 成功读取文件: /Users/qiyuzheng/PycharmProjects/RPA/saika/ISF报表数据 (38).xlsx, 行数: 50
2025-09-08 14:37:51,736 - INFO - 成功读取文件: /Users/qiyuzheng/PycharmProjects/RPA/saika/ISF报表数据 (82).xlsx, 行数: 286
2025-09-08 14:37:51,743 - INFO - 成功读取文件: /Users/qiyuzheng/PycharmProjects/RPA/saika/ISF报表数据 (42).xlsx, 行数: 50
2025-09-08 14:37:51,751 - INFO - 成功读取文件: /Users/qiyuzheng/PycharmProjects/RPA/saika/ISF报表数据 (66).xlsx, 行数: 50
2025-09-08 14:37:51,758 - INFO - 成功读取文件: /Users/qiyuzheng/PycharmProjects/RPA/saika/ISF报表数据 (62).xlsx, 行数: 50
2025-09-08 14:37:51,764 - INFO - 成功读取文件: /Users/qiyuzheng/PycharmProjects/RPA/saika/ISF报表数据 (46).xlsx, 行数: 50
2025-09-08 14:37:51,772 - INFO - 成功读取文件: /Users/qiyuzheng/PycharmProjects/RPA/saika/ISF报表数据 (44).xlsx, 行数: 50
2025-09-08 14:37:51,778 - INFO - 成功读取文件: /Users/qiyuzheng/PycharmProjects/RPA/saika/ISF报表数据 (79).xlsx, 行数: 50
2025-09-08 14:37:51,803 - INFO - 成功读取文件: /Users/qiyuzheng/PycharmProjects/RPA/saika/ISF报表数据 (60).xlsx, 行数: 313
2025-09-08 14:37:51,810 - INFO - 成功读取文件: /Users/qiyuzheng/PycharmProjects/RPA/saika/ISF报表数据 (51).xlsx, 行数: 50
2025-09-08 14:37:51,817 - INFO - 成功读取文件: /Users/qiyuzheng/PycharmProjects/RPA/saika/ISF报表数据 (75).xlsx, 行数: 50
2025-09-08 14:37:51,824 - INFO - 成功读取文件: /Users/qiyuzheng/PycharmProjects/RPA/saika/ISF报表数据 (48).xlsx, 行数: 50
2025-09-08 14:37:51,834 - INFO - 成功读取文件: /Users/qiyuzheng/PycharmProjects/RPA/saika/ISF报表数据 (77).xlsx, 行数: 50
2025-09-08 14:37:51,845 - INFO - 成功读取文件: /Users/qiyuzheng/PycharmProjects/RPA/saika/ISF报表数据 (53).xlsx, 行数: 50
2025-09-08 14:37:51,853 - INFO - 成功读取文件: /Users/qiyuzheng/PycharmProjects/RPA/saika/ISF报表数据 (57).xlsx, 行数: 50
2025-09-08 14:37:51,948 - INFO - 成功读取文件: /Users/qiyuzheng/PycharmProjects/RPA/saika/ISF报表数据 (36).xlsx, 行数: 944
2025-09-08 14:37:51,955 - INFO - 成功读取文件: /Users/qiyuzheng/PycharmProjects/RPA/saika/ISF报表数据 (73).xlsx, 行数: 50
2025-09-08 14:37:51,991 - INFO - 成功读取文件: /Users/qiyuzheng/PycharmProjects/RPA/saika/ISF报表数据 (34).xlsx, 行数: 462
2025-09-08 14:37:51,997 - INFO - 成功读取文件: /Users/qiyuzheng/PycharmProjects/RPA/saika/ISF报表数据 (71).xlsx, 行数: 50
2025-09-08 14:37:52,004 - INFO - 成功读取文件: /Users/qiyuzheng/PycharmProjects/RPA/saika/ISF报表数据 (68).xlsx, 行数: 50
2025-09-08 14:37:52,011 - INFO - 成功读取文件: /Users/qiyuzheng/PycharmProjects/RPA/saika/ISF报表数据 (55).xlsx, 行数: 50
2025-09-08 14:37:52,018 - INFO - 成功读取文件: /Users/qiyuzheng/PycharmProjects/RPA/saika/ISF报表数据 (76).xlsx, 行数: 50
2025-09-08 14:37:52,026 - INFO - 成功读取文件: /Users/qiyuzheng/PycharmProjects/RPA/saika/ISF报表数据 (52).xlsx, 行数: 50
2025-09-08 14:37:52,039 - INFO - 成功读取文件: /Users/qiyuzheng/PycharmProjects/RPA/saika/ISF报表数据 (50).xlsx, 行数: 50
2025-09-08 14:37:52,048 - INFO - 成功读取文件: /Users/qiyuzheng/PycharmProjects/RPA/saika/ISF报表数据 (49).xlsx, 行数: 50
2025-09-08 14:37:52,057 - INFO - 成功读取文件: /Users/qiyuzheng/PycharmProjects/RPA/saika/ISF报表数据 (74).xlsx, 行数: 50
2025-09-08 14:37:52,066 - INFO - 成功读取文件: /Users/qiyuzheng/PycharmProjects/RPA/saika/ISF报表数据 (70).xlsx, 行数: 50
2025-09-08 14:37:52,112 - INFO - 成功读取文件: /Users/qiyuzheng/PycharmProjects/RPA/saika/ISF报表数据 (35).xlsx, 行数: 146
2025-09-08 14:37:52,121 - INFO - 成功读取文件: /Users/qiyuzheng/PycharmProjects/RPA/saika/ISF报表数据 (54).xlsx, 行数: 50
2025-09-08 14:37:52,132 - INFO - 成功读取文件: /Users/qiyuzheng/PycharmProjects/RPA/saika/ISF报表数据 (69).xlsx, 行数: 50
2025-09-08 14:37:52,142 - INFO - 成功读取文件: /Users/qiyuzheng/PycharmProjects/RPA/saika/ISF报表数据 (56).xlsx, 行数: 50
2025-09-08 14:37:52,151 - INFO - 成功读取文件: /Users/qiyuzheng/PycharmProjects/RPA/saika/ISF报表数据 (72).xlsx, 行数: 50
2025-09-08 14:37:52,207 - INFO - 成功读取文件: /Users/qiyuzheng/PycharmProjects/RPA/saika/ISF报表数据 (37).xlsx, 行数: 761
2025-09-08 14:37:52,209 - INFO - 合并前总记录数: 5619
2025-09-08 14:37:52,212 - INFO - 去重后记录数: 5619
2025-09-08 14:37:52,212 - INFO - 移除的重复记录数: 0
2025-09-08 14:37:52,759 - INFO - 合并后的数据已保存到: 合并后的ISF报表数据_20250908_143751.xlsx
2025-09-08 14:37:52,760 - INFO - 合并报告已生成: /Users/qiyuzheng/PycharmProjects/RPA/合并报告.txt
